[0.0s] bp2_2026-09-15_10-26-21_ProbeB:ProbeB:restart_qc: START validate existing Kilosort output
[0.0s] bp2_2026-09-15_10-26-21_ProbeB:ProbeB:restart_qc: Kilosort output: C:\Users\jordan\Desktop\mouse_arena_recordings\bp2_2026-09-15_10-26-21\Record Node 101\experiment1\recording1\continuous\Neuropix-PXI-100.ProbeB\spikeinterface_output\kilosort4
[0.0s] bp2_2026-09-15_10-26-21_ProbeB:ProbeB:restart_qc: DONE validate existing Kilosort output in 0.0s
[0.0s] bp2_2026-09-15_10-26-21_ProbeB:ProbeB:restart_qc: START archive existing QC outputs
[0.0s] bp2_2026-09-15_10-26-21_ProbeB:ProbeB:restart_qc: archive analyzer
[0.0s] bp2_2026-09-15_10-26-21_ProbeB:ProbeB:restart_qc: archive quality_metrics.csv
[0.0s] bp2_2026-09-15_10-26-21_ProbeB:ProbeB:restart_qc: archive template_metrics.csv
[0.0s] bp2_2026-09-15_10-26-21_ProbeB:ProbeB:restart_qc: archive unit_summary.csv
[0.0s] bp2_2026-09-15_10-26-21_ProbeB:ProbeB:restart_qc: archive summary.json
[0.0s] bp2_2026-09-15_10-26-21_ProbeB:ProbeB:restart_qc: archive manifest.json
[0.0s] bp2_2026-09-15_10-26-21_ProbeB:ProbeB:restart_qc: archive phy
[0.0s] bp2_2026-09-15_10-26-21_ProbeB:ProbeB:restart_qc: archive unitrefine
[0.0s] bp2_2026-09-15_10-26-21_ProbeB:ProbeB:restart_qc: archive report
[0.1s] bp2_2026-09-15_10-26-21_ProbeB:ProbeB:restart_qc: archived previous QC outputs: C:\Users\jordan\Desktop\mouse_arena_recordings\bp2_2026-09-15_10-26-21\Record Node 101\experiment1\recording1\continuous\Neuropix-PXI-100.ProbeB\spikeinterface_output\qc_archive\20260917_225002
[0.1s] bp2_2026-09-15_10-26-21_ProbeB:ProbeB:restart_qc: DONE archive existing QC outputs in 0.1s
[0.1s] bp2_2026-09-15_10-26-21_ProbeB:ProbeB:restart_qc: START rebuild preprocessed recording view
[1.5s] bp2_2026-09-15_10-26-21_ProbeB:ProbeB:restart_qc: recording: 384 channels, 1908.2s, 30000.0 Hz
[1.5s] bp2_2026-09-15_10-26-21_ProbeB:ProbeB:restart_qc: DONE rebuild preprocessed recording view in 1.4s
[1.5s] bp2_2026-09-15_10-26-21_ProbeB:ProbeB:restart_qc: START load Kilosort sorting and compute analyzer
[2.2s] bp2_2026-09-15_10-26-21_ProbeB:ProbeB:restart_qc: Kilosort units: 91
[35m42s] bp2_2026-09-15_10-26-21_ProbeB:ProbeB:restart_qc: SortingAnalyzer job kwargs: chunk_duration=1s, n_jobs=8, progress_bar=True; multiprocessing fallback_n_jobs=2
[35m42s] bp2_2026-09-15_10-26-21_ProbeB:ProbeB:restart_qc: compute analyzer extension: random_spikes
[35m42s] bp2_2026-09-15_10-26-21_ProbeB:ProbeB:restart_qc: compute analyzer extension: waveforms
[54m12s] bp2_2026-09-15_10-26-21_ProbeB:ProbeB:restart_qc: compute analyzer extension: templates
[54m12s] bp2_2026-09-15_10-26-21_ProbeB:ProbeB:restart_qc: compute analyzer extension: noise_levels
[54m50s] bp2_2026-09-15_10-26-21_ProbeB:ProbeB:restart_qc: compute analyzer extension: spike_amplitudes
[1h28m17s] bp2_2026-09-15_10-26-21_ProbeB:ProbeB:restart_qc: compute analyzer extension: unit_locations
[1h28m17s] bp2_2026-09-15_10-26-21_ProbeB:ProbeB:restart_qc: compute analyzer extension: spike_locations
[2h00m46s] bp2_2026-09-15_10-26-21_ProbeB:ProbeB:restart_qc: compute analyzer extension: principal_components
[2h14m30s] bp2_2026-09-15_10-26-21_ProbeB:ProbeB:restart_qc: compute analyzer extension: correlograms
[2h14m31s] bp2_2026-09-15_10-26-21_ProbeB:ProbeB:restart_qc: compute analyzer extension: isi_histograms
[2h14m31s] bp2_2026-09-15_10-26-21_ProbeB:ProbeB:restart_qc: compute analyzer extension: quality_metrics
[2h50m26s] bp2_2026-09-15_10-26-21_ProbeB:ProbeB:restart_qc: compute analyzer extension: template_metrics
[2h50m27s] bp2_2026-09-15_10-26-21_ProbeB:ProbeB:restart_qc: DONE load Kilosort sorting and compute analyzer in 2h50m26s
[2h50m27s] bp2_2026-09-15_10-26-21_ProbeB:ProbeB:restart_qc: START export metrics and reports
[2h50m34s] bp2_2026-09-15_10-26-21_ProbeB:ProbeB:restart_qc: DONE export metrics and reports in 7.0s
[2h50m34s] bp2_2026-09-15_10-26-21_ProbeB:ProbeB:restart_qc: START export Phy
[2h50m34s] bp2_2026-09-15_10-26-21_ProbeB:ProbeB:restart_qc: Phy export will reuse existing analyzer extension: spike_amplitudes
[2h50m34s] bp2_2026-09-15_10-26-21_ProbeB:ProbeB:restart_qc: Phy export will skip pc_features.npy because qc.phy_compute_pc_features=false
Run:
phy template-gui  C:\Users\jordan\Desktop\mouse_arena_recordings\bp2_2026-09-15_10-26-21\Record Node 101\experiment1\recording1\continuous\Neuropix-PXI-100.ProbeB\spikeinterface_output\phy\params.py
[2h50m44s] bp2_2026-09-15_10-26-21_ProbeB:ProbeB:restart_qc: Phy dat_path patched to original recording: C:\Users\jordan\Desktop\mouse_arena_recordings\bp2_2026-09-15_10-26-21\Record Node 101\experiment1\recording1\continuous\Neuropix-PXI-100.ProbeB\continuous.dat
[2h50m44s] bp2_2026-09-15_10-26-21_ProbeB:ProbeB:restart_qc: wrote Phy UnitRefine TSVs: cluster_unitrefine_label.tsv, cluster_unitrefine_probability.tsv
[2h50m44s] bp2_2026-09-15_10-26-21_ProbeB:ProbeB:restart_qc: DONE export Phy in 10.3s
bp2_2026-09-15_10-26-21_ProbeB | ProbeB | complete
