[0.0s] jlh62_2026-07-14_15-30-14_ProbeA:ProbeA: START verify raw backup
[0.1s] jlh62_2026-07-14_15-30-14_ProbeA:ProbeA: raw backup verified: \\denmanlab\s2\mouse_arena_recordings\jlh62_2026-07-14_15-30-14
[0.1s] jlh62_2026-07-14_15-30-14_ProbeA:ProbeA: DONE verify raw backup in 0.1s
[0.1s] jlh62_2026-07-14_15-30-14_ProbeA:ProbeA: START initialize output and registry
[0.2s] jlh62_2026-07-14_15-30-14_ProbeA:ProbeA: DONE initialize output and registry in 0.0s
[0.2s] jlh62_2026-07-14_15-30-14_ProbeA:ProbeA: START load Open Ephys recording and probe map
[1.4s] jlh62_2026-07-14_15-30-14_ProbeA:ProbeA: recording: 384 channels, 2163.9s, 30000.0 Hz
[1.4s] jlh62_2026-07-14_15-30-14_ProbeA:ProbeA: DONE load Open Ephys recording and probe map in 1.2s
[1.4s] jlh62_2026-07-14_15-30-14_ProbeA:ProbeA: START validate geometry and compute hashes
[1.4s] jlh62_2026-07-14_15-30-14_ProbeA:ProbeA: DONE validate geometry and compute hashes in 0.0s
[1.4s] jlh62_2026-07-14_15-30-14_ProbeA:ProbeA: START apply Neuropixels phase shift
[1.4s] jlh62_2026-07-14_15-30-14_ProbeA:ProbeA: phase_shift applied
[1.4s] jlh62_2026-07-14_15-30-14_ProbeA:ProbeA: DONE apply Neuropixels phase shift in 0.0s
[1.4s] jlh62_2026-07-14_15-30-14_ProbeA:ProbeA: START apply SpikeInterface CAR and plot traces
[3.5s] jlh62_2026-07-14_15-30-14_ProbeA:ProbeA: CAR operator=median; pre/post CAR plot: C:\Users\jordan\Desktop\mouse_arena_recordings\jlh62_2026-07-14_15-30-14\Record Node 101\experiment1\recording1\continuous\Neuropix-PXI-100.ProbeA\spikeinterface_output\report\figures\pre_post_car_traces.png
[3.5s] jlh62_2026-07-14_15-30-14_ProbeA:ProbeA: DONE apply SpikeInterface CAR and plot traces in 2.1s
[3.5s] jlh62_2026-07-14_15-30-14_ProbeA:ProbeA: START apply high-pass filter
[3.5s] jlh62_2026-07-14_15-30-14_ProbeA:ProbeA: highpass_filter applied: freq_min=300 Hz
[3.5s] jlh62_2026-07-14_15-30-14_ProbeA:ProbeA: DONE apply high-pass filter in 0.0s
[3.5s] jlh62_2026-07-14_15-30-14_ProbeA:ProbeA: START detect bad channels
[43.1s] jlh62_2026-07-14_15-30-14_ProbeA:ProbeA: bad channels detected: 44; excluded from sorting: 0
[43.1s] jlh62_2026-07-14_15-30-14_ProbeA:ProbeA: DONE detect bad channels in 39.6s
[43.1s] jlh62_2026-07-14_15-30-14_ProbeA:ProbeA: START optional SpikeInterface motion correction
[43.1s] jlh62_2026-07-14_15-30-14_ProbeA:ProbeA: using Kilosort4 drift correction
[43.1s] jlh62_2026-07-14_15-30-14_ProbeA:ProbeA: DONE optional SpikeInterface motion correction in 0.0s
[43.1s] jlh62_2026-07-14_15-30-14_ProbeA:ProbeA: START prepare Kilosort4 parameters
[43.1s] jlh62_2026-07-14_15-30-14_ProbeA:ProbeA: Kilosort4 preprocessing: do_CAR=False, do_correction=True, bad_channels=0
[43.2s] jlh62_2026-07-14_15-30-14_ProbeA:ProbeA: DONE prepare Kilosort4 parameters in 0.1s
[43.2s] jlh62_2026-07-14_15-30-14_ProbeA:ProbeA: START run Kilosort4
Skipping common average reference.
kilosort4 run time 1050.44s
[53m41s] jlh62_2026-07-14_15-30-14_ProbeA:ProbeA: Kilosort4 units: 133
[53m41s] jlh62_2026-07-14_15-30-14_ProbeA:ProbeA: DONE run Kilosort4 in 52m58s
[53m41s] jlh62_2026-07-14_15-30-14_ProbeA:ProbeA: START compute SortingAnalyzer extensions
[1h36m48s] jlh62_2026-07-14_15-30-14_ProbeA:ProbeA: SortingAnalyzer job kwargs: chunk_duration=1s, n_jobs=8, progress_bar=True; multiprocessing fallback_n_jobs=2
[1h36m48s] jlh62_2026-07-14_15-30-14_ProbeA:ProbeA: compute analyzer extension: random_spikes
[1h36m48s] jlh62_2026-07-14_15-30-14_ProbeA:ProbeA: compute analyzer extension: waveforms
[2h01m07s] jlh62_2026-07-14_15-30-14_ProbeA:ProbeA: compute analyzer extension: templates
[2h01m08s] jlh62_2026-07-14_15-30-14_ProbeA:ProbeA: compute analyzer extension: noise_levels
[2h01m50s] jlh62_2026-07-14_15-30-14_ProbeA:ProbeA: compute analyzer extension: spike_amplitudes
[2h43m50s] jlh62_2026-07-14_15-30-14_ProbeA:ProbeA: compute analyzer extension: unit_locations
[2h43m51s] jlh62_2026-07-14_15-30-14_ProbeA:ProbeA: compute analyzer extension: spike_locations
[3h25m29s] jlh62_2026-07-14_15-30-14_ProbeA:ProbeA: compute analyzer extension: principal_components
[3h46m16s] jlh62_2026-07-14_15-30-14_ProbeA:ProbeA: compute analyzer extension: correlograms
[3h46m17s] jlh62_2026-07-14_15-30-14_ProbeA:ProbeA: compute analyzer extension: isi_histograms
[3h46m17s] jlh62_2026-07-14_15-30-14_ProbeA:ProbeA: compute analyzer extension: quality_metrics
[4h31m50s] jlh62_2026-07-14_15-30-14_ProbeA:ProbeA: compute analyzer extension: template_metrics
[4h31m51s] jlh62_2026-07-14_15-30-14_ProbeA:ProbeA: DONE compute SortingAnalyzer extensions in 3h38m09s
[4h31m51s] jlh62_2026-07-14_15-30-14_ProbeA:ProbeA: START export metrics and static report
[4h31m57s] jlh62_2026-07-14_15-30-14_ProbeA:ProbeA: DONE export metrics and static report in 6.5s
[4h31m57s] jlh62_2026-07-14_15-30-14_ProbeA:ProbeA: START export Phy
[4h31m57s] jlh62_2026-07-14_15-30-14_ProbeA:ProbeA: Phy export will reuse existing analyzer extension: spike_amplitudes
[4h31m57s] jlh62_2026-07-14_15-30-14_ProbeA:ProbeA: Phy export will skip pc_features.npy because qc.phy_compute_pc_features=false
Run:
phy template-gui  C:\Users\jordan\Desktop\mouse_arena_recordings\jlh62_2026-07-14_15-30-14\Record Node 101\experiment1\recording1\continuous\Neuropix-PXI-100.ProbeA\spikeinterface_output\phy\params.py
[4h32m08s] jlh62_2026-07-14_15-30-14_ProbeA:ProbeA: Phy dat_path patched to original recording: C:\Users\jordan\Desktop\mouse_arena_recordings\jlh62_2026-07-14_15-30-14\Record Node 101\experiment1\recording1\continuous\Neuropix-PXI-100.ProbeA\continuous.dat
[4h32m08s] jlh62_2026-07-14_15-30-14_ProbeA:ProbeA: wrote Phy UnitRefine TSVs: cluster_unitrefine_label.tsv, cluster_unitrefine_probability.tsv
[4h32m08s] jlh62_2026-07-14_15-30-14_ProbeA:ProbeA: DONE export Phy in 10.6s
[4h32m08s] jlh62_2026-07-14_15-30-14_ProbeA:ProbeA: START finalize manifest and registry
[4h32m08s] jlh62_2026-07-14_15-30-14_ProbeA:ProbeA: DONE finalize manifest and registry in 0.2s
[4h32m08s] jlh62_2026-07-14_15-30-14_ProbeA:ProbeA: START backup completed outputs
[4h32m08s] jlh62_2026-07-14_15-30-14_ProbeA:ProbeA: generated-output backup disabled
[4h32m08s] jlh62_2026-07-14_15-30-14_ProbeA:ProbeA: full local recording archive disabled
[4h32m08s] jlh62_2026-07-14_15-30-14_ProbeA:ProbeA: DONE backup completed outputs in 0.0s
jlh62_2026-07-14_15-30-14_ProbeA | ProbeA | complete
