[0.0s] jlh60_2026-07-01_14-11-02_visualstim_ProbeA:ProbeA: START verify raw backup
[0.1s] jlh60_2026-07-01_14-11-02_visualstim_ProbeA:ProbeA: raw backup verified: \\denmanlab\s2\mouse_arena_recordings\jlh60_2026-07-01_14-11-02_visualstim
[0.1s] jlh60_2026-07-01_14-11-02_visualstim_ProbeA:ProbeA: DONE verify raw backup in 0.1s
[0.1s] jlh60_2026-07-01_14-11-02_visualstim_ProbeA:ProbeA: START initialize output and registry
[0.2s] jlh60_2026-07-01_14-11-02_visualstim_ProbeA:ProbeA: DONE initialize output and registry in 0.0s
[0.2s] jlh60_2026-07-01_14-11-02_visualstim_ProbeA:ProbeA: START load Open Ephys recording and probe map
[0.8s] jlh60_2026-07-01_14-11-02_visualstim_ProbeA:ProbeA: recording: 384 channels, 486.2s, 30000.0 Hz
[0.8s] jlh60_2026-07-01_14-11-02_visualstim_ProbeA:ProbeA: DONE load Open Ephys recording and probe map in 0.6s
[0.8s] jlh60_2026-07-01_14-11-02_visualstim_ProbeA:ProbeA: START validate geometry and compute hashes
[0.8s] jlh60_2026-07-01_14-11-02_visualstim_ProbeA:ProbeA: DONE validate geometry and compute hashes in 0.0s
[0.8s] jlh60_2026-07-01_14-11-02_visualstim_ProbeA:ProbeA: START apply Neuropixels phase shift
[0.8s] jlh60_2026-07-01_14-11-02_visualstim_ProbeA:ProbeA: phase_shift applied
[0.8s] jlh60_2026-07-01_14-11-02_visualstim_ProbeA:ProbeA: DONE apply Neuropixels phase shift in 0.0s
[0.8s] jlh60_2026-07-01_14-11-02_visualstim_ProbeA:ProbeA: START apply SpikeInterface CAR and plot traces
[3.0s] jlh60_2026-07-01_14-11-02_visualstim_ProbeA:ProbeA: CAR operator=median; pre/post CAR plot: C:\Users\jordan\Desktop\mouse_arena_recordings\jlh60_2026-07-01_14-11-02_visualstim\Record Node 101\experiment1\recording1\continuous\Neuropix-PXI-100.ProbeA\spikeinterface_output\report\figures\pre_post_car_traces.png
[3.0s] jlh60_2026-07-01_14-11-02_visualstim_ProbeA:ProbeA: DONE apply SpikeInterface CAR and plot traces in 2.2s
[3.0s] jlh60_2026-07-01_14-11-02_visualstim_ProbeA:ProbeA: START apply high-pass filter
[3.0s] jlh60_2026-07-01_14-11-02_visualstim_ProbeA:ProbeA: highpass_filter applied: freq_min=300 Hz
[3.0s] jlh60_2026-07-01_14-11-02_visualstim_ProbeA:ProbeA: DONE apply high-pass filter in 0.0s
[3.0s] jlh60_2026-07-01_14-11-02_visualstim_ProbeA:ProbeA: START detect bad channels
[43.4s] jlh60_2026-07-01_14-11-02_visualstim_ProbeA:ProbeA: bad channels detected: 107; excluded from sorting: 0
[43.4s] jlh60_2026-07-01_14-11-02_visualstim_ProbeA:ProbeA: DONE detect bad channels in 40.5s
[43.4s] jlh60_2026-07-01_14-11-02_visualstim_ProbeA:ProbeA: START optional SpikeInterface motion correction
[43.4s] jlh60_2026-07-01_14-11-02_visualstim_ProbeA:ProbeA: using Kilosort4 drift correction
[43.4s] jlh60_2026-07-01_14-11-02_visualstim_ProbeA:ProbeA: DONE optional SpikeInterface motion correction in 0.0s
[43.4s] jlh60_2026-07-01_14-11-02_visualstim_ProbeA:ProbeA: START prepare Kilosort4 parameters
[43.4s] jlh60_2026-07-01_14-11-02_visualstim_ProbeA:ProbeA: Kilosort4 preprocessing: do_CAR=False, do_correction=True, bad_channels=0
[43.7s] jlh60_2026-07-01_14-11-02_visualstim_ProbeA:ProbeA: DONE prepare Kilosort4 parameters in 0.2s
[43.7s] jlh60_2026-07-01_14-11-02_visualstim_ProbeA:ProbeA: START run Kilosort4
Skipping common average reference.
kilosort4 run time 298.10s
[13m49s] jlh60_2026-07-01_14-11-02_visualstim_ProbeA:ProbeA: Kilosort4 units: 193
[13m49s] jlh60_2026-07-01_14-11-02_visualstim_ProbeA:ProbeA: DONE run Kilosort4 in 13m05s
[13m49s] jlh60_2026-07-01_14-11-02_visualstim_ProbeA:ProbeA: START compute SortingAnalyzer extensions
[26m25s] jlh60_2026-07-01_14-11-02_visualstim_ProbeA:ProbeA: SortingAnalyzer job kwargs: chunk_duration=1s, n_jobs=8, progress_bar=True; multiprocessing fallback_n_jobs=2
[26m25s] jlh60_2026-07-01_14-11-02_visualstim_ProbeA:ProbeA: compute analyzer extension: random_spikes
[26m25s] jlh60_2026-07-01_14-11-02_visualstim_ProbeA:ProbeA: compute analyzer extension: waveforms
[32m43s] jlh60_2026-07-01_14-11-02_visualstim_ProbeA:ProbeA: compute analyzer extension: templates
[32m44s] jlh60_2026-07-01_14-11-02_visualstim_ProbeA:ProbeA: compute analyzer extension: noise_levels
[33m23s] jlh60_2026-07-01_14-11-02_visualstim_ProbeA:ProbeA: compute analyzer extension: spike_amplitudes
[36m54s] jlh60_2026-07-01_14-11-02_visualstim_ProbeA:ProbeA: compute analyzer extension: unit_locations
[36m57s] jlh60_2026-07-01_14-11-02_visualstim_ProbeA:ProbeA: compute analyzer extension: spike_locations
[46m10s] jlh60_2026-07-01_14-11-02_visualstim_ProbeA:ProbeA: compute analyzer extension: principal_components
[1h17m57s] jlh60_2026-07-01_14-11-02_visualstim_ProbeA:ProbeA: FAILED compute SortingAnalyzer extensions after 1h04m07s
