[0.0s] jlh62_2026-07-29_12-14-13_ProbeB:ProbeB: START verify raw backup
[0.1s] jlh62_2026-07-29_12-14-13_ProbeB:ProbeB: raw backup verified: \\denmanlab\s2\mouse_arena_recordings\jlh62_2026-07-29_12-14-13
[0.2s] jlh62_2026-07-29_12-14-13_ProbeB:ProbeB: DONE verify raw backup in 0.2s
[0.2s] jlh62_2026-07-29_12-14-13_ProbeB:ProbeB: START initialize output and registry
[0.2s] jlh62_2026-07-29_12-14-13_ProbeB:ProbeB: DONE initialize output and registry in 0.0s
[0.2s] jlh62_2026-07-29_12-14-13_ProbeB:ProbeB: START load Open Ephys recording and probe map
[1.5s] jlh62_2026-07-29_12-14-13_ProbeB:ProbeB: recording: 384 channels, 2123.7s, 30000.0 Hz
[1.5s] jlh62_2026-07-29_12-14-13_ProbeB:ProbeB: DONE load Open Ephys recording and probe map in 1.3s
[1.5s] jlh62_2026-07-29_12-14-13_ProbeB:ProbeB: START validate geometry and compute hashes
[1.5s] jlh62_2026-07-29_12-14-13_ProbeB:ProbeB: DONE validate geometry and compute hashes in 0.0s
[1.5s] jlh62_2026-07-29_12-14-13_ProbeB:ProbeB: START apply Neuropixels phase shift
[1.5s] jlh62_2026-07-29_12-14-13_ProbeB:ProbeB: phase_shift applied
[1.5s] jlh62_2026-07-29_12-14-13_ProbeB:ProbeB: DONE apply Neuropixels phase shift in 0.0s
[1.5s] jlh62_2026-07-29_12-14-13_ProbeB:ProbeB: START apply SpikeInterface CAR and plot traces
[3.7s] jlh62_2026-07-29_12-14-13_ProbeB:ProbeB: CAR operator=median; pre/post CAR plot: C:\Users\jordan\Desktop\mouse_arena_recordings\jlh62_2026-07-29_12-14-13\Record Node 101\experiment1\recording1\continuous\Neuropix-PXI-100.ProbeB\spikeinterface_output\report\figures\pre_post_car_traces.png
[3.7s] jlh62_2026-07-29_12-14-13_ProbeB:ProbeB: DONE apply SpikeInterface CAR and plot traces in 2.2s
[3.7s] jlh62_2026-07-29_12-14-13_ProbeB:ProbeB: START apply high-pass filter
[3.7s] jlh62_2026-07-29_12-14-13_ProbeB:ProbeB: highpass_filter applied: freq_min=300 Hz
[3.7s] jlh62_2026-07-29_12-14-13_ProbeB:ProbeB: DONE apply high-pass filter in 0.0s
[3.7s] jlh62_2026-07-29_12-14-13_ProbeB:ProbeB: START detect bad channels
[43.5s] jlh62_2026-07-29_12-14-13_ProbeB:ProbeB: bad channels detected: 377; excluded from sorting: 0
[43.5s] jlh62_2026-07-29_12-14-13_ProbeB:ProbeB: DONE detect bad channels in 39.8s
[43.5s] jlh62_2026-07-29_12-14-13_ProbeB:ProbeB: START optional SpikeInterface motion correction
[43.5s] jlh62_2026-07-29_12-14-13_ProbeB:ProbeB: using Kilosort4 drift correction
[43.5s] jlh62_2026-07-29_12-14-13_ProbeB:ProbeB: DONE optional SpikeInterface motion correction in 0.0s
[43.5s] jlh62_2026-07-29_12-14-13_ProbeB:ProbeB: START prepare Kilosort4 parameters
[43.5s] jlh62_2026-07-29_12-14-13_ProbeB:ProbeB: Kilosort4 preprocessing: do_CAR=False, do_correction=True, bad_channels=0
[43.8s] jlh62_2026-07-29_12-14-13_ProbeB:ProbeB: DONE prepare Kilosort4 parameters in 0.2s
[43.8s] jlh62_2026-07-29_12-14-13_ProbeB:ProbeB: START run Kilosort4
Skipping common average reference.
kilosort4 run time 1218.41s
[57m01s] jlh62_2026-07-29_12-14-13_ProbeB:ProbeB: Kilosort4 units: 220
[57m01s] jlh62_2026-07-29_12-14-13_ProbeB:ProbeB: DONE run Kilosort4 in 56m17s
[57m01s] jlh62_2026-07-29_12-14-13_ProbeB:ProbeB: START compute SortingAnalyzer extensions
[1h46m20s] jlh62_2026-07-29_12-14-13_ProbeB:ProbeB: SortingAnalyzer job kwargs: chunk_duration=1s, n_jobs=8, progress_bar=True; multiprocessing fallback_n_jobs=2
[1h46m20s] jlh62_2026-07-29_12-14-13_ProbeB:ProbeB: compute analyzer extension: random_spikes
[1h46m20s] jlh62_2026-07-29_12-14-13_ProbeB:ProbeB: compute analyzer extension: waveforms
[2h10m51s] jlh62_2026-07-29_12-14-13_ProbeB:ProbeB: compute analyzer extension: templates
[2h10m52s] jlh62_2026-07-29_12-14-13_ProbeB:ProbeB: compute analyzer extension: noise_levels
[2h11m38s] jlh62_2026-07-29_12-14-13_ProbeB:ProbeB: compute analyzer extension: spike_amplitudes
[2h51m23s] jlh62_2026-07-29_12-14-13_ProbeB:ProbeB: compute analyzer extension: unit_locations
[2h51m33s] jlh62_2026-07-29_12-14-13_ProbeB:ProbeB: compute analyzer extension: spike_locations
[2h52m29s] jlh62_2026-07-29_12-14-13_ProbeB:ProbeB: spike_locations failed with multiprocessing error ([Errno 22] Invalid argument); retrying with chunk_duration=1s, n_jobs=2, progress_bar=True
[2h52m29s] jlh62_2026-07-29_12-14-13_ProbeB:ProbeB: SpikeInterface could not delete partial spike_locations; removing extension folder
[3h42m09s] jlh62_2026-07-29_12-14-13_ProbeB:ProbeB: using fallback SortingAnalyzer job kwargs for remaining extensions: chunk_duration=1s, n_jobs=2, progress_bar=True
[3h42m09s] jlh62_2026-07-29_12-14-13_ProbeB:ProbeB: compute analyzer extension: principal_components
