[0.0s] jlh62_2026-08-07_14-27-45_ProbeB:ProbeB: START verify raw backup
[0.1s] jlh62_2026-08-07_14-27-45_ProbeB:ProbeB: raw backup verified: \\denmanlab\s2\mouse_arena_recordings\jlh62_2026-08-07_14-27-45
[0.1s] jlh62_2026-08-07_14-27-45_ProbeB:ProbeB: DONE verify raw backup in 0.1s
[0.1s] jlh62_2026-08-07_14-27-45_ProbeB:ProbeB: START initialize output and registry
[0.2s] jlh62_2026-08-07_14-27-45_ProbeB:ProbeB: DONE initialize output and registry in 0.0s
[0.2s] jlh62_2026-08-07_14-27-45_ProbeB:ProbeB: START load Open Ephys recording and probe map
[1.4s] jlh62_2026-08-07_14-27-45_ProbeB:ProbeB: recording: 384 channels, 2122.0s, 30000.0 Hz
[1.4s] jlh62_2026-08-07_14-27-45_ProbeB:ProbeB: DONE load Open Ephys recording and probe map in 1.2s
[1.4s] jlh62_2026-08-07_14-27-45_ProbeB:ProbeB: START validate geometry and compute hashes
[1.4s] jlh62_2026-08-07_14-27-45_ProbeB:ProbeB: DONE validate geometry and compute hashes in 0.0s
[1.4s] jlh62_2026-08-07_14-27-45_ProbeB:ProbeB: START apply Neuropixels phase shift
[1.4s] jlh62_2026-08-07_14-27-45_ProbeB:ProbeB: phase_shift applied
[1.4s] jlh62_2026-08-07_14-27-45_ProbeB:ProbeB: DONE apply Neuropixels phase shift in 0.0s
[1.4s] jlh62_2026-08-07_14-27-45_ProbeB:ProbeB: START apply SpikeInterface CAR and plot traces
[3.6s] jlh62_2026-08-07_14-27-45_ProbeB:ProbeB: CAR operator=median; pre/post CAR plot: C:\Users\jordan\Desktop\mouse_arena_recordings\jlh62_2026-08-07_14-27-45\Record Node 101\experiment1\recording1\continuous\Neuropix-PXI-100.ProbeB\spikeinterface_output\report\figures\pre_post_car_traces.png
[3.6s] jlh62_2026-08-07_14-27-45_ProbeB:ProbeB: DONE apply SpikeInterface CAR and plot traces in 2.2s
[3.6s] jlh62_2026-08-07_14-27-45_ProbeB:ProbeB: START apply high-pass filter
[3.6s] jlh62_2026-08-07_14-27-45_ProbeB:ProbeB: highpass_filter applied: freq_min=300 Hz
[3.6s] jlh62_2026-08-07_14-27-45_ProbeB:ProbeB: DONE apply high-pass filter in 0.0s
[3.6s] jlh62_2026-08-07_14-27-45_ProbeB:ProbeB: START detect bad channels
[41.1s] jlh62_2026-08-07_14-27-45_ProbeB:ProbeB: bad channels detected: 377; excluded from sorting: 0
[41.1s] jlh62_2026-08-07_14-27-45_ProbeB:ProbeB: DONE detect bad channels in 37.5s
[41.1s] jlh62_2026-08-07_14-27-45_ProbeB:ProbeB: START optional SpikeInterface motion correction
[41.1s] jlh62_2026-08-07_14-27-45_ProbeB:ProbeB: using Kilosort4 drift correction
[41.1s] jlh62_2026-08-07_14-27-45_ProbeB:ProbeB: DONE optional SpikeInterface motion correction in 0.0s
[41.1s] jlh62_2026-08-07_14-27-45_ProbeB:ProbeB: START prepare Kilosort4 parameters
[41.1s] jlh62_2026-08-07_14-27-45_ProbeB:ProbeB: Kilosort4 preprocessing: do_CAR=False, do_correction=True, bad_channels=0
[41.3s] jlh62_2026-08-07_14-27-45_ProbeB:ProbeB: DONE prepare Kilosort4 parameters in 0.3s
[41.3s] jlh62_2026-08-07_14-27-45_ProbeB:ProbeB: START run Kilosort4
Skipping common average reference.
kilosort4 run time 1086.03s
[52m48s] jlh62_2026-08-07_14-27-45_ProbeB:ProbeB: Kilosort4 units: 161
[52m48s] jlh62_2026-08-07_14-27-45_ProbeB:ProbeB: DONE run Kilosort4 in 52m06s
[52m48s] jlh62_2026-08-07_14-27-45_ProbeB:ProbeB: START compute SortingAnalyzer extensions
[1h35m48s] jlh62_2026-08-07_14-27-45_ProbeB:ProbeB: SortingAnalyzer job kwargs: chunk_duration=1s, n_jobs=8, progress_bar=True; multiprocessing fallback_n_jobs=2
[1h35m48s] jlh62_2026-08-07_14-27-45_ProbeB:ProbeB: compute analyzer extension: random_spikes
[1h35m48s] jlh62_2026-08-07_14-27-45_ProbeB:ProbeB: compute analyzer extension: waveforms
[1h58m57s] jlh62_2026-08-07_14-27-45_ProbeB:ProbeB: compute analyzer extension: templates
[1h58m58s] jlh62_2026-08-07_14-27-45_ProbeB:ProbeB: compute analyzer extension: noise_levels
[1h59m36s] jlh62_2026-08-07_14-27-45_ProbeB:ProbeB: compute analyzer extension: spike_amplitudes
[2h36m43s] jlh62_2026-08-07_14-27-45_ProbeB:ProbeB: compute analyzer extension: unit_locations
[2h36m52s] jlh62_2026-08-07_14-27-45_ProbeB:ProbeB: compute analyzer extension: spike_locations
[3h15m02s] jlh62_2026-08-07_14-27-45_ProbeB:ProbeB: compute analyzer extension: principal_components
[3h40m00s] jlh62_2026-08-07_14-27-45_ProbeB:ProbeB: compute analyzer extension: correlograms
[3h40m02s] jlh62_2026-08-07_14-27-45_ProbeB:ProbeB: compute analyzer extension: isi_histograms
[3h40m02s] jlh62_2026-08-07_14-27-45_ProbeB:ProbeB: compute analyzer extension: quality_metrics
[4h45m28s] jlh62_2026-08-07_14-27-45_ProbeB:ProbeB: compute analyzer extension: template_metrics
[4h45m30s] jlh62_2026-08-07_14-27-45_ProbeB:ProbeB: DONE compute SortingAnalyzer extensions in 3h52m41s
[4h45m30s] jlh62_2026-08-07_14-27-45_ProbeB:ProbeB: START export metrics and static report
[4h45m38s] jlh62_2026-08-07_14-27-45_ProbeB:ProbeB: DONE export metrics and static report in 7.9s
[4h45m38s] jlh62_2026-08-07_14-27-45_ProbeB:ProbeB: START export Phy
[4h45m38s] jlh62_2026-08-07_14-27-45_ProbeB:ProbeB: Phy export will reuse existing analyzer extension: spike_amplitudes
[4h45m38s] jlh62_2026-08-07_14-27-45_ProbeB:ProbeB: Phy export will skip pc_features.npy because qc.phy_compute_pc_features=false
Run:
phy template-gui  C:\Users\jordan\Desktop\mouse_arena_recordings\jlh62_2026-08-07_14-27-45\Record Node 101\experiment1\recording1\continuous\Neuropix-PXI-100.ProbeB\spikeinterface_output\phy\params.py
[4h45m49s] jlh62_2026-08-07_14-27-45_ProbeB:ProbeB: Phy dat_path patched to original recording: C:\Users\jordan\Desktop\mouse_arena_recordings\jlh62_2026-08-07_14-27-45\Record Node 101\experiment1\recording1\continuous\Neuropix-PXI-100.ProbeB\continuous.dat
[4h45m49s] jlh62_2026-08-07_14-27-45_ProbeB:ProbeB: wrote Phy UnitRefine TSVs: cluster_unitrefine_label.tsv, cluster_unitrefine_probability.tsv
[4h45m49s] jlh62_2026-08-07_14-27-45_ProbeB:ProbeB: DONE export Phy in 11.1s
[4h45m49s] jlh62_2026-08-07_14-27-45_ProbeB:ProbeB: START finalize manifest and registry
[4h45m49s] jlh62_2026-08-07_14-27-45_ProbeB:ProbeB: DONE finalize manifest and registry in 0.1s
[4h45m49s] jlh62_2026-08-07_14-27-45_ProbeB:ProbeB: START backup completed outputs
[4h45m49s] jlh62_2026-08-07_14-27-45_ProbeB:ProbeB: generated-output backup disabled
[4h45m49s] jlh62_2026-08-07_14-27-45_ProbeB:ProbeB: full local recording archive disabled
[4h45m49s] jlh62_2026-08-07_14-27-45_ProbeB:ProbeB: DONE backup completed outputs in 0.0s
jlh62_2026-08-07_14-27-45_ProbeB | ProbeB | complete
