[0.0s] jlh62_2026-07-09_14-33-13_ProbeA:ProbeA: START verify raw backup
[0.1s] jlh62_2026-07-09_14-33-13_ProbeA:ProbeA: raw backup verified: \\denmanlab\s2\mouse_arena_recordings\jlh62_2026-07-09_14-33-13
[0.1s] jlh62_2026-07-09_14-33-13_ProbeA:ProbeA: DONE verify raw backup in 0.1s
[0.1s] jlh62_2026-07-09_14-33-13_ProbeA:ProbeA: START initialize output and registry
[0.2s] jlh62_2026-07-09_14-33-13_ProbeA:ProbeA: DONE initialize output and registry in 0.0s
[0.2s] jlh62_2026-07-09_14-33-13_ProbeA:ProbeA: START load Open Ephys recording and probe map
[1.3s] jlh62_2026-07-09_14-33-13_ProbeA:ProbeA: recording: 384 channels, 1850.9s, 30000.0 Hz
[1.3s] jlh62_2026-07-09_14-33-13_ProbeA:ProbeA: DONE load Open Ephys recording and probe map in 1.1s
[1.3s] jlh62_2026-07-09_14-33-13_ProbeA:ProbeA: START validate geometry and compute hashes
[1.3s] jlh62_2026-07-09_14-33-13_ProbeA:ProbeA: DONE validate geometry and compute hashes in 0.0s
[1.3s] jlh62_2026-07-09_14-33-13_ProbeA:ProbeA: START apply Neuropixels phase shift
[1.3s] jlh62_2026-07-09_14-33-13_ProbeA:ProbeA: phase_shift applied
[1.3s] jlh62_2026-07-09_14-33-13_ProbeA:ProbeA: DONE apply Neuropixels phase shift in 0.0s
[1.3s] jlh62_2026-07-09_14-33-13_ProbeA:ProbeA: START apply SpikeInterface CAR and plot traces
[3.6s] jlh62_2026-07-09_14-33-13_ProbeA:ProbeA: CAR operator=median; pre/post CAR plot: C:\Users\jordan\Desktop\mouse_arena_recordings\jlh62_2026-07-09_14-33-13\Record Node 101\experiment1\recording1\continuous\Neuropix-PXI-100.ProbeA\spikeinterface_output\report\figures\pre_post_car_traces.png
[3.6s] jlh62_2026-07-09_14-33-13_ProbeA:ProbeA: DONE apply SpikeInterface CAR and plot traces in 2.3s
[3.6s] jlh62_2026-07-09_14-33-13_ProbeA:ProbeA: START apply high-pass filter
[3.6s] jlh62_2026-07-09_14-33-13_ProbeA:ProbeA: highpass_filter applied: freq_min=300 Hz
[3.6s] jlh62_2026-07-09_14-33-13_ProbeA:ProbeA: DONE apply high-pass filter in 0.0s
[3.6s] jlh62_2026-07-09_14-33-13_ProbeA:ProbeA: START detect bad channels
[47.8s] jlh62_2026-07-09_14-33-13_ProbeA:ProbeA: bad channels detected: 16; excluded from sorting: 0
[47.8s] jlh62_2026-07-09_14-33-13_ProbeA:ProbeA: DONE detect bad channels in 44.2s
[47.8s] jlh62_2026-07-09_14-33-13_ProbeA:ProbeA: START optional SpikeInterface motion correction
[47.8s] jlh62_2026-07-09_14-33-13_ProbeA:ProbeA: using Kilosort4 drift correction
[47.8s] jlh62_2026-07-09_14-33-13_ProbeA:ProbeA: DONE optional SpikeInterface motion correction in 0.0s
[47.8s] jlh62_2026-07-09_14-33-13_ProbeA:ProbeA: START prepare Kilosort4 parameters
[47.8s] jlh62_2026-07-09_14-33-13_ProbeA:ProbeA: Kilosort4 preprocessing: do_CAR=False, do_correction=True, bad_channels=0
[47.9s] jlh62_2026-07-09_14-33-13_ProbeA:ProbeA: DONE prepare Kilosort4 parameters in 0.1s
[47.9s] jlh62_2026-07-09_14-33-13_ProbeA:ProbeA: START run Kilosort4
Skipping common average reference.
kilosort4 run time 940.94s
[46m47s] jlh62_2026-07-09_14-33-13_ProbeA:ProbeA: Kilosort4 units: 250
[46m47s] jlh62_2026-07-09_14-33-13_ProbeA:ProbeA: DONE run Kilosort4 in 45m59s
[46m47s] jlh62_2026-07-09_14-33-13_ProbeA:ProbeA: START compute SortingAnalyzer extensions
[1h32m34s] jlh62_2026-07-09_14-33-13_ProbeA:ProbeA: SortingAnalyzer job kwargs: chunk_duration=1s, n_jobs=8, progress_bar=True; multiprocessing fallback_n_jobs=2
[1h32m34s] jlh62_2026-07-09_14-33-13_ProbeA:ProbeA: compute analyzer extension: random_spikes
[1h32m34s] jlh62_2026-07-09_14-33-13_ProbeA:ProbeA: compute analyzer extension: waveforms
[1h54m38s] jlh62_2026-07-09_14-33-13_ProbeA:ProbeA: compute analyzer extension: templates
[1h54m40s] jlh62_2026-07-09_14-33-13_ProbeA:ProbeA: compute analyzer extension: noise_levels
[1h55m18s] jlh62_2026-07-09_14-33-13_ProbeA:ProbeA: compute analyzer extension: spike_amplitudes
[2h07m00s] jlh62_2026-07-09_14-33-13_ProbeA:ProbeA: compute analyzer extension: unit_locations
[2h07m03s] jlh62_2026-07-09_14-33-13_ProbeA:ProbeA: compute analyzer extension: spike_locations
[2h40m33s] jlh62_2026-07-09_14-33-13_ProbeA:ProbeA: compute analyzer extension: principal_components
[3h19m21s] jlh62_2026-07-09_14-33-13_ProbeA:ProbeA: compute analyzer extension: correlograms
[3h19m23s] jlh62_2026-07-09_14-33-13_ProbeA:ProbeA: compute analyzer extension: isi_histograms
[3h19m24s] jlh62_2026-07-09_14-33-13_ProbeA:ProbeA: compute analyzer extension: quality_metrics
[5h03m55s] jlh62_2026-07-09_14-33-13_ProbeA:ProbeA: compute analyzer extension: template_metrics
[5h03m57s] jlh62_2026-07-09_14-33-13_ProbeA:ProbeA: DONE compute SortingAnalyzer extensions in 4h17m10s
[5h03m57s] jlh62_2026-07-09_14-33-13_ProbeA:ProbeA: START export metrics and static report
[5h04m05s] jlh62_2026-07-09_14-33-13_ProbeA:ProbeA: DONE export metrics and static report in 7.6s
[5h04m05s] jlh62_2026-07-09_14-33-13_ProbeA:ProbeA: START export Phy
[5h04m05s] jlh62_2026-07-09_14-33-13_ProbeA:ProbeA: Phy export will reuse existing analyzer extension: spike_amplitudes
[5h04m05s] jlh62_2026-07-09_14-33-13_ProbeA:ProbeA: Phy export will skip pc_features.npy because qc.phy_compute_pc_features=false
Run:
phy template-gui  C:\Users\jordan\Desktop\mouse_arena_recordings\jlh62_2026-07-09_14-33-13\Record Node 101\experiment1\recording1\continuous\Neuropix-PXI-100.ProbeA\spikeinterface_output\phy\params.py
[5h04m15s] jlh62_2026-07-09_14-33-13_ProbeA:ProbeA: Phy dat_path patched to original recording: C:\Users\jordan\Desktop\mouse_arena_recordings\jlh62_2026-07-09_14-33-13\Record Node 101\experiment1\recording1\continuous\Neuropix-PXI-100.ProbeA\continuous.dat
[5h04m15s] jlh62_2026-07-09_14-33-13_ProbeA:ProbeA: wrote Phy UnitRefine TSVs: cluster_unitrefine_label.tsv, cluster_unitrefine_probability.tsv
[5h04m15s] jlh62_2026-07-09_14-33-13_ProbeA:ProbeA: DONE export Phy in 10.9s
[5h04m15s] jlh62_2026-07-09_14-33-13_ProbeA:ProbeA: START finalize manifest and registry
[5h04m16s] jlh62_2026-07-09_14-33-13_ProbeA:ProbeA: DONE finalize manifest and registry in 0.1s
[5h04m16s] jlh62_2026-07-09_14-33-13_ProbeA:ProbeA: START backup completed outputs
[5h04m16s] jlh62_2026-07-09_14-33-13_ProbeA:ProbeA: generated-output backup disabled
[5h04m16s] jlh62_2026-07-09_14-33-13_ProbeA:ProbeA: full local recording archive disabled
[5h04m16s] jlh62_2026-07-09_14-33-13_ProbeA:ProbeA: DONE backup completed outputs in 0.0s
jlh62_2026-07-09_14-33-13_ProbeA | ProbeA | complete
