[0.0s] jlh62_2026-07-22_11-48-56_ProbeA:ProbeA: START verify raw backup
[0.1s] jlh62_2026-07-22_11-48-56_ProbeA:ProbeA: raw backup verified: \\denmanlab\s2\mouse_arena_recordings\jlh62_2026-07-22_11-48-56
[0.1s] jlh62_2026-07-22_11-48-56_ProbeA:ProbeA: DONE verify raw backup in 0.1s
[0.1s] jlh62_2026-07-22_11-48-56_ProbeA:ProbeA: START initialize output and registry
[0.2s] jlh62_2026-07-22_11-48-56_ProbeA:ProbeA: DONE initialize output and registry in 0.0s
[0.2s] jlh62_2026-07-22_11-48-56_ProbeA:ProbeA: START load Open Ephys recording and probe map
[1.2s] jlh62_2026-07-22_11-48-56_ProbeA:ProbeA: recording: 384 channels, 1001.2s, 30000.0 Hz
[1.2s] jlh62_2026-07-22_11-48-56_ProbeA:ProbeA: DONE load Open Ephys recording and probe map in 1.0s
[1.2s] jlh62_2026-07-22_11-48-56_ProbeA:ProbeA: START validate geometry and compute hashes
[1.2s] jlh62_2026-07-22_11-48-56_ProbeA:ProbeA: DONE validate geometry and compute hashes in 0.0s
[1.2s] jlh62_2026-07-22_11-48-56_ProbeA:ProbeA: START apply Neuropixels phase shift
[1.2s] jlh62_2026-07-22_11-48-56_ProbeA:ProbeA: phase_shift applied
[1.2s] jlh62_2026-07-22_11-48-56_ProbeA:ProbeA: DONE apply Neuropixels phase shift in 0.0s
[1.2s] jlh62_2026-07-22_11-48-56_ProbeA:ProbeA: START apply SpikeInterface CAR and plot traces
[3.4s] jlh62_2026-07-22_11-48-56_ProbeA:ProbeA: CAR operator=median; pre/post CAR plot: C:\Users\jordan\Desktop\mouse_arena_recordings\jlh62_2026-07-22_11-48-56\Record Node 101\experiment1\recording1\continuous\Neuropix-PXI-100.ProbeA\spikeinterface_output\report\figures\pre_post_car_traces.png
[3.4s] jlh62_2026-07-22_11-48-56_ProbeA:ProbeA: DONE apply SpikeInterface CAR and plot traces in 2.2s
[3.4s] jlh62_2026-07-22_11-48-56_ProbeA:ProbeA: START apply high-pass filter
[3.4s] jlh62_2026-07-22_11-48-56_ProbeA:ProbeA: highpass_filter applied: freq_min=300 Hz
[3.4s] jlh62_2026-07-22_11-48-56_ProbeA:ProbeA: DONE apply high-pass filter in 0.0s
[3.4s] jlh62_2026-07-22_11-48-56_ProbeA:ProbeA: START detect bad channels
[42.2s] jlh62_2026-07-22_11-48-56_ProbeA:ProbeA: bad channels detected: 384; excluded from sorting: 0
[42.2s] jlh62_2026-07-22_11-48-56_ProbeA:ProbeA: DONE detect bad channels in 38.8s
[42.2s] jlh62_2026-07-22_11-48-56_ProbeA:ProbeA: START optional SpikeInterface motion correction
[42.2s] jlh62_2026-07-22_11-48-56_ProbeA:ProbeA: using Kilosort4 drift correction
[42.2s] jlh62_2026-07-22_11-48-56_ProbeA:ProbeA: DONE optional SpikeInterface motion correction in 0.0s
[42.2s] jlh62_2026-07-22_11-48-56_ProbeA:ProbeA: START prepare Kilosort4 parameters
[42.2s] jlh62_2026-07-22_11-48-56_ProbeA:ProbeA: Kilosort4 preprocessing: do_CAR=False, do_correction=True, bad_channels=0
[43.0s] jlh62_2026-07-22_11-48-56_ProbeA:ProbeA: DONE prepare Kilosort4 parameters in 0.8s
[43.0s] jlh62_2026-07-22_11-48-56_ProbeA:ProbeA: START run Kilosort4
Skipping common average reference.
kilosort4 run time 478.82s
[25m24s] jlh62_2026-07-22_11-48-56_ProbeA:ProbeA: Kilosort4 units: 99
[25m24s] jlh62_2026-07-22_11-48-56_ProbeA:ProbeA: DONE run Kilosort4 in 24m41s
[25m24s] jlh62_2026-07-22_11-48-56_ProbeA:ProbeA: START compute SortingAnalyzer extensions
[47m52s] jlh62_2026-07-22_11-48-56_ProbeA:ProbeA: SortingAnalyzer job kwargs: chunk_duration=1s, n_jobs=8, progress_bar=True; multiprocessing fallback_n_jobs=2
[47m52s] jlh62_2026-07-22_11-48-56_ProbeA:ProbeA: compute analyzer extension: random_spikes
[47m52s] jlh62_2026-07-22_11-48-56_ProbeA:ProbeA: compute analyzer extension: waveforms
[59m26s] jlh62_2026-07-22_11-48-56_ProbeA:ProbeA: compute analyzer extension: templates
[59m27s] jlh62_2026-07-22_11-48-56_ProbeA:ProbeA: compute analyzer extension: noise_levels
[1h00m09s] jlh62_2026-07-22_11-48-56_ProbeA:ProbeA: compute analyzer extension: spike_amplitudes
[1h20m13s] jlh62_2026-07-22_11-48-56_ProbeA:ProbeA: compute analyzer extension: unit_locations
[1h20m13s] jlh62_2026-07-22_11-48-56_ProbeA:ProbeA: compute analyzer extension: spike_locations
[1h38m59s] jlh62_2026-07-22_11-48-56_ProbeA:ProbeA: compute analyzer extension: principal_components
[1h57m34s] jlh62_2026-07-22_11-48-56_ProbeA:ProbeA: compute analyzer extension: correlograms
[1h57m35s] jlh62_2026-07-22_11-48-56_ProbeA:ProbeA: compute analyzer extension: isi_histograms
[1h57m35s] jlh62_2026-07-22_11-48-56_ProbeA:ProbeA: compute analyzer extension: quality_metrics
[2h34m26s] jlh62_2026-07-22_11-48-56_ProbeA:ProbeA: compute analyzer extension: template_metrics
[2h34m27s] jlh62_2026-07-22_11-48-56_ProbeA:ProbeA: DONE compute SortingAnalyzer extensions in 2h09m03s
[2h34m27s] jlh62_2026-07-22_11-48-56_ProbeA:ProbeA: START export metrics and static report
[2h34m34s] jlh62_2026-07-22_11-48-56_ProbeA:ProbeA: DONE export metrics and static report in 6.3s
[2h34m34s] jlh62_2026-07-22_11-48-56_ProbeA:ProbeA: START export Phy
[2h34m34s] jlh62_2026-07-22_11-48-56_ProbeA:ProbeA: Phy export will reuse existing analyzer extension: spike_amplitudes
[2h34m34s] jlh62_2026-07-22_11-48-56_ProbeA:ProbeA: Phy export will skip pc_features.npy because qc.phy_compute_pc_features=false
Run:
phy template-gui  C:\Users\jordan\Desktop\mouse_arena_recordings\jlh62_2026-07-22_11-48-56\Record Node 101\experiment1\recording1\continuous\Neuropix-PXI-100.ProbeA\spikeinterface_output\phy\params.py
[2h34m45s] jlh62_2026-07-22_11-48-56_ProbeA:ProbeA: Phy dat_path patched to original recording: C:\Users\jordan\Desktop\mouse_arena_recordings\jlh62_2026-07-22_11-48-56\Record Node 101\experiment1\recording1\continuous\Neuropix-PXI-100.ProbeA\continuous.dat
[2h34m45s] jlh62_2026-07-22_11-48-56_ProbeA:ProbeA: wrote Phy UnitRefine TSVs: cluster_unitrefine_label.tsv, cluster_unitrefine_probability.tsv
[2h34m45s] jlh62_2026-07-22_11-48-56_ProbeA:ProbeA: DONE export Phy in 11.1s
[2h34m45s] jlh62_2026-07-22_11-48-56_ProbeA:ProbeA: START finalize manifest and registry
[2h34m45s] jlh62_2026-07-22_11-48-56_ProbeA:ProbeA: DONE finalize manifest and registry in 0.2s
[2h34m45s] jlh62_2026-07-22_11-48-56_ProbeA:ProbeA: START backup completed outputs
[2h34m45s] jlh62_2026-07-22_11-48-56_ProbeA:ProbeA: generated-output backup disabled
[2h34m45s] jlh62_2026-07-22_11-48-56_ProbeA:ProbeA: full local recording archive disabled
[2h34m45s] jlh62_2026-07-22_11-48-56_ProbeA:ProbeA: DONE backup completed outputs in 0.0s
jlh62_2026-07-22_11-48-56_ProbeA | ProbeA | complete
