[0.0s] jlh62_2026-07-13_11-27-00_ProbeA:ProbeA: START verify raw backup
[0.1s] jlh62_2026-07-13_11-27-00_ProbeA:ProbeA: raw backup verified: \\denmanlab\s2\mouse_arena_recordings\jlh62_2026-07-13_11-27-00
[0.1s] jlh62_2026-07-13_11-27-00_ProbeA:ProbeA: DONE verify raw backup in 0.1s
[0.1s] jlh62_2026-07-13_11-27-00_ProbeA:ProbeA: START initialize output and registry
[0.1s] jlh62_2026-07-13_11-27-00_ProbeA:ProbeA: DONE initialize output and registry in 0.0s
[0.2s] jlh62_2026-07-13_11-27-00_ProbeA:ProbeA: START load Open Ephys recording and probe map
[2.3s] jlh62_2026-07-13_11-27-00_ProbeA:ProbeA: recording: 384 channels, 2180.6s, 30000.0 Hz
[2.3s] jlh62_2026-07-13_11-27-00_ProbeA:ProbeA: DONE load Open Ephys recording and probe map in 2.2s
[2.3s] jlh62_2026-07-13_11-27-00_ProbeA:ProbeA: START validate geometry and compute hashes
[2.3s] jlh62_2026-07-13_11-27-00_ProbeA:ProbeA: DONE validate geometry and compute hashes in 0.0s
[2.3s] jlh62_2026-07-13_11-27-00_ProbeA:ProbeA: START apply Neuropixels phase shift
[2.3s] jlh62_2026-07-13_11-27-00_ProbeA:ProbeA: phase_shift applied
[2.3s] jlh62_2026-07-13_11-27-00_ProbeA:ProbeA: DONE apply Neuropixels phase shift in 0.0s
[2.3s] jlh62_2026-07-13_11-27-00_ProbeA:ProbeA: START apply SpikeInterface CAR and plot traces
[4.7s] jlh62_2026-07-13_11-27-00_ProbeA:ProbeA: CAR operator=median; pre/post CAR plot: D:\jlh62_2026-07-13_11-27-00\Record Node 101\experiment1\recording1\continuous\Neuropix-PXI-100.ProbeA\spikeinterface_output\report\figures\pre_post_car_traces.png
[4.7s] jlh62_2026-07-13_11-27-00_ProbeA:ProbeA: DONE apply SpikeInterface CAR and plot traces in 2.3s
[4.7s] jlh62_2026-07-13_11-27-00_ProbeA:ProbeA: START apply high-pass filter
[4.7s] jlh62_2026-07-13_11-27-00_ProbeA:ProbeA: highpass_filter applied: freq_min=300 Hz
[4.7s] jlh62_2026-07-13_11-27-00_ProbeA:ProbeA: DONE apply high-pass filter in 0.0s
[4.7s] jlh62_2026-07-13_11-27-00_ProbeA:ProbeA: START detect bad channels
[49.3s] jlh62_2026-07-13_11-27-00_ProbeA:ProbeA: bad channels detected: 19; excluded from sorting: 0
[49.3s] jlh62_2026-07-13_11-27-00_ProbeA:ProbeA: DONE detect bad channels in 44.6s
[49.3s] jlh62_2026-07-13_11-27-00_ProbeA:ProbeA: START optional SpikeInterface motion correction
[49.3s] jlh62_2026-07-13_11-27-00_ProbeA:ProbeA: using Kilosort4 drift correction
[49.3s] jlh62_2026-07-13_11-27-00_ProbeA:ProbeA: DONE optional SpikeInterface motion correction in 0.0s
[49.3s] jlh62_2026-07-13_11-27-00_ProbeA:ProbeA: START prepare Kilosort4 parameters
[49.3s] jlh62_2026-07-13_11-27-00_ProbeA:ProbeA: Kilosort4 preprocessing: do_CAR=False, do_correction=True, bad_channels=0
[49.5s] jlh62_2026-07-13_11-27-00_ProbeA:ProbeA: DONE prepare Kilosort4 parameters in 0.2s
[49.5s] jlh62_2026-07-13_11-27-00_ProbeA:ProbeA: START run Kilosort4
Skipping common average reference.
kilosort4 run time 1348.31s
[1h01m58s] jlh62_2026-07-13_11-27-00_ProbeA:ProbeA: Kilosort4 units: 126
[1h01m58s] jlh62_2026-07-13_11-27-00_ProbeA:ProbeA: DONE run Kilosort4 in 1h01m08s
[1h01m58s] jlh62_2026-07-13_11-27-00_ProbeA:ProbeA: START compute SortingAnalyzer extensions
[1h51m17s] jlh62_2026-07-13_11-27-00_ProbeA:ProbeA: SortingAnalyzer job kwargs: chunk_duration=1s, n_jobs=8, progress_bar=True; multiprocessing fallback_n_jobs=2
[1h51m17s] jlh62_2026-07-13_11-27-00_ProbeA:ProbeA: compute analyzer extension: random_spikes
[1h51m17s] jlh62_2026-07-13_11-27-00_ProbeA:ProbeA: compute analyzer extension: waveforms
[2h15m03s] jlh62_2026-07-13_11-27-00_ProbeA:ProbeA: compute analyzer extension: templates
[2h15m03s] jlh62_2026-07-13_11-27-00_ProbeA:ProbeA: compute analyzer extension: noise_levels
[2h15m48s] jlh62_2026-07-13_11-27-00_ProbeA:ProbeA: compute analyzer extension: spike_amplitudes
[2h56m09s] jlh62_2026-07-13_11-27-00_ProbeA:ProbeA: compute analyzer extension: unit_locations
[2h56m10s] jlh62_2026-07-13_11-27-00_ProbeA:ProbeA: compute analyzer extension: spike_locations
[3h35m08s] jlh62_2026-07-13_11-27-00_ProbeA:ProbeA: compute analyzer extension: principal_components
[3h57m30s] jlh62_2026-07-13_11-27-00_ProbeA:ProbeA: compute analyzer extension: correlograms
[3h57m31s] jlh62_2026-07-13_11-27-00_ProbeA:ProbeA: compute analyzer extension: isi_histograms
[3h57m31s] jlh62_2026-07-13_11-27-00_ProbeA:ProbeA: compute analyzer extension: quality_metrics
[4h50m04s] jlh62_2026-07-13_11-27-00_ProbeA:ProbeA: compute analyzer extension: template_metrics
[4h50m05s] jlh62_2026-07-13_11-27-00_ProbeA:ProbeA: DONE compute SortingAnalyzer extensions in 3h48m07s
[4h50m05s] jlh62_2026-07-13_11-27-00_ProbeA:ProbeA: START export metrics and static report
[4h50m12s] jlh62_2026-07-13_11-27-00_ProbeA:ProbeA: DONE export metrics and static report in 7.0s
[4h50m12s] jlh62_2026-07-13_11-27-00_ProbeA:ProbeA: START export Phy
[4h50m12s] jlh62_2026-07-13_11-27-00_ProbeA:ProbeA: Phy export will reuse existing analyzer extension: spike_amplitudes
[4h50m12s] jlh62_2026-07-13_11-27-00_ProbeA:ProbeA: Phy export will skip pc_features.npy because qc.phy_compute_pc_features=false
Run:
phy template-gui  D:\jlh62_2026-07-13_11-27-00\Record Node 101\experiment1\recording1\continuous\Neuropix-PXI-100.ProbeA\spikeinterface_output\phy\params.py
[4h50m23s] jlh62_2026-07-13_11-27-00_ProbeA:ProbeA: Phy dat_path patched to original recording: D:\jlh62_2026-07-13_11-27-00\Record Node 101\experiment1\recording1\continuous\Neuropix-PXI-100.ProbeA\continuous.dat
[4h50m23s] jlh62_2026-07-13_11-27-00_ProbeA:ProbeA: wrote Phy UnitRefine TSVs: cluster_unitrefine_label.tsv, cluster_unitrefine_probability.tsv
[4h50m23s] jlh62_2026-07-13_11-27-00_ProbeA:ProbeA: DONE export Phy in 11.3s
[4h50m24s] jlh62_2026-07-13_11-27-00_ProbeA:ProbeA: START finalize manifest and registry
[4h50m24s] jlh62_2026-07-13_11-27-00_ProbeA:ProbeA: DONE finalize manifest and registry in 0.1s
[4h50m24s] jlh62_2026-07-13_11-27-00_ProbeA:ProbeA: START backup completed outputs
[4h50m24s] jlh62_2026-07-13_11-27-00_ProbeA:ProbeA: generated-output backup disabled
[4h50m24s] jlh62_2026-07-13_11-27-00_ProbeA:ProbeA: full local recording archive disabled
[4h50m24s] jlh62_2026-07-13_11-27-00_ProbeA:ProbeA: DONE backup completed outputs in 0.0s
jlh62_2026-07-13_11-27-00_ProbeA | ProbeA | complete
