{"logTime": "0717/193834", "correlationVector":"AkpKKuzBwLSg9saXNE0peu.1","action":"SyncServerConnectionManagerRequest", "result":"SYNC_SERVER_OK", "context":{"environment":"Prod_centralus_prod-s01-068-nam-centralus", "migrationStage":"NotStarted", "server":"akswtt00600001u"}}
{"logTime": "0717/193834", "correlationVector":"AkpKKuzBwLSg9saXNE0peu.2","action":"ProcessGetUpdates", "result":"Done", "context":{"dataType":"Encryption Keys", "deleted":"0", "process_failed_to_decrypt":"0", "process_pending_decryption":"0", "process_success":"1", "total":"1"}}
{"logTime": "0717/193835", "correlationVector":"vEnJHQQ3K0VVMDeFOokyBF","action":"SyncServerConnectionManagerRequest", "result":"SYNC_SERVER_OK", "context":{"environment":"", "migrationStage":"", "server":""}}
{"logTime": "0717/193835", "correlationVector":"vEnJHQQ3K0VVMDeFOokyBF.0","action":"EncryptionKeysFetcher.DownloadKeys:", "result":"Success", "context":Key count: 10, Last key timestamp: 2026-06-09T18:04:21Z}
{"logTime": "0717/193835", "correlationVector":"vEnJHQQ3K0VVMDeFOokyBF.1","action":"EncryptionKeysManager::SetEncryptionKeys:", "result":"Success", "context":Key names[10]:[tdjssUmZOjtYGahU133lNr9dWtwRkGYEUnHOLMS5qTqh9VQdNpe44n6LjtN3X2ZtcDIF62n6iEw1CqTSX35obw==][xg9qZLzsrrKR+KrgSmL/932yKh5oEpCoKF/drqmKHi1s44CpVWXPsVzSbSgZwZlfP6vaT0/ZFwJQrpdldshtIA==][Giz6HgXVTgllxcGWzPoNc14UCc+MR67r04dwwMAQgTo1eaaKRjr83XqO6WN6Wvr4O9k3gzKMOqe5mJs+7iBHRg==][4V1kNN0e5zyRZwSY4KD84AOwNBY66LO+yDG9AOpwJ8lEyWaysvc/0OepaIJFeUso+hdmAQuo1m+obVAjLmzX4g==][kOUQUD8hmqFNxTn1Z636hhp8Cc6WK8K8yewKnWWqJiqlUVWs3Zy1tt/oerFvqIXOsUg06QnAxwDJqWpGDfdjcA==][hB+IZZV+AnkHTgBYkMyHYDiyG8/V3XIdhzQP3b9bolEUr3it0PiBvdhoamCneIkDRmPISRTbfa9PPEvekiNTiA==][i46mNkcxINjG6mY1T27dzG+8tgB76HSq6EARvi6m6Bx8151PXKce8SnEWocZyQgdzlpchgWgoEe9JGqxP1KiMA==][OcXu6gtCf3FLlh+Bey6MDl++C4i/vfqLLjPdQbsRvws4kIEaVQmxQTWzfXOgia98DCSuEVAWNEWcgBVPh2BHyg==][FNJbBiNbfo89LAzhoLaK4k7797xCQPa2S/KLXXBh+bEuUOhlsqBY7NG9Nefbp4lCyQ6kbVoBGgeevhWZzLGisg==][g/ZDx9s76B7kfq0ytMWnR3v7R7Rz4ZXa1yxnDLJneG7faGx2+zJBjHOcS48yJFvq1XEdyXzQMeQNGXzI+KJm+Q==]}
{"logTime": "0717/193835", "correlationVector":"vEnJHQQ3K0VVMDeFOokyBF.2","action":"EncryptionKeysManager::SetEncryptionKeysWithTimestamps:", "result":"Success", "context":Key timestamps[10]:[2021-10-06T22:07:55Z][2022-04-06T19:24:26Z][2022-10-06T19:52:52Z][2023-04-26T20:50:16Z][2023-11-01T21:12:59Z][2024-04-30T09:36:42Z][2024-11-12T19:17:39Z][2025-05-15T20:28:37Z][2025-12-04T19:57:45Z][2026-06-09T18:04:21Z]}
{"logTime": "0717/193835", "correlationVector":"AkpKKuzBwLSg9saXNE0peu","action":"Initial GetUpdates", "result":"", "context":Reason: NEW_CLIENT. cV=AkpKKuzBwLSg9saXNE0peu}
{"logTime": "0717/193835", "correlationVector":"AkpKKuzBwLSg9saXNE0peu.3","action":"GetUpdates Response", "result":"Success", "context":Received 1 update(s). cV=AkpKKuzBwLSg9saXNE0peu.0;server=akswtt00600001u;cloudType=Consumer;environment=Prod_centralus_prod-s01-068-nam-centralus;migrationStage=NotStarted}
{"logTime": "0717/193835", "correlationVector":"MfywIDM2e/QgH4A4oX5lze","action":"Initial GetUpdates", "result":"", "context":Reason: NEWLY_SUPPORTED_DATATYPE. cV=MfywIDM2e/QgH4A4oX5lze}
{"logTime": "0717/193835", "correlationVector":"MfywIDM2e/QgH4A4oX5lze.1","action":"SyncServerConnectionManagerRequest", "result":"SYNC_SERVER_OK", "context":{"environment":"Prod_centralus_prod-s01-068-nam-centralus", "migrationStage":"NotStarted", "server":"akswtt00600001t"}}
{"logTime": "0717/193835", "correlationVector":"MfywIDM2e/QgH4A4oX5lze.2","action":"ProcessGetUpdates", "result":"Done", "context":{"dataType":"Passwords", "deleted":"0", "process_failed_to_decrypt":"0", "process_pending_decryption":"0", "process_success":"9", "total":"9"}}
{"logTime": "0717/193835", "correlationVector":"MfywIDM2e/QgH4A4oX5lze.3","action":"ProcessGetUpdates", "result":"Done", "context":{"dataType":"Device Info", "deleted":"0", "process_failed_to_decrypt":"0", "process_pending_decryption":"0", "process_success":"17", "total":"17"}}
{"logTime": "0717/193835", "correlationVector":"MfywIDM2e/QgH4A4oX5lze.4","action":"GetUpdates Response", "result":"Success", "context":Received 26 update(s). cV=MfywIDM2e/QgH4A4oX5lze.0;server=akswtt00600001t;cloudType=Consumer;environment=Prod_centralus_prod-s01-068-nam-centralus;migrationStage=NotStarted}
{"logTime": "0717/193835", "correlationVector":"XI12J7AXSZrqEn8asKeh0f","action":"Initial GetUpdates", "result":"", "context":Reason: NEWLY_SUPPORTED_DATATYPE. cV=XI12J7AXSZrqEn8asKeh0f}
{"logTime": "0717/193835", "correlationVector":"XI12J7AXSZrqEn8asKeh0f.1","action":"SyncServerConnectionManagerRequest", "result":"SYNC_SERVER_OK", "context":{"environment":"Prod_centralus_prod-s01-068-nam-centralus", "migrationStage":"NotStarted", "server":"akswtt00600000n"}}
{"logTime": "0717/193835", "correlationVector":"XI12J7AXSZrqEn8asKeh0f.2","action":"ProcessGetUpdates", "result":"Done", "context":{"dataType":"Bookmarks", "deleted":"0", "process_failed_to_decrypt":"0", "process_pending_decryption":"0", "process_success":"10", "total":"10"}}
{"logTime": "0717/193835", "correlationVector":"XI12J7AXSZrqEn8asKeh0f.3","action":"ProcessGetUpdates", "result":"Done", "context":{"dataType":"Preferences", "deleted":"0", "process_failed_to_decrypt":"0", "process_pending_decryption":"0", "process_success":"90", "total":"90"}}
{"logTime": "0717/193835", "correlationVector":"XI12J7AXSZrqEn8asKeh0f.4","action":"ProcessGetUpdates", "result":"Done", "context":{"dataType":"Autofill Profiles", "deleted":"0", "process_failed_to_decrypt":"0", "process_pending_decryption":"0", "process_success":"1", "total":"1"}}
{"logTime": "0717/193835", "correlationVector":"XI12J7AXSZrqEn8asKeh0f.5","action":"ProcessGetUpdates", "result":"Done", "context":{"dataType":"Autofill", "deleted":"0", "process_failed_to_decrypt":"0", "process_pending_decryption":"0", "process_success":"20", "total":"20"}}
{"logTime": "0717/193835", "correlationVector":"XI12J7AXSZrqEn8asKeh0f.6","action":"ProcessGetUpdates", "result":"Done", "context":{"dataType":"Sessions", "deleted":"23", "process_failed_to_decrypt":"0", "process_pending_decryption":"0", "process_success":"24", "total":"24"}}
{"logTime": "0717/193835", "correlationVector":"XI12J7AXSZrqEn8asKeh0f.7","action":"ProcessGetUpdates", "result":"Done", "context":{"dataType":"Edge Hub App Usage", "deleted":"4", "process_failed_to_decrypt":"0", "process_pending_decryption":"0", "process_success":"7", "total":"7"}}
{"logTime": "0717/193835", "correlationVector":"XI12J7AXSZrqEn8asKeh0f.8","action":"GetUpdates Response", "result":"Success", "context":Received 152 update(s). cV=XI12J7AXSZrqEn8asKeh0f.0;server=akswtt00600000n;cloudType=Consumer;environment=Prod_centralus_prod-s01-068-nam-centralus;migrationStage=NotStarted}
{"logTime": "0717/193835", "correlationVector":"XVhp/OASqxCn4bg+Ig0yyW","action":"Initial GetUpdates", "result":"", "context":Reason: NEWLY_SUPPORTED_DATATYPE. cV=XVhp/OASqxCn4bg+Ig0yyW}
{"logTime": "0717/193835", "correlationVector":"XVhp/OASqxCn4bg+Ig0yyW.1","action":"SyncServerConnectionManagerRequest", "result":"SYNC_SERVER_OK", "context":{"environment":"Prod_centralus_prod-s01-068-nam-centralus", "migrationStage":"NotStarted", "server":"akswtt00600000w"}}
{"logTime": "0717/193835", "correlationVector":"XVhp/OASqxCn4bg+Ig0yyW.2","action":"ProcessGetUpdates", "result":"Done", "context":{"dataType":"History", "deleted":"0", "process_failed_to_decrypt":"0", "process_pending_decryption":"0", "process_success":"59", "total":"59"}}
{"logTime": "0717/193835", "correlationVector":"XVhp/OASqxCn4bg+Ig0yyW.3","action":"GetUpdates Response", "result":"Success", "context":Received 59 update(s). cV=XVhp/OASqxCn4bg+Ig0yyW.0;server=akswtt00600000w;cloudType=Consumer;environment=Prod_centralus_prod-s01-068-nam-centralus;migrationStage=NotStarted}
{"logTime": "0717/193835", "correlationVector":"gNR1Agd13cjGb5cYFzZRnB","action":"Normal GetUpdate request", "result":"", "context":cV=gNR1Agd13cjGb5cYFzZRnB
Nudged types: Sessions, Device Info, User Consents
Refresh requested types: Bookmarks, Preferences, Passwords, Autofill Profiles, Autofill, Extensions, Sessions, Extension settings, History Delete Directives, Device Info, User Consents, Send Tab To Self, Web Apps, History, Saved Tab Group, WebAuthn Credentials, Edge E Drop, Edge Hub App Usage, Edge Workspace, Encryption Keys}
{"logTime": "0717/193835", "correlationVector":"gNR1Agd13cjGb5cYFzZRnB.1","action":"SyncServerConnectionManagerRequest", "result":"SYNC_SERVER_OK", "context":{"environment":"Prod_centralus_prod-s01-068-nam-centralus", "migrationStage":"NotStarted", "server":"akswtt00600001q"}}
{"logTime": "0717/193835", "correlationVector":"gNR1Agd13cjGb5cYFzZRnB.2","action":"GetUpdates Response", "result":"Success", "context":Received 0 update(s). cV=gNR1Agd13cjGb5cYFzZRnB.0;server=akswtt00600001q;cloudType=Consumer;environment=Prod_centralus_prod-s01-068-nam-centralus;migrationStage=NotStarted}
{"logTime": "0717/193835", "correlationVector":"Weg/CMnShAE8wsuC7cFFXD","action":"DoCompareDataConsistency requsted types: ", "result":"Bookmarks, Preferences, Passwords, Extensions, Extension settings, History Delete Directives, Send Tab To Self, Web Apps, History, Saved Tab Group, WebAuthn Credentials, Edge E Drop, Edge Workspace, Encryption Keys"}
{"logTime": "0717/193835", "correlationVector":"Weg/CMnShAE8wsuC7cFFXD.0","action":"CompareDataConsistency result: ", "result":"Compare result: Encryption Keys is consistent. local entities count is: 1 local entities hash is: B8eOsR4/2uJNJaSay9Ws1BJfHGA="}
{"logTime": "0717/193835", "correlationVector":"Weg/CMnShAE8wsuC7cFFXD.1","action":"CompareDataConsistency result: ", "result":"Compare result: Bookmarks is consistent. local entities count is: 4 local entities hash is: xapQtlbP4zswhePPE1dh3bvGukg="}
{"logTime": "0717/193835", "correlationVector":"Weg/CMnShAE8wsuC7cFFXD.2","action":"CompareDataConsistency result: ", "result":"Compare result: Preferences is consistent. local entities count is: 90 local entities hash is: WLrJCo4EXZDtskm23amxkV/ayjU="}
{"logTime": "0717/193835", "correlationVector":"Weg/CMnShAE8wsuC7cFFXD.3","action":"CompareDataConsistency result: ", "result":"Compare result: Extensions is consistent. local entities count is: 0 local entities hash is: "}
{"logTime": "0717/193835", "correlationVector":"Weg/CMnShAE8wsuC7cFFXD.4","action":"CompareDataConsistency result: ", "result":"Compare result: Extension settings is consistent. local entities count is: 0 local entities hash is: "}
{"logTime": "0717/193835", "correlationVector":"Weg/CMnShAE8wsuC7cFFXD.5","action":"CompareDataConsistency result: ", "result":"Compare result: History Delete Directives is consistent. local entities count is: 0 local entities hash is: "}
{"logTime": "0717/193835", "correlationVector":"Weg/CMnShAE8wsuC7cFFXD.6","action":"CompareDataConsistency result: ", "result":"Server did not send this Send Tab To Self local entities count is: 0 local entities hash is: "}
{"logTime": "0717/193835", "correlationVector":"Weg/CMnShAE8wsuC7cFFXD.7","action":"CompareDataConsistency result: ", "result":"Compare result: Web Apps is consistent. local entities count is: 0 local entities hash is: "}
{"logTime": "0717/193835", "correlationVector":"Weg/CMnShAE8wsuC7cFFXD.8","action":"CompareDataConsistency result: ", "result":"Server did not send this History local entities count is: 0 local entities hash is: "}
{"logTime": "0717/193835", "correlationVector":"Weg/CMnShAE8wsuC7cFFXD.9","action":"CompareDataConsistency result: ", "result":"Compare result: Saved Tab Group is consistent. local entities count is: 0 local entities hash is: "}
{"logTime": "0717/193835", "correlationVector":"Weg/CMnShAE8wsuC7cFFXD.10","action":"CompareDataConsistency result: ", "result":"Server did not send this WebAuthn Credentials local entities count is: 0 local entities hash is: "}
{"logTime": "0717/193835", "correlationVector":"Weg/CMnShAE8wsuC7cFFXD.11","action":"CompareDataConsistency result: ", "result":"Compare result: Edge E Drop is consistent. local entities count is: 0 local entities hash is: "}
{"logTime": "0717/193835", "correlationVector":"Weg/CMnShAE8wsuC7cFFXD.12","action":"CompareDataConsistency result: ", "result":"Server did not send this Edge Workspace local entities count is: 0 local entities hash is: "}
{"logTime": "0717/193835", "correlationVector":"Weg/CMnShAE8wsuC7cFFXD.13","action":"CompareDataConsistency result: ", "result":"Compare result: Passwords is consistent. local entities count is: 9 local entities hash is: nNghqzEj5+YvJ4I9WnIiiyFYYx8="}
{"logTime": "0717/193835", "correlationVector":"GL8g+jSwQeZXkXqGuOoXxJ","action":"Commit Request", "result":"", "context":Item count: 4
Contributing types: Sessions, Device Info, User Consents}
{"logTime": "0717/193836", "correlationVector":"GL8g+jSwQeZXkXqGuOoXxJ.1","action":"SyncServerConnectionManagerRequest", "result":"SYNC_SERVER_OK", "context":{"environment":"Prod_centralus_prod-s01-068-nam-centralus", "migrationStage":"NotStarted", "server":"akswtt00600001q"}}
{"logTime": "0717/193836", "correlationVector":"GL8g+jSwQeZXkXqGuOoXxJ.2","action":"Commit Response", "result":"Success", "context":Result: Success. cV=GL8g+jSwQeZXkXqGuOoXxJ.0;server=akswtt00600001q;cloudType=Consumer;environment=Prod_centralus_prod-s01-068-nam-centralus;migrationStage=NotStarted}
{"logTime": "0717/193836", "correlationVector":"","action":"DIAGNOSTIC_REQUEST|v1/diagnosticData/Diagnostic.SendCheckResult()|SUCCESS", "result":""}
{"logTime": "0717/193836", "correlationVector":"mq5UNjrqylKfbm/o3s18uK","action":"Commit Request", "result":"", "context":Item count: 1
Contributing types: History}
{"logTime": "0717/193836", "correlationVector":"mq5UNjrqylKfbm/o3s18uK.1","action":"SyncServerConnectionManagerRequest", "result":"SYNC_SERVER_OK", "context":{"environment":"Prod_centralus_prod-s01-068-nam-centralus", "migrationStage":"NotStarted", "server":"akswtt006000015"}}
{"logTime": "0717/193836", "correlationVector":"mq5UNjrqylKfbm/o3s18uK.2","action":"Commit Response", "result":"Success", "context":Result: Success. cV=mq5UNjrqylKfbm/o3s18uK.0;server=akswtt006000015;cloudType=Consumer;environment=Prod_centralus_prod-s01-068-nam-centralus;migrationStage=NotStarted}
