[0.0s] jlh60_2026-08-11_14-23-02_ProbeA:ProbeA: START verify raw backup
[0.0s] jlh60_2026-08-11_14-23-02_ProbeA:ProbeA: raw backup verified: \\denmanlab\s2\mouse_arena_recordings\jlh60_2026-08-11_14-23-02
[0.1s] jlh60_2026-08-11_14-23-02_ProbeA:ProbeA: DONE verify raw backup in 0.1s
[0.1s] jlh60_2026-08-11_14-23-02_ProbeA:ProbeA: START initialize output and registry
[0.2s] jlh60_2026-08-11_14-23-02_ProbeA:ProbeA: DONE initialize output and registry in 0.0s
[0.2s] jlh60_2026-08-11_14-23-02_ProbeA:ProbeA: START load Open Ephys recording and probe map
[1.3s] jlh60_2026-08-11_14-23-02_ProbeA:ProbeA: recording: 384 channels, 2128.0s, 30000.0 Hz
[1.3s] jlh60_2026-08-11_14-23-02_ProbeA:ProbeA: DONE load Open Ephys recording and probe map in 1.1s
[1.3s] jlh60_2026-08-11_14-23-02_ProbeA:ProbeA: START validate geometry and compute hashes
[1.3s] jlh60_2026-08-11_14-23-02_ProbeA:ProbeA: DONE validate geometry and compute hashes in 0.0s
[1.3s] jlh60_2026-08-11_14-23-02_ProbeA:ProbeA: START apply Neuropixels phase shift
[1.3s] jlh60_2026-08-11_14-23-02_ProbeA:ProbeA: phase_shift applied
[1.3s] jlh60_2026-08-11_14-23-02_ProbeA:ProbeA: DONE apply Neuropixels phase shift in 0.0s
[1.3s] jlh60_2026-08-11_14-23-02_ProbeA:ProbeA: START apply SpikeInterface CAR and plot traces
[3.8s] jlh60_2026-08-11_14-23-02_ProbeA:ProbeA: CAR operator=median; pre/post CAR plot: C:\Users\jordan\Desktop\mouse_arena_recordings\jlh60_2026-08-11_14-23-02\Record Node 101\experiment1\recording1\continuous\Neuropix-PXI-100.ProbeA\spikeinterface_output\report\figures\pre_post_car_traces.png
[3.8s] jlh60_2026-08-11_14-23-02_ProbeA:ProbeA: DONE apply SpikeInterface CAR and plot traces in 2.5s
[3.8s] jlh60_2026-08-11_14-23-02_ProbeA:ProbeA: START apply high-pass filter
[3.8s] jlh60_2026-08-11_14-23-02_ProbeA:ProbeA: highpass_filter applied: freq_min=300 Hz
[3.8s] jlh60_2026-08-11_14-23-02_ProbeA:ProbeA: DONE apply high-pass filter in 0.0s
[3.8s] jlh60_2026-08-11_14-23-02_ProbeA:ProbeA: START detect bad channels
[40.7s] jlh60_2026-08-11_14-23-02_ProbeA:ProbeA: bad channels detected: 384; excluded from sorting: 0
[40.7s] jlh60_2026-08-11_14-23-02_ProbeA:ProbeA: DONE detect bad channels in 36.9s
[40.7s] jlh60_2026-08-11_14-23-02_ProbeA:ProbeA: START optional SpikeInterface motion correction
[40.7s] jlh60_2026-08-11_14-23-02_ProbeA:ProbeA: using Kilosort4 drift correction
[40.7s] jlh60_2026-08-11_14-23-02_ProbeA:ProbeA: DONE optional SpikeInterface motion correction in 0.0s
[40.7s] jlh60_2026-08-11_14-23-02_ProbeA:ProbeA: START prepare Kilosort4 parameters
[40.7s] jlh60_2026-08-11_14-23-02_ProbeA:ProbeA: Kilosort4 preprocessing: do_CAR=False, do_correction=True, bad_channels=0
[41.0s] jlh60_2026-08-11_14-23-02_ProbeA:ProbeA: DONE prepare Kilosort4 parameters in 0.3s
[41.0s] jlh60_2026-08-11_14-23-02_ProbeA:ProbeA: START run Kilosort4
Skipping common average reference.
kilosort4 run time 1334.81s
[56m42s] jlh60_2026-08-11_14-23-02_ProbeA:ProbeA: Kilosort4 units: 261
[56m42s] jlh60_2026-08-11_14-23-02_ProbeA:ProbeA: DONE run Kilosort4 in 56m01s
[56m42s] jlh60_2026-08-11_14-23-02_ProbeA:ProbeA: START compute SortingAnalyzer extensions
[1h44m21s] jlh60_2026-08-11_14-23-02_ProbeA:ProbeA: SortingAnalyzer job kwargs: chunk_duration=1s, n_jobs=8, progress_bar=True; multiprocessing fallback_n_jobs=2
[1h44m21s] jlh60_2026-08-11_14-23-02_ProbeA:ProbeA: compute analyzer extension: random_spikes
[1h44m21s] jlh60_2026-08-11_14-23-02_ProbeA:ProbeA: compute analyzer extension: waveforms
[2h08m10s] jlh60_2026-08-11_14-23-02_ProbeA:ProbeA: compute analyzer extension: templates
[2h08m11s] jlh60_2026-08-11_14-23-02_ProbeA:ProbeA: compute analyzer extension: noise_levels
[2h08m49s] jlh60_2026-08-11_14-23-02_ProbeA:ProbeA: compute analyzer extension: spike_amplitudes
[2h20m32s] jlh60_2026-08-11_14-23-02_ProbeA:ProbeA: compute analyzer extension: unit_locations
[2h20m34s] jlh60_2026-08-11_14-23-02_ProbeA:ProbeA: compute analyzer extension: spike_locations
[2h57m58s] jlh60_2026-08-11_14-23-02_ProbeA:ProbeA: compute analyzer extension: principal_components
[3h38m04s] jlh60_2026-08-11_14-23-02_ProbeA:ProbeA: compute analyzer extension: correlograms
[3h38m14s] jlh60_2026-08-11_14-23-02_ProbeA:ProbeA: compute analyzer extension: isi_histograms
[3h38m15s] jlh60_2026-08-11_14-23-02_ProbeA:ProbeA: compute analyzer extension: quality_metrics
[5h45m21s] jlh60_2026-08-11_14-23-02_ProbeA:ProbeA: compute analyzer extension: template_metrics
[5h45m23s] jlh60_2026-08-11_14-23-02_ProbeA:ProbeA: DONE compute SortingAnalyzer extensions in 4h48m40s
[5h45m23s] jlh60_2026-08-11_14-23-02_ProbeA:ProbeA: START export metrics and static report
[5h45m32s] jlh60_2026-08-11_14-23-02_ProbeA:ProbeA: DONE export metrics and static report in 8.9s
[5h45m32s] jlh60_2026-08-11_14-23-02_ProbeA:ProbeA: START export Phy
[5h45m32s] jlh60_2026-08-11_14-23-02_ProbeA:ProbeA: Phy export will reuse existing analyzer extension: spike_amplitudes
[5h45m32s] jlh60_2026-08-11_14-23-02_ProbeA:ProbeA: Phy export will skip pc_features.npy because qc.phy_compute_pc_features=false
Run:
phy template-gui  C:\Users\jordan\Desktop\mouse_arena_recordings\jlh60_2026-08-11_14-23-02\Record Node 101\experiment1\recording1\continuous\Neuropix-PXI-100.ProbeA\spikeinterface_output\phy\params.py
[5h45m43s] jlh60_2026-08-11_14-23-02_ProbeA:ProbeA: Phy dat_path patched to original recording: C:\Users\jordan\Desktop\mouse_arena_recordings\jlh60_2026-08-11_14-23-02\Record Node 101\experiment1\recording1\continuous\Neuropix-PXI-100.ProbeA\continuous.dat
[5h45m43s] jlh60_2026-08-11_14-23-02_ProbeA:ProbeA: wrote Phy UnitRefine TSVs: cluster_unitrefine_label.tsv, cluster_unitrefine_probability.tsv
[5h45m43s] jlh60_2026-08-11_14-23-02_ProbeA:ProbeA: DONE export Phy in 10.9s
[5h45m43s] jlh60_2026-08-11_14-23-02_ProbeA:ProbeA: START finalize manifest and registry
[5h45m43s] jlh60_2026-08-11_14-23-02_ProbeA:ProbeA: DONE finalize manifest and registry in 0.2s
[5h45m43s] jlh60_2026-08-11_14-23-02_ProbeA:ProbeA: START backup completed outputs
[5h45m43s] jlh60_2026-08-11_14-23-02_ProbeA:ProbeA: generated-output backup disabled
[5h45m43s] jlh60_2026-08-11_14-23-02_ProbeA:ProbeA: full local recording archive disabled
[5h45m43s] jlh60_2026-08-11_14-23-02_ProbeA:ProbeA: DONE backup completed outputs in 0.0s
jlh60_2026-08-11_14-23-02_ProbeA | ProbeA | complete
