[0.0s] bp2_2026-09-14_14-18-56_ProbeB:ProbeB: START verify raw backup
[0.1s] bp2_2026-09-14_14-18-56_ProbeB:ProbeB: raw backup verified: \\denmanlab\s2\mouse_arena_recordings\bp2_2026-09-14_14-18-56
[0.2s] bp2_2026-09-14_14-18-56_ProbeB:ProbeB: DONE verify raw backup in 0.2s
[0.2s] bp2_2026-09-14_14-18-56_ProbeB:ProbeB: START initialize output and registry
[0.2s] bp2_2026-09-14_14-18-56_ProbeB:ProbeB: DONE initialize output and registry in 0.0s
[0.3s] bp2_2026-09-14_14-18-56_ProbeB:ProbeB: START load Open Ephys recording and probe map
[1.6s] bp2_2026-09-14_14-18-56_ProbeB:ProbeB: recording: 384 channels, 2746.9s, 30000.0 Hz
[1.6s] bp2_2026-09-14_14-18-56_ProbeB:ProbeB: DONE load Open Ephys recording and probe map in 1.3s
[1.6s] bp2_2026-09-14_14-18-56_ProbeB:ProbeB: START validate geometry and compute hashes
[1.6s] bp2_2026-09-14_14-18-56_ProbeB:ProbeB: DONE validate geometry and compute hashes in 0.0s
[1.6s] bp2_2026-09-14_14-18-56_ProbeB:ProbeB: START apply Neuropixels phase shift
[1.6s] bp2_2026-09-14_14-18-56_ProbeB:ProbeB: phase_shift applied
[1.6s] bp2_2026-09-14_14-18-56_ProbeB:ProbeB: DONE apply Neuropixels phase shift in 0.0s
[1.6s] bp2_2026-09-14_14-18-56_ProbeB:ProbeB: START apply SpikeInterface CAR and plot traces
[3.9s] bp2_2026-09-14_14-18-56_ProbeB:ProbeB: CAR operator=median; pre/post CAR plot: C:\Users\jordan\Desktop\mouse_arena_recordings\bp2_2026-09-14_14-18-56\Record Node 101\experiment1\recording1\continuous\Neuropix-PXI-100.ProbeB\spikeinterface_output\report\figures\pre_post_car_traces.png
[3.9s] bp2_2026-09-14_14-18-56_ProbeB:ProbeB: DONE apply SpikeInterface CAR and plot traces in 2.3s
[3.9s] bp2_2026-09-14_14-18-56_ProbeB:ProbeB: START apply high-pass filter
[3.9s] bp2_2026-09-14_14-18-56_ProbeB:ProbeB: highpass_filter applied: freq_min=300 Hz
[4.0s] bp2_2026-09-14_14-18-56_ProbeB:ProbeB: DONE apply high-pass filter in 0.0s
[4.0s] bp2_2026-09-14_14-18-56_ProbeB:ProbeB: START detect bad channels
[41.7s] bp2_2026-09-14_14-18-56_ProbeB:ProbeB: bad channels detected: 383; excluded from sorting: 0
[41.7s] bp2_2026-09-14_14-18-56_ProbeB:ProbeB: DONE detect bad channels in 37.8s
[41.7s] bp2_2026-09-14_14-18-56_ProbeB:ProbeB: START optional SpikeInterface motion correction
[41.7s] bp2_2026-09-14_14-18-56_ProbeB:ProbeB: using Kilosort4 drift correction
[41.7s] bp2_2026-09-14_14-18-56_ProbeB:ProbeB: DONE optional SpikeInterface motion correction in 0.0s
[41.7s] bp2_2026-09-14_14-18-56_ProbeB:ProbeB: START prepare Kilosort4 parameters
[41.7s] bp2_2026-09-14_14-18-56_ProbeB:ProbeB: Kilosort4 preprocessing: do_CAR=False, do_correction=True, bad_channels=0
[41.9s] bp2_2026-09-14_14-18-56_ProbeB:ProbeB: DONE prepare Kilosort4 parameters in 0.2s
[41.9s] bp2_2026-09-14_14-18-56_ProbeB:ProbeB: START run Kilosort4
Skipping common average reference.
kilosort4 run time 1308.99s
[1h06m05s] bp2_2026-09-14_14-18-56_ProbeB:ProbeB: Kilosort4 units: 122
[1h06m05s] bp2_2026-09-14_14-18-56_ProbeB:ProbeB: DONE run Kilosort4 in 1h05m24s
[1h06m05s] bp2_2026-09-14_14-18-56_ProbeB:ProbeB: START compute SortingAnalyzer extensions
[1h47m44s] bp2_2026-09-14_14-18-56_ProbeB:ProbeB: SortingAnalyzer job kwargs: chunk_duration=1s, n_jobs=8, progress_bar=True; multiprocessing fallback_n_jobs=2
[1h47m44s] bp2_2026-09-14_14-18-56_ProbeB:ProbeB: compute analyzer extension: random_spikes
[1h47m44s] bp2_2026-09-14_14-18-56_ProbeB:ProbeB: compute analyzer extension: waveforms
[2h12m40s] bp2_2026-09-14_14-18-56_ProbeB:ProbeB: compute analyzer extension: templates
[2h12m41s] bp2_2026-09-14_14-18-56_ProbeB:ProbeB: compute analyzer extension: noise_levels
[2h13m18s] bp2_2026-09-14_14-18-56_ProbeB:ProbeB: compute analyzer extension: spike_amplitudes
[3h02m27s] bp2_2026-09-14_14-18-56_ProbeB:ProbeB: compute analyzer extension: unit_locations
[3h02m28s] bp2_2026-09-14_14-18-56_ProbeB:ProbeB: compute analyzer extension: spike_locations
[3h48m19s] bp2_2026-09-14_14-18-56_ProbeB:ProbeB: compute analyzer extension: principal_components
[4h06m43s] bp2_2026-09-14_14-18-56_ProbeB:ProbeB: compute analyzer extension: correlograms
[4h06m44s] bp2_2026-09-14_14-18-56_ProbeB:ProbeB: compute analyzer extension: isi_histograms
[4h06m44s] bp2_2026-09-14_14-18-56_ProbeB:ProbeB: compute analyzer extension: quality_metrics
[4h55m58s] bp2_2026-09-14_14-18-56_ProbeB:ProbeB: compute analyzer extension: template_metrics
[4h55m59s] bp2_2026-09-14_14-18-56_ProbeB:ProbeB: DONE compute SortingAnalyzer extensions in 3h49m53s
[4h55m59s] bp2_2026-09-14_14-18-56_ProbeB:ProbeB: START export metrics and static report
[4h56m05s] bp2_2026-09-14_14-18-56_ProbeB:ProbeB: DONE export metrics and static report in 5.8s
[4h56m05s] bp2_2026-09-14_14-18-56_ProbeB:ProbeB: START export Phy
[4h56m05s] bp2_2026-09-14_14-18-56_ProbeB:ProbeB: Phy export will reuse existing analyzer extension: spike_amplitudes
[4h56m05s] bp2_2026-09-14_14-18-56_ProbeB:ProbeB: Phy export will skip pc_features.npy because qc.phy_compute_pc_features=false
Run:
phy template-gui  C:\Users\jordan\Desktop\mouse_arena_recordings\bp2_2026-09-14_14-18-56\Record Node 101\experiment1\recording1\continuous\Neuropix-PXI-100.ProbeB\spikeinterface_output\phy\params.py
[4h56m15s] bp2_2026-09-14_14-18-56_ProbeB:ProbeB: Phy dat_path patched to original recording: C:\Users\jordan\Desktop\mouse_arena_recordings\bp2_2026-09-14_14-18-56\Record Node 101\experiment1\recording1\continuous\Neuropix-PXI-100.ProbeB\continuous.dat
[4h56m15s] bp2_2026-09-14_14-18-56_ProbeB:ProbeB: wrote Phy UnitRefine TSVs: cluster_unitrefine_label.tsv, cluster_unitrefine_probability.tsv
[4h56m15s] bp2_2026-09-14_14-18-56_ProbeB:ProbeB: DONE export Phy in 10.5s
[4h56m15s] bp2_2026-09-14_14-18-56_ProbeB:ProbeB: START finalize manifest and registry
[4h56m16s] bp2_2026-09-14_14-18-56_ProbeB:ProbeB: DONE finalize manifest and registry in 0.1s
[4h56m16s] bp2_2026-09-14_14-18-56_ProbeB:ProbeB: START backup completed outputs
[4h56m16s] bp2_2026-09-14_14-18-56_ProbeB:ProbeB: generated-output backup disabled
[4h56m16s] bp2_2026-09-14_14-18-56_ProbeB:ProbeB: full local recording archive disabled
[4h56m16s] bp2_2026-09-14_14-18-56_ProbeB:ProbeB: DONE backup completed outputs in 0.0s
bp2_2026-09-14_14-18-56_ProbeB | ProbeB | complete
