[0.0s] jlh60_2026-07-14_12-49-28_ProbeA:ProbeA: START verify raw backup
[0.3s] jlh60_2026-07-14_12-49-28_ProbeA:ProbeA: raw backup verified: \\denmanlab\s2\mouse_arena_recordings\jlh60_2026-07-14_12-49-28
[0.4s] jlh60_2026-07-14_12-49-28_ProbeA:ProbeA: DONE verify raw backup in 0.4s
[0.4s] jlh60_2026-07-14_12-49-28_ProbeA:ProbeA: START initialize output and registry
[0.4s] jlh60_2026-07-14_12-49-28_ProbeA:ProbeA: DONE initialize output and registry in 0.0s
[0.4s] jlh60_2026-07-14_12-49-28_ProbeA:ProbeA: START load Open Ephys recording and probe map
[1.3s] jlh60_2026-07-14_12-49-28_ProbeA:ProbeA: recording: 384 channels, 1805.4s, 30000.0 Hz
[1.3s] jlh60_2026-07-14_12-49-28_ProbeA:ProbeA: DONE load Open Ephys recording and probe map in 0.9s
[1.3s] jlh60_2026-07-14_12-49-28_ProbeA:ProbeA: START validate geometry and compute hashes
[1.3s] jlh60_2026-07-14_12-49-28_ProbeA:ProbeA: DONE validate geometry and compute hashes in 0.0s
[1.3s] jlh60_2026-07-14_12-49-28_ProbeA:ProbeA: START apply Neuropixels phase shift
[1.3s] jlh60_2026-07-14_12-49-28_ProbeA:ProbeA: phase_shift applied
[1.3s] jlh60_2026-07-14_12-49-28_ProbeA:ProbeA: DONE apply Neuropixels phase shift in 0.0s
[1.3s] jlh60_2026-07-14_12-49-28_ProbeA:ProbeA: START apply SpikeInterface CAR and plot traces
[3.5s] jlh60_2026-07-14_12-49-28_ProbeA:ProbeA: CAR operator=median; pre/post CAR plot: C:\Users\jordan\Desktop\mouse_arena_recordings\jlh60_2026-07-14_12-49-28\Record Node 101\experiment1\recording1\continuous\Neuropix-PXI-100.ProbeA\spikeinterface_output\report\figures\pre_post_car_traces.png
[3.5s] jlh60_2026-07-14_12-49-28_ProbeA:ProbeA: DONE apply SpikeInterface CAR and plot traces in 2.2s
[3.5s] jlh60_2026-07-14_12-49-28_ProbeA:ProbeA: START apply high-pass filter
[3.5s] jlh60_2026-07-14_12-49-28_ProbeA:ProbeA: highpass_filter applied: freq_min=300 Hz
[3.5s] jlh60_2026-07-14_12-49-28_ProbeA:ProbeA: DONE apply high-pass filter in 0.0s
[3.5s] jlh60_2026-07-14_12-49-28_ProbeA:ProbeA: START detect bad channels
[41.7s] jlh60_2026-07-14_12-49-28_ProbeA:ProbeA: bad channels detected: 360; excluded from sorting: 0
[41.7s] jlh60_2026-07-14_12-49-28_ProbeA:ProbeA: DONE detect bad channels in 38.1s
[41.7s] jlh60_2026-07-14_12-49-28_ProbeA:ProbeA: START optional SpikeInterface motion correction
[41.7s] jlh60_2026-07-14_12-49-28_ProbeA:ProbeA: using Kilosort4 drift correction
[41.7s] jlh60_2026-07-14_12-49-28_ProbeA:ProbeA: DONE optional SpikeInterface motion correction in 0.0s
[41.7s] jlh60_2026-07-14_12-49-28_ProbeA:ProbeA: START prepare Kilosort4 parameters
[41.7s] jlh60_2026-07-14_12-49-28_ProbeA:ProbeA: Kilosort4 preprocessing: do_CAR=False, do_correction=True, bad_channels=0
[41.7s] jlh60_2026-07-14_12-49-28_ProbeA:ProbeA: DONE prepare Kilosort4 parameters in 0.1s
[41.7s] jlh60_2026-07-14_12-49-28_ProbeA:ProbeA: START run Kilosort4
Skipping common average reference.
kilosort4 run time 1363.82s
[52m33s] jlh60_2026-07-14_12-49-28_ProbeA:ProbeA: Kilosort4 units: 348
[52m33s] jlh60_2026-07-14_12-49-28_ProbeA:ProbeA: DONE run Kilosort4 in 51m51s
[52m33s] jlh60_2026-07-14_12-49-28_ProbeA:ProbeA: START compute SortingAnalyzer extensions
[1h38m11s] jlh60_2026-07-14_12-49-28_ProbeA:ProbeA: SortingAnalyzer job kwargs: chunk_duration=1s, n_jobs=8, progress_bar=True; multiprocessing fallback_n_jobs=2
[1h38m11s] jlh60_2026-07-14_12-49-28_ProbeA:ProbeA: compute analyzer extension: random_spikes
[1h38m11s] jlh60_2026-07-14_12-49-28_ProbeA:ProbeA: compute analyzer extension: waveforms
[2h00m47s] jlh60_2026-07-14_12-49-28_ProbeA:ProbeA: compute analyzer extension: templates
[2h00m49s] jlh60_2026-07-14_12-49-28_ProbeA:ProbeA: compute analyzer extension: noise_levels
[2h01m31s] jlh60_2026-07-14_12-49-28_ProbeA:ProbeA: compute analyzer extension: spike_amplitudes
[2h13m08s] jlh60_2026-07-14_12-49-28_ProbeA:ProbeA: compute analyzer extension: unit_locations
[2h13m10s] jlh60_2026-07-14_12-49-28_ProbeA:ProbeA: compute analyzer extension: spike_locations
[2h48m14s] jlh60_2026-07-14_12-49-28_ProbeA:ProbeA: compute analyzer extension: principal_components
[3h46m42s] jlh60_2026-07-14_12-49-28_ProbeA:ProbeA: compute analyzer extension: correlograms
[3h46m46s] jlh60_2026-07-14_12-49-28_ProbeA:ProbeA: compute analyzer extension: isi_histograms
[3h46m48s] jlh60_2026-07-14_12-49-28_ProbeA:ProbeA: compute analyzer extension: quality_metrics
[6h16m45s] jlh60_2026-07-14_12-49-28_ProbeA:ProbeA: compute analyzer extension: template_metrics
[6h16m48s] jlh60_2026-07-14_12-49-28_ProbeA:ProbeA: DONE compute SortingAnalyzer extensions in 5h24m14s
[6h16m48s] jlh60_2026-07-14_12-49-28_ProbeA:ProbeA: START export metrics and static report
[6h16m58s] jlh60_2026-07-14_12-49-28_ProbeA:ProbeA: DONE export metrics and static report in 10.4s
[6h16m58s] jlh60_2026-07-14_12-49-28_ProbeA:ProbeA: START export Phy
[6h16m58s] jlh60_2026-07-14_12-49-28_ProbeA:ProbeA: Phy export will reuse existing analyzer extension: spike_amplitudes
[6h16m58s] jlh60_2026-07-14_12-49-28_ProbeA:ProbeA: Phy export will skip pc_features.npy because qc.phy_compute_pc_features=false
Run:
phy template-gui  C:\Users\jordan\Desktop\mouse_arena_recordings\jlh60_2026-07-14_12-49-28\Record Node 101\experiment1\recording1\continuous\Neuropix-PXI-100.ProbeA\spikeinterface_output\phy\params.py
[6h17m09s] jlh60_2026-07-14_12-49-28_ProbeA:ProbeA: Phy dat_path patched to original recording: C:\Users\jordan\Desktop\mouse_arena_recordings\jlh60_2026-07-14_12-49-28\Record Node 101\experiment1\recording1\continuous\Neuropix-PXI-100.ProbeA\continuous.dat
[6h17m09s] jlh60_2026-07-14_12-49-28_ProbeA:ProbeA: wrote Phy UnitRefine TSVs: cluster_unitrefine_label.tsv, cluster_unitrefine_probability.tsv
[6h17m09s] jlh60_2026-07-14_12-49-28_ProbeA:ProbeA: DONE export Phy in 11.3s
[6h17m09s] jlh60_2026-07-14_12-49-28_ProbeA:ProbeA: START finalize manifest and registry
[6h17m10s] jlh60_2026-07-14_12-49-28_ProbeA:ProbeA: DONE finalize manifest and registry in 0.2s
[6h17m10s] jlh60_2026-07-14_12-49-28_ProbeA:ProbeA: START backup completed outputs
[6h17m10s] jlh60_2026-07-14_12-49-28_ProbeA:ProbeA: generated-output backup disabled
[6h17m10s] jlh60_2026-07-14_12-49-28_ProbeA:ProbeA: full local recording archive disabled
[6h17m10s] jlh60_2026-07-14_12-49-28_ProbeA:ProbeA: DONE backup completed outputs in 0.0s
jlh60_2026-07-14_12-49-28_ProbeA | ProbeA | complete
