[0.0s] bp2_2026-09-15_10-26-21_ProbeB:ProbeB: START verify raw backup
[0.1s] bp2_2026-09-15_10-26-21_ProbeB:ProbeB: raw backup verified: \\denmanlab\s2\mouse_arena_recordings\bp2_2026-09-15_10-26-21
[0.1s] bp2_2026-09-15_10-26-21_ProbeB:ProbeB: DONE verify raw backup in 0.1s
[0.1s] bp2_2026-09-15_10-26-21_ProbeB:ProbeB: START initialize output and registry
[0.2s] bp2_2026-09-15_10-26-21_ProbeB:ProbeB: DONE initialize output and registry in 0.0s
[0.2s] bp2_2026-09-15_10-26-21_ProbeB:ProbeB: START load Open Ephys recording and probe map
[1.2s] bp2_2026-09-15_10-26-21_ProbeB:ProbeB: recording: 384 channels, 1908.2s, 30000.0 Hz
[1.2s] bp2_2026-09-15_10-26-21_ProbeB:ProbeB: DONE load Open Ephys recording and probe map in 1.0s
[1.2s] bp2_2026-09-15_10-26-21_ProbeB:ProbeB: START validate geometry and compute hashes
[1.2s] bp2_2026-09-15_10-26-21_ProbeB:ProbeB: DONE validate geometry and compute hashes in 0.0s
[1.2s] bp2_2026-09-15_10-26-21_ProbeB:ProbeB: START apply Neuropixels phase shift
[1.2s] bp2_2026-09-15_10-26-21_ProbeB:ProbeB: phase_shift applied
[1.2s] bp2_2026-09-15_10-26-21_ProbeB:ProbeB: DONE apply Neuropixels phase shift in 0.0s
[1.2s] bp2_2026-09-15_10-26-21_ProbeB:ProbeB: START apply SpikeInterface CAR and plot traces
[3.4s] bp2_2026-09-15_10-26-21_ProbeB:ProbeB: CAR operator=median; pre/post CAR plot: C:\Users\jordan\Desktop\mouse_arena_recordings\bp2_2026-09-15_10-26-21\Record Node 101\experiment1\recording1\continuous\Neuropix-PXI-100.ProbeB\spikeinterface_output\report\figures\pre_post_car_traces.png
[3.4s] bp2_2026-09-15_10-26-21_ProbeB:ProbeB: DONE apply SpikeInterface CAR and plot traces in 2.2s
[3.4s] bp2_2026-09-15_10-26-21_ProbeB:ProbeB: START apply high-pass filter
[3.4s] bp2_2026-09-15_10-26-21_ProbeB:ProbeB: highpass_filter applied: freq_min=300 Hz
[3.4s] bp2_2026-09-15_10-26-21_ProbeB:ProbeB: DONE apply high-pass filter in 0.0s
[3.4s] bp2_2026-09-15_10-26-21_ProbeB:ProbeB: START detect bad channels
[40.8s] bp2_2026-09-15_10-26-21_ProbeB:ProbeB: bad channels detected: 384; excluded from sorting: 0
[40.8s] bp2_2026-09-15_10-26-21_ProbeB:ProbeB: DONE detect bad channels in 37.4s
[40.8s] bp2_2026-09-15_10-26-21_ProbeB:ProbeB: START optional SpikeInterface motion correction
[40.8s] bp2_2026-09-15_10-26-21_ProbeB:ProbeB: using Kilosort4 drift correction
[40.8s] bp2_2026-09-15_10-26-21_ProbeB:ProbeB: DONE optional SpikeInterface motion correction in 0.0s
[40.8s] bp2_2026-09-15_10-26-21_ProbeB:ProbeB: START prepare Kilosort4 parameters
[40.8s] bp2_2026-09-15_10-26-21_ProbeB:ProbeB: Kilosort4 preprocessing: do_CAR=False, do_correction=True, bad_channels=0
[41.0s] bp2_2026-09-15_10-26-21_ProbeB:ProbeB: DONE prepare Kilosort4 parameters in 0.2s
[41.0s] bp2_2026-09-15_10-26-21_ProbeB:ProbeB: START run Kilosort4
Skipping common average reference.
kilosort4 run time 876.41s
[45m28s] bp2_2026-09-15_10-26-21_ProbeB:ProbeB: Kilosort4 units: 91
[45m28s] bp2_2026-09-15_10-26-21_ProbeB:ProbeB: DONE run Kilosort4 in 44m47s
[45m28s] bp2_2026-09-15_10-26-21_ProbeB:ProbeB: START compute SortingAnalyzer extensions
[1h21m38s] bp2_2026-09-15_10-26-21_ProbeB:ProbeB: SortingAnalyzer job kwargs: chunk_duration=1s, n_jobs=8, progress_bar=True; multiprocessing fallback_n_jobs=2
[1h21m38s] bp2_2026-09-15_10-26-21_ProbeB:ProbeB: compute analyzer extension: random_spikes
[1h21m38s] bp2_2026-09-15_10-26-21_ProbeB:ProbeB: compute analyzer extension: waveforms
[1h41m41s] bp2_2026-09-15_10-26-21_ProbeB:ProbeB: compute analyzer extension: templates
[1h41m41s] bp2_2026-09-15_10-26-21_ProbeB:ProbeB: compute analyzer extension: noise_levels
[1h42m26s] bp2_2026-09-15_10-26-21_ProbeB:ProbeB: compute analyzer extension: spike_amplitudes
[2h15m55s] bp2_2026-09-15_10-26-21_ProbeB:ProbeB: compute analyzer extension: unit_locations
[2h15m55s] bp2_2026-09-15_10-26-21_ProbeB:ProbeB: compute analyzer extension: spike_locations
[2h49m06s] bp2_2026-09-15_10-26-21_ProbeB:ProbeB: compute analyzer extension: principal_components
[3h02m37s] bp2_2026-09-15_10-26-21_ProbeB:ProbeB: compute analyzer extension: correlograms
[3h02m39s] bp2_2026-09-15_10-26-21_ProbeB:ProbeB: compute analyzer extension: isi_histograms
[3h02m39s] bp2_2026-09-15_10-26-21_ProbeB:ProbeB: compute analyzer extension: quality_metrics
[3h38m16s] bp2_2026-09-15_10-26-21_ProbeB:ProbeB: compute analyzer extension: template_metrics
[3h38m16s] bp2_2026-09-15_10-26-21_ProbeB:ProbeB: DONE compute SortingAnalyzer extensions in 2h52m48s
[3h38m16s] bp2_2026-09-15_10-26-21_ProbeB:ProbeB: START export metrics and static report
[3h38m22s] bp2_2026-09-15_10-26-21_ProbeB:ProbeB: DONE export metrics and static report in 6.0s
[3h38m22s] bp2_2026-09-15_10-26-21_ProbeB:ProbeB: START export Phy
[3h38m22s] bp2_2026-09-15_10-26-21_ProbeB:ProbeB: Phy export will reuse existing analyzer extension: spike_amplitudes
[3h38m22s] bp2_2026-09-15_10-26-21_ProbeB:ProbeB: Phy export will skip pc_features.npy because qc.phy_compute_pc_features=false
Run:
phy template-gui  C:\Users\jordan\Desktop\mouse_arena_recordings\bp2_2026-09-15_10-26-21\Record Node 101\experiment1\recording1\continuous\Neuropix-PXI-100.ProbeB\spikeinterface_output\phy\params.py
[3h38m32s] bp2_2026-09-15_10-26-21_ProbeB:ProbeB: Phy dat_path patched to original recording: C:\Users\jordan\Desktop\mouse_arena_recordings\bp2_2026-09-15_10-26-21\Record Node 101\experiment1\recording1\continuous\Neuropix-PXI-100.ProbeB\continuous.dat
[3h38m32s] bp2_2026-09-15_10-26-21_ProbeB:ProbeB: wrote Phy UnitRefine TSVs: cluster_unitrefine_label.tsv, cluster_unitrefine_probability.tsv
[3h38m32s] bp2_2026-09-15_10-26-21_ProbeB:ProbeB: DONE export Phy in 10.1s
[3h38m32s] bp2_2026-09-15_10-26-21_ProbeB:ProbeB: START finalize manifest and registry
[3h38m33s] bp2_2026-09-15_10-26-21_ProbeB:ProbeB: DONE finalize manifest and registry in 0.5s
[3h38m33s] bp2_2026-09-15_10-26-21_ProbeB:ProbeB: START backup completed outputs
[3h38m33s] bp2_2026-09-15_10-26-21_ProbeB:ProbeB: generated-output backup disabled
[3h38m33s] bp2_2026-09-15_10-26-21_ProbeB:ProbeB: full local recording archive disabled
[3h38m33s] bp2_2026-09-15_10-26-21_ProbeB:ProbeB: DONE backup completed outputs in 0.0s
bp2_2026-09-15_10-26-21_ProbeB | ProbeB | complete
