[0.0s] jlh62_2026-07-31_14-35-53_ProbeB:ProbeB: START verify raw backup
[0.1s] jlh62_2026-07-31_14-35-53_ProbeB:ProbeB: raw backup verified: \\denmanlab\s2\mouse_arena_recordings\jlh62_2026-07-31_14-35-53
[0.2s] jlh62_2026-07-31_14-35-53_ProbeB:ProbeB: DONE verify raw backup in 0.1s
[0.2s] jlh62_2026-07-31_14-35-53_ProbeB:ProbeB: START initialize output and registry
[0.2s] jlh62_2026-07-31_14-35-53_ProbeB:ProbeB: DONE initialize output and registry in 0.0s
[0.2s] jlh62_2026-07-31_14-35-53_ProbeB:ProbeB: START load Open Ephys recording and probe map
[1.3s] jlh62_2026-07-31_14-35-53_ProbeB:ProbeB: recording: 384 channels, 1898.0s, 30000.0 Hz
[1.3s] jlh62_2026-07-31_14-35-53_ProbeB:ProbeB: DONE load Open Ephys recording and probe map in 1.1s
[1.3s] jlh62_2026-07-31_14-35-53_ProbeB:ProbeB: START validate geometry and compute hashes
[1.3s] jlh62_2026-07-31_14-35-53_ProbeB:ProbeB: DONE validate geometry and compute hashes in 0.0s
[1.3s] jlh62_2026-07-31_14-35-53_ProbeB:ProbeB: START apply Neuropixels phase shift
[1.3s] jlh62_2026-07-31_14-35-53_ProbeB:ProbeB: phase_shift applied
[1.3s] jlh62_2026-07-31_14-35-53_ProbeB:ProbeB: DONE apply Neuropixels phase shift in 0.0s
[1.3s] jlh62_2026-07-31_14-35-53_ProbeB:ProbeB: START apply SpikeInterface CAR and plot traces
[3.4s] jlh62_2026-07-31_14-35-53_ProbeB:ProbeB: CAR operator=median; pre/post CAR plot: C:\Users\jordan\Desktop\mouse_arena_recordings\jlh62_2026-07-31_14-35-53\Record Node 101\experiment1\recording1\continuous\Neuropix-PXI-100.ProbeB\spikeinterface_output\report\figures\pre_post_car_traces.png
[3.4s] jlh62_2026-07-31_14-35-53_ProbeB:ProbeB: DONE apply SpikeInterface CAR and plot traces in 2.1s
[3.4s] jlh62_2026-07-31_14-35-53_ProbeB:ProbeB: START apply high-pass filter
[3.4s] jlh62_2026-07-31_14-35-53_ProbeB:ProbeB: highpass_filter applied: freq_min=300 Hz
[3.4s] jlh62_2026-07-31_14-35-53_ProbeB:ProbeB: DONE apply high-pass filter in 0.0s
[3.4s] jlh62_2026-07-31_14-35-53_ProbeB:ProbeB: START detect bad channels
[41.3s] jlh62_2026-07-31_14-35-53_ProbeB:ProbeB: bad channels detected: 378; excluded from sorting: 0
[41.3s] jlh62_2026-07-31_14-35-53_ProbeB:ProbeB: DONE detect bad channels in 37.9s
[41.3s] jlh62_2026-07-31_14-35-53_ProbeB:ProbeB: START optional SpikeInterface motion correction
[41.3s] jlh62_2026-07-31_14-35-53_ProbeB:ProbeB: using Kilosort4 drift correction
[41.3s] jlh62_2026-07-31_14-35-53_ProbeB:ProbeB: DONE optional SpikeInterface motion correction in 0.0s
[41.3s] jlh62_2026-07-31_14-35-53_ProbeB:ProbeB: START prepare Kilosort4 parameters
[41.3s] jlh62_2026-07-31_14-35-53_ProbeB:ProbeB: Kilosort4 preprocessing: do_CAR=False, do_correction=True, bad_channels=0
[41.3s] jlh62_2026-07-31_14-35-53_ProbeB:ProbeB: DONE prepare Kilosort4 parameters in 0.1s
[41.3s] jlh62_2026-07-31_14-35-53_ProbeB:ProbeB: START run Kilosort4
Skipping common average reference.
kilosort4 run time 1266.21s
[52m32s] jlh62_2026-07-31_14-35-53_ProbeB:ProbeB: Kilosort4 units: 386
[52m32s] jlh62_2026-07-31_14-35-53_ProbeB:ProbeB: DONE run Kilosort4 in 51m50s
[52m32s] jlh62_2026-07-31_14-35-53_ProbeB:ProbeB: START compute SortingAnalyzer extensions
[1h38m46s] jlh62_2026-07-31_14-35-53_ProbeB:ProbeB: SortingAnalyzer job kwargs: chunk_duration=1s, n_jobs=8, progress_bar=True; multiprocessing fallback_n_jobs=2
[1h38m46s] jlh62_2026-07-31_14-35-53_ProbeB:ProbeB: compute analyzer extension: random_spikes
[1h38m46s] jlh62_2026-07-31_14-35-53_ProbeB:ProbeB: compute analyzer extension: waveforms
[2h00m49s] jlh62_2026-07-31_14-35-53_ProbeB:ProbeB: compute analyzer extension: templates
[2h00m51s] jlh62_2026-07-31_14-35-53_ProbeB:ProbeB: compute analyzer extension: noise_levels
[2h01m29s] jlh62_2026-07-31_14-35-53_ProbeB:ProbeB: compute analyzer extension: spike_amplitudes
[2h34m52s] jlh62_2026-07-31_14-35-53_ProbeB:ProbeB: compute analyzer extension: unit_locations
[2h35m06s] jlh62_2026-07-31_14-35-53_ProbeB:ProbeB: compute analyzer extension: spike_locations
[3h08m39s] jlh62_2026-07-31_14-35-53_ProbeB:ProbeB: compute analyzer extension: principal_components
