[0.0s] jlh60_2026-07-10_12-42-36_ProbeA:ProbeA: START verify raw backup
[0.4s] jlh60_2026-07-10_12-42-36_ProbeA:ProbeA: raw backup verified: \\denmanlab\s2\mouse_arena_recordings\jlh60_2026-07-10_12-42-36
[0.4s] jlh60_2026-07-10_12-42-36_ProbeA:ProbeA: DONE verify raw backup in 0.4s
[0.4s] jlh60_2026-07-10_12-42-36_ProbeA:ProbeA: START initialize output and registry
[0.5s] jlh60_2026-07-10_12-42-36_ProbeA:ProbeA: DONE initialize output and registry in 0.0s
[0.5s] jlh60_2026-07-10_12-42-36_ProbeA:ProbeA: START load Open Ephys recording and probe map
[1.6s] jlh60_2026-07-10_12-42-36_ProbeA:ProbeA: recording: 384 channels, 1962.9s, 30000.0 Hz
[1.6s] jlh60_2026-07-10_12-42-36_ProbeA:ProbeA: DONE load Open Ephys recording and probe map in 1.1s
[1.6s] jlh60_2026-07-10_12-42-36_ProbeA:ProbeA: START validate geometry and compute hashes
[1.6s] jlh60_2026-07-10_12-42-36_ProbeA:ProbeA: DONE validate geometry and compute hashes in 0.0s
[1.6s] jlh60_2026-07-10_12-42-36_ProbeA:ProbeA: START apply Neuropixels phase shift
[1.6s] jlh60_2026-07-10_12-42-36_ProbeA:ProbeA: phase_shift applied
[1.6s] jlh60_2026-07-10_12-42-36_ProbeA:ProbeA: DONE apply Neuropixels phase shift in 0.0s
[1.6s] jlh60_2026-07-10_12-42-36_ProbeA:ProbeA: START apply SpikeInterface CAR and plot traces
[3.8s] jlh60_2026-07-10_12-42-36_ProbeA:ProbeA: CAR operator=median; pre/post CAR plot: C:\Users\jordan\Desktop\mouse_arena_recordings\jlh60_2026-07-10_12-42-36\Record Node 101\experiment1\recording1\continuous\Neuropix-PXI-100.ProbeA\spikeinterface_output\report\figures\pre_post_car_traces.png
[3.8s] jlh60_2026-07-10_12-42-36_ProbeA:ProbeA: DONE apply SpikeInterface CAR and plot traces in 2.2s
[3.8s] jlh60_2026-07-10_12-42-36_ProbeA:ProbeA: START apply high-pass filter
[3.8s] jlh60_2026-07-10_12-42-36_ProbeA:ProbeA: highpass_filter applied: freq_min=300 Hz
[3.8s] jlh60_2026-07-10_12-42-36_ProbeA:ProbeA: DONE apply high-pass filter in 0.0s
[3.8s] jlh60_2026-07-10_12-42-36_ProbeA:ProbeA: START detect bad channels
[44.6s] jlh60_2026-07-10_12-42-36_ProbeA:ProbeA: bad channels detected: 366; excluded from sorting: 0
[44.7s] jlh60_2026-07-10_12-42-36_ProbeA:ProbeA: DONE detect bad channels in 40.9s
[44.7s] jlh60_2026-07-10_12-42-36_ProbeA:ProbeA: START optional SpikeInterface motion correction
[44.7s] jlh60_2026-07-10_12-42-36_ProbeA:ProbeA: using Kilosort4 drift correction
[44.7s] jlh60_2026-07-10_12-42-36_ProbeA:ProbeA: DONE optional SpikeInterface motion correction in 0.0s
[44.7s] jlh60_2026-07-10_12-42-36_ProbeA:ProbeA: START prepare Kilosort4 parameters
[44.7s] jlh60_2026-07-10_12-42-36_ProbeA:ProbeA: Kilosort4 preprocessing: do_CAR=False, do_correction=True, bad_channels=0
[44.7s] jlh60_2026-07-10_12-42-36_ProbeA:ProbeA: DONE prepare Kilosort4 parameters in 0.1s
[44.7s] jlh60_2026-07-10_12-42-36_ProbeA:ProbeA: START run Kilosort4
Skipping common average reference.
kilosort4 run time 1361.79s
[55m31s] jlh60_2026-07-10_12-42-36_ProbeA:ProbeA: Kilosort4 units: 380
[55m31s] jlh60_2026-07-10_12-42-36_ProbeA:ProbeA: DONE run Kilosort4 in 54m46s
[55m31s] jlh60_2026-07-10_12-42-36_ProbeA:ProbeA: START compute SortingAnalyzer extensions
[1h44m01s] jlh60_2026-07-10_12-42-36_ProbeA:ProbeA: SortingAnalyzer job kwargs: chunk_duration=1s, n_jobs=8, progress_bar=True; multiprocessing fallback_n_jobs=2
[1h44m01s] jlh60_2026-07-10_12-42-36_ProbeA:ProbeA: compute analyzer extension: random_spikes
[1h44m01s] jlh60_2026-07-10_12-42-36_ProbeA:ProbeA: compute analyzer extension: waveforms
[2h07m01s] jlh60_2026-07-10_12-42-36_ProbeA:ProbeA: compute analyzer extension: templates
[2h07m04s] jlh60_2026-07-10_12-42-36_ProbeA:ProbeA: compute analyzer extension: noise_levels
[2h07m40s] jlh60_2026-07-10_12-42-36_ProbeA:ProbeA: compute analyzer extension: spike_amplitudes
[2h41m55s] jlh60_2026-07-10_12-42-36_ProbeA:ProbeA: compute analyzer extension: unit_locations
[2h41m58s] jlh60_2026-07-10_12-42-36_ProbeA:ProbeA: compute analyzer extension: spike_locations
[3h15m58s] jlh60_2026-07-10_12-42-36_ProbeA:ProbeA: compute analyzer extension: principal_components
[4h13m27s] jlh60_2026-07-10_12-42-36_ProbeA:ProbeA: compute analyzer extension: correlograms
[4h13m33s] jlh60_2026-07-10_12-42-36_ProbeA:ProbeA: compute analyzer extension: isi_histograms
[4h13m35s] jlh60_2026-07-10_12-42-36_ProbeA:ProbeA: compute analyzer extension: quality_metrics
[6h57m04s] jlh60_2026-07-10_12-42-36_ProbeA:ProbeA: compute analyzer extension: template_metrics
[6h57m06s] jlh60_2026-07-10_12-42-36_ProbeA:ProbeA: DONE compute SortingAnalyzer extensions in 6h01m35s
[6h57m06s] jlh60_2026-07-10_12-42-36_ProbeA:ProbeA: START export metrics and static report
[6h57m20s] jlh60_2026-07-10_12-42-36_ProbeA:ProbeA: DONE export metrics and static report in 13.2s
[6h57m20s] jlh60_2026-07-10_12-42-36_ProbeA:ProbeA: START export Phy
[6h57m20s] jlh60_2026-07-10_12-42-36_ProbeA:ProbeA: Phy export will reuse existing analyzer extension: spike_amplitudes
[6h57m20s] jlh60_2026-07-10_12-42-36_ProbeA:ProbeA: Phy export will skip pc_features.npy because qc.phy_compute_pc_features=false
Run:
phy template-gui  C:\Users\jordan\Desktop\mouse_arena_recordings\jlh60_2026-07-10_12-42-36\Record Node 101\experiment1\recording1\continuous\Neuropix-PXI-100.ProbeA\spikeinterface_output\phy\params.py
[6h57m31s] jlh60_2026-07-10_12-42-36_ProbeA:ProbeA: Phy dat_path patched to original recording: C:\Users\jordan\Desktop\mouse_arena_recordings\jlh60_2026-07-10_12-42-36\Record Node 101\experiment1\recording1\continuous\Neuropix-PXI-100.ProbeA\continuous.dat
[6h57m31s] jlh60_2026-07-10_12-42-36_ProbeA:ProbeA: wrote Phy UnitRefine TSVs: cluster_unitrefine_label.tsv, cluster_unitrefine_probability.tsv
[6h57m31s] jlh60_2026-07-10_12-42-36_ProbeA:ProbeA: DONE export Phy in 11.1s
[6h57m31s] jlh60_2026-07-10_12-42-36_ProbeA:ProbeA: START finalize manifest and registry
[6h57m31s] jlh60_2026-07-10_12-42-36_ProbeA:ProbeA: DONE finalize manifest and registry in 0.2s
[6h57m31s] jlh60_2026-07-10_12-42-36_ProbeA:ProbeA: START backup completed outputs
[6h57m31s] jlh60_2026-07-10_12-42-36_ProbeA:ProbeA: generated-output backup disabled
[6h57m31s] jlh60_2026-07-10_12-42-36_ProbeA:ProbeA: full local recording archive disabled
[6h57m31s] jlh60_2026-07-10_12-42-36_ProbeA:ProbeA: DONE backup completed outputs in 0.0s
jlh60_2026-07-10_12-42-36_ProbeA | ProbeA | complete
