[0.0s] jlh62_2026-07-14_15-30-14_ProbeB:ProbeB: START verify raw backup
[0.1s] jlh62_2026-07-14_15-30-14_ProbeB:ProbeB: raw backup verified: \\denmanlab\s2\mouse_arena_recordings\jlh62_2026-07-14_15-30-14
[0.1s] jlh62_2026-07-14_15-30-14_ProbeB:ProbeB: DONE verify raw backup in 0.1s
[0.2s] jlh62_2026-07-14_15-30-14_ProbeB:ProbeB: START initialize output and registry
[0.2s] jlh62_2026-07-14_15-30-14_ProbeB:ProbeB: DONE initialize output and registry in 0.0s
[0.2s] jlh62_2026-07-14_15-30-14_ProbeB:ProbeB: START load Open Ephys recording and probe map
[1.3s] jlh62_2026-07-14_15-30-14_ProbeB:ProbeB: recording: 384 channels, 2163.8s, 30000.0 Hz
[1.3s] jlh62_2026-07-14_15-30-14_ProbeB:ProbeB: DONE load Open Ephys recording and probe map in 1.1s
[1.3s] jlh62_2026-07-14_15-30-14_ProbeB:ProbeB: START validate geometry and compute hashes
[1.3s] jlh62_2026-07-14_15-30-14_ProbeB:ProbeB: DONE validate geometry and compute hashes in 0.0s
[1.3s] jlh62_2026-07-14_15-30-14_ProbeB:ProbeB: START apply Neuropixels phase shift
[1.3s] jlh62_2026-07-14_15-30-14_ProbeB:ProbeB: phase_shift applied
[1.3s] jlh62_2026-07-14_15-30-14_ProbeB:ProbeB: DONE apply Neuropixels phase shift in 0.0s
[1.3s] jlh62_2026-07-14_15-30-14_ProbeB:ProbeB: START apply SpikeInterface CAR and plot traces
[3.4s] jlh62_2026-07-14_15-30-14_ProbeB:ProbeB: CAR operator=median; pre/post CAR plot: C:\Users\jordan\Desktop\mouse_arena_recordings\jlh62_2026-07-14_15-30-14\Record Node 101\experiment1\recording1\continuous\Neuropix-PXI-100.ProbeB\spikeinterface_output\report\figures\pre_post_car_traces.png
[3.4s] jlh62_2026-07-14_15-30-14_ProbeB:ProbeB: DONE apply SpikeInterface CAR and plot traces in 2.1s
[3.4s] jlh62_2026-07-14_15-30-14_ProbeB:ProbeB: START apply high-pass filter
[3.4s] jlh62_2026-07-14_15-30-14_ProbeB:ProbeB: highpass_filter applied: freq_min=300 Hz
[3.4s] jlh62_2026-07-14_15-30-14_ProbeB:ProbeB: DONE apply high-pass filter in 0.0s
[3.4s] jlh62_2026-07-14_15-30-14_ProbeB:ProbeB: START detect bad channels
[41.9s] jlh62_2026-07-14_15-30-14_ProbeB:ProbeB: bad channels detected: 29; excluded from sorting: 0
[41.9s] jlh62_2026-07-14_15-30-14_ProbeB:ProbeB: DONE detect bad channels in 38.6s
[41.9s] jlh62_2026-07-14_15-30-14_ProbeB:ProbeB: START optional SpikeInterface motion correction
[41.9s] jlh62_2026-07-14_15-30-14_ProbeB:ProbeB: using Kilosort4 drift correction
[41.9s] jlh62_2026-07-14_15-30-14_ProbeB:ProbeB: DONE optional SpikeInterface motion correction in 0.0s
[41.9s] jlh62_2026-07-14_15-30-14_ProbeB:ProbeB: START prepare Kilosort4 parameters
[41.9s] jlh62_2026-07-14_15-30-14_ProbeB:ProbeB: Kilosort4 preprocessing: do_CAR=False, do_correction=True, bad_channels=0
[42.2s] jlh62_2026-07-14_15-30-14_ProbeB:ProbeB: DONE prepare Kilosort4 parameters in 0.3s
[42.2s] jlh62_2026-07-14_15-30-14_ProbeB:ProbeB: START run Kilosort4
Skipping common average reference.
kilosort4 run time 1195.50s
[55m27s] jlh62_2026-07-14_15-30-14_ProbeB:ProbeB: Kilosort4 units: 296
[55m27s] jlh62_2026-07-14_15-30-14_ProbeB:ProbeB: DONE run Kilosort4 in 54m45s
[55m27s] jlh62_2026-07-14_15-30-14_ProbeB:ProbeB: START compute SortingAnalyzer extensions
[1h47m31s] jlh62_2026-07-14_15-30-14_ProbeB:ProbeB: SortingAnalyzer job kwargs: chunk_duration=1s, n_jobs=8, progress_bar=True; multiprocessing fallback_n_jobs=2
[1h47m31s] jlh62_2026-07-14_15-30-14_ProbeB:ProbeB: compute analyzer extension: random_spikes
[1h47m31s] jlh62_2026-07-14_15-30-14_ProbeB:ProbeB: compute analyzer extension: waveforms
[2h14m12s] jlh62_2026-07-14_15-30-14_ProbeB:ProbeB: compute analyzer extension: templates
[2h14m13s] jlh62_2026-07-14_15-30-14_ProbeB:ProbeB: compute analyzer extension: noise_levels
[2h14m56s] jlh62_2026-07-14_15-30-14_ProbeB:ProbeB: compute analyzer extension: spike_amplitudes
[2h16m13s] jlh62_2026-07-14_15-30-14_ProbeB:ProbeB: spike_amplitudes failed with multiprocessing error ([Errno 22] Invalid argument); retrying with chunk_duration=1s, n_jobs=2, progress_bar=True
[2h16m13s] jlh62_2026-07-14_15-30-14_ProbeB:ProbeB: SpikeInterface could not delete partial spike_amplitudes; removing extension folder
[3h01m41s] jlh62_2026-07-14_15-30-14_ProbeB:ProbeB: using fallback SortingAnalyzer job kwargs for remaining extensions: chunk_duration=1s, n_jobs=2, progress_bar=True
[3h01m41s] jlh62_2026-07-14_15-30-14_ProbeB:ProbeB: compute analyzer extension: unit_locations
[3h01m58s] jlh62_2026-07-14_15-30-14_ProbeB:ProbeB: compute analyzer extension: spike_locations
[3h46m44s] jlh62_2026-07-14_15-30-14_ProbeB:ProbeB: compute analyzer extension: principal_components
[4h24m16s] jlh62_2026-07-14_15-30-14_ProbeB:ProbeB: compute analyzer extension: correlograms
[4h24m18s] jlh62_2026-07-14_15-30-14_ProbeB:ProbeB: compute analyzer extension: isi_histograms
[4h24m19s] jlh62_2026-07-14_15-30-14_ProbeB:ProbeB: compute analyzer extension: quality_metrics
[10h40m43s] jlh62_2026-07-14_15-30-14_ProbeB:ProbeB: compute analyzer extension: template_metrics
[10h40m45s] jlh62_2026-07-14_15-30-14_ProbeB:ProbeB: DONE compute SortingAnalyzer extensions in 9h45m17s
[10h40m45s] jlh62_2026-07-14_15-30-14_ProbeB:ProbeB: START export metrics and static report
[10h40m54s] jlh62_2026-07-14_15-30-14_ProbeB:ProbeB: DONE export metrics and static report in 9.1s
[10h40m54s] jlh62_2026-07-14_15-30-14_ProbeB:ProbeB: START export Phy
[10h40m54s] jlh62_2026-07-14_15-30-14_ProbeB:ProbeB: Phy export will reuse existing analyzer extension: spike_amplitudes
[10h40m54s] jlh62_2026-07-14_15-30-14_ProbeB:ProbeB: Phy export will skip pc_features.npy because qc.phy_compute_pc_features=false
Run:
phy template-gui  C:\Users\jordan\Desktop\mouse_arena_recordings\jlh62_2026-07-14_15-30-14\Record Node 101\experiment1\recording1\continuous\Neuropix-PXI-100.ProbeB\spikeinterface_output\phy\params.py
[10h41m07s] jlh62_2026-07-14_15-30-14_ProbeB:ProbeB: Phy dat_path patched to original recording: C:\Users\jordan\Desktop\mouse_arena_recordings\jlh62_2026-07-14_15-30-14\Record Node 101\experiment1\recording1\continuous\Neuropix-PXI-100.ProbeB\continuous.dat
[10h41m07s] jlh62_2026-07-14_15-30-14_ProbeB:ProbeB: wrote Phy UnitRefine TSVs: cluster_unitrefine_label.tsv, cluster_unitrefine_probability.tsv
[10h41m07s] jlh62_2026-07-14_15-30-14_ProbeB:ProbeB: DONE export Phy in 13.0s
[10h41m07s] jlh62_2026-07-14_15-30-14_ProbeB:ProbeB: START finalize manifest and registry
[10h41m07s] jlh62_2026-07-14_15-30-14_ProbeB:ProbeB: DONE finalize manifest and registry in 0.2s
[10h41m07s] jlh62_2026-07-14_15-30-14_ProbeB:ProbeB: START backup completed outputs
[10h41m07s] jlh62_2026-07-14_15-30-14_ProbeB:ProbeB: generated-output backup disabled
[10h41m07s] jlh62_2026-07-14_15-30-14_ProbeB:ProbeB: full local recording archive disabled
[10h41m07s] jlh62_2026-07-14_15-30-14_ProbeB:ProbeB: DONE backup completed outputs in 0.0s
jlh62_2026-07-14_15-30-14_ProbeB | ProbeB | complete
