[0.0s] jlh60_2026-07-07_11-10-44_ProbeA:ProbeA: START verify raw backup
[0.0s] jlh60_2026-07-07_11-10-44_ProbeA:ProbeA: raw backup verified: \\denmanlab\s2\mouse_arena_recordings\jlh60_2026-07-07_11-10-44
[0.1s] jlh60_2026-07-07_11-10-44_ProbeA:ProbeA: DONE verify raw backup in 0.1s
[0.1s] jlh60_2026-07-07_11-10-44_ProbeA:ProbeA: START initialize output and registry
[0.1s] jlh60_2026-07-07_11-10-44_ProbeA:ProbeA: DONE initialize output and registry in 0.0s
[0.1s] jlh60_2026-07-07_11-10-44_ProbeA:ProbeA: START load Open Ephys recording and probe map
[1.5s] jlh60_2026-07-07_11-10-44_ProbeA:ProbeA: recording: 384 channels, 2504.2s, 30000.0 Hz
[1.5s] jlh60_2026-07-07_11-10-44_ProbeA:ProbeA: DONE load Open Ephys recording and probe map in 1.3s
[1.5s] jlh60_2026-07-07_11-10-44_ProbeA:ProbeA: START validate geometry and compute hashes
[1.5s] jlh60_2026-07-07_11-10-44_ProbeA:ProbeA: DONE validate geometry and compute hashes in 0.0s
[1.5s] jlh60_2026-07-07_11-10-44_ProbeA:ProbeA: START apply Neuropixels phase shift
[1.5s] jlh60_2026-07-07_11-10-44_ProbeA:ProbeA: phase_shift applied
[1.5s] jlh60_2026-07-07_11-10-44_ProbeA:ProbeA: DONE apply Neuropixels phase shift in 0.0s
[1.5s] jlh60_2026-07-07_11-10-44_ProbeA:ProbeA: START apply SpikeInterface CAR and plot traces
[3.8s] jlh60_2026-07-07_11-10-44_ProbeA:ProbeA: CAR operator=median; pre/post CAR plot: C:\Users\jordan\Desktop\mouse_arena_recordings\jlh60_2026-07-07_11-10-44\Record Node 101\experiment1\recording1\continuous\Neuropix-PXI-100.ProbeA\spikeinterface_output\report\figures\pre_post_car_traces.png
[3.8s] jlh60_2026-07-07_11-10-44_ProbeA:ProbeA: DONE apply SpikeInterface CAR and plot traces in 2.3s
[3.8s] jlh60_2026-07-07_11-10-44_ProbeA:ProbeA: START apply high-pass filter
[3.8s] jlh60_2026-07-07_11-10-44_ProbeA:ProbeA: highpass_filter applied: freq_min=300 Hz
[3.8s] jlh60_2026-07-07_11-10-44_ProbeA:ProbeA: DONE apply high-pass filter in 0.0s
[3.8s] jlh60_2026-07-07_11-10-44_ProbeA:ProbeA: START detect bad channels
[45.3s] jlh60_2026-07-07_11-10-44_ProbeA:ProbeA: bad channels detected: 358; excluded from sorting: 0
[45.3s] jlh60_2026-07-07_11-10-44_ProbeA:ProbeA: DONE detect bad channels in 41.5s
[45.3s] jlh60_2026-07-07_11-10-44_ProbeA:ProbeA: START optional SpikeInterface motion correction
[45.3s] jlh60_2026-07-07_11-10-44_ProbeA:ProbeA: using Kilosort4 drift correction
[45.3s] jlh60_2026-07-07_11-10-44_ProbeA:ProbeA: DONE optional SpikeInterface motion correction in 0.0s
[45.3s] jlh60_2026-07-07_11-10-44_ProbeA:ProbeA: START prepare Kilosort4 parameters
[45.3s] jlh60_2026-07-07_11-10-44_ProbeA:ProbeA: Kilosort4 preprocessing: do_CAR=False, do_correction=True, bad_channels=0
[45.7s] jlh60_2026-07-07_11-10-44_ProbeA:ProbeA: DONE prepare Kilosort4 parameters in 0.4s
[45.7s] jlh60_2026-07-07_11-10-44_ProbeA:ProbeA: START run Kilosort4
Skipping common average reference.
kilosort4 run time 1793.50s
[1h12m43s] jlh60_2026-07-07_11-10-44_ProbeA:ProbeA: Kilosort4 units: 442
[1h12m43s] jlh60_2026-07-07_11-10-44_ProbeA:ProbeA: DONE run Kilosort4 in 1h11m57s
[1h12m43s] jlh60_2026-07-07_11-10-44_ProbeA:ProbeA: START compute SortingAnalyzer extensions
[2h17m21s] jlh60_2026-07-07_11-10-44_ProbeA:ProbeA: SortingAnalyzer job kwargs: chunk_duration=1s, n_jobs=8, progress_bar=True; multiprocessing fallback_n_jobs=2
[2h17m21s] jlh60_2026-07-07_11-10-44_ProbeA:ProbeA: compute analyzer extension: random_spikes
[2h17m21s] jlh60_2026-07-07_11-10-44_ProbeA:ProbeA: compute analyzer extension: waveforms
[2h48m15s] jlh60_2026-07-07_11-10-44_ProbeA:ProbeA: compute analyzer extension: templates
[2h48m17s] jlh60_2026-07-07_11-10-44_ProbeA:ProbeA: compute analyzer extension: noise_levels
[2h49m00s] jlh60_2026-07-07_11-10-44_ProbeA:ProbeA: compute analyzer extension: spike_amplitudes
[3h36m02s] jlh60_2026-07-07_11-10-44_ProbeA:ProbeA: compute analyzer extension: unit_locations
[3h36m04s] jlh60_2026-07-07_11-10-44_ProbeA:ProbeA: compute analyzer extension: spike_locations
[4h22m35s] jlh60_2026-07-07_11-10-44_ProbeA:ProbeA: compute analyzer extension: principal_components
[5h36m33s] jlh60_2026-07-07_11-10-44_ProbeA:ProbeA: compute analyzer extension: correlograms
[5h36m39s] jlh60_2026-07-07_11-10-44_ProbeA:ProbeA: compute analyzer extension: isi_histograms
[5h36m41s] jlh60_2026-07-07_11-10-44_ProbeA:ProbeA: compute analyzer extension: quality_metrics
[9h03m37s] jlh60_2026-07-07_11-10-44_ProbeA:ProbeA: compute analyzer extension: template_metrics
[9h03m40s] jlh60_2026-07-07_11-10-44_ProbeA:ProbeA: DONE compute SortingAnalyzer extensions in 7h50m56s
[9h03m40s] jlh60_2026-07-07_11-10-44_ProbeA:ProbeA: START export metrics and static report
[9h03m54s] jlh60_2026-07-07_11-10-44_ProbeA:ProbeA: DONE export metrics and static report in 14.7s
[9h03m54s] jlh60_2026-07-07_11-10-44_ProbeA:ProbeA: START export Phy
[9h03m54s] jlh60_2026-07-07_11-10-44_ProbeA:ProbeA: Phy export will reuse existing analyzer extension: spike_amplitudes
[9h03m54s] jlh60_2026-07-07_11-10-44_ProbeA:ProbeA: Phy export will skip pc_features.npy because qc.phy_compute_pc_features=false
Run:
phy template-gui  C:\Users\jordan\Desktop\mouse_arena_recordings\jlh60_2026-07-07_11-10-44\Record Node 101\experiment1\recording1\continuous\Neuropix-PXI-100.ProbeA\spikeinterface_output\phy\params.py
[9h04m07s] jlh60_2026-07-07_11-10-44_ProbeA:ProbeA: Phy dat_path patched to original recording: C:\Users\jordan\Desktop\mouse_arena_recordings\jlh60_2026-07-07_11-10-44\Record Node 101\experiment1\recording1\continuous\Neuropix-PXI-100.ProbeA\continuous.dat
[9h04m07s] jlh60_2026-07-07_11-10-44_ProbeA:ProbeA: wrote Phy UnitRefine TSVs: cluster_unitrefine_label.tsv, cluster_unitrefine_probability.tsv
[9h04m07s] jlh60_2026-07-07_11-10-44_ProbeA:ProbeA: DONE export Phy in 12.7s
[9h04m07s] jlh60_2026-07-07_11-10-44_ProbeA:ProbeA: START finalize manifest and registry
[9h04m07s] jlh60_2026-07-07_11-10-44_ProbeA:ProbeA: DONE finalize manifest and registry in 0.1s
[9h04m07s] jlh60_2026-07-07_11-10-44_ProbeA:ProbeA: START backup completed outputs
[9h04m07s] jlh60_2026-07-07_11-10-44_ProbeA:ProbeA: generated-output backup disabled
[9h04m07s] jlh60_2026-07-07_11-10-44_ProbeA:ProbeA: full local recording archive disabled
[9h04m07s] jlh60_2026-07-07_11-10-44_ProbeA:ProbeA: DONE backup completed outputs in 0.0s
jlh60_2026-07-07_11-10-44_ProbeA | ProbeA | complete
