[0.0s] jlh62_2026-07-13_11-27-00_ProbeB:ProbeB: START verify raw backup
[0.1s] jlh62_2026-07-13_11-27-00_ProbeB:ProbeB: raw backup verified: \\denmanlab\s2\mouse_arena_recordings\jlh62_2026-07-13_11-27-00
[0.1s] jlh62_2026-07-13_11-27-00_ProbeB:ProbeB: DONE verify raw backup in 0.1s
[0.1s] jlh62_2026-07-13_11-27-00_ProbeB:ProbeB: START initialize output and registry
[0.2s] jlh62_2026-07-13_11-27-00_ProbeB:ProbeB: DONE initialize output and registry in 0.0s
[0.2s] jlh62_2026-07-13_11-27-00_ProbeB:ProbeB: START load Open Ephys recording and probe map
[2.1s] jlh62_2026-07-13_11-27-00_ProbeB:ProbeB: recording: 384 channels, 2180.6s, 30000.0 Hz
[2.1s] jlh62_2026-07-13_11-27-00_ProbeB:ProbeB: DONE load Open Ephys recording and probe map in 1.9s
[2.1s] jlh62_2026-07-13_11-27-00_ProbeB:ProbeB: START validate geometry and compute hashes
[2.1s] jlh62_2026-07-13_11-27-00_ProbeB:ProbeB: DONE validate geometry and compute hashes in 0.0s
[2.1s] jlh62_2026-07-13_11-27-00_ProbeB:ProbeB: START apply Neuropixels phase shift
[2.1s] jlh62_2026-07-13_11-27-00_ProbeB:ProbeB: phase_shift applied
[2.1s] jlh62_2026-07-13_11-27-00_ProbeB:ProbeB: DONE apply Neuropixels phase shift in 0.0s
[2.1s] jlh62_2026-07-13_11-27-00_ProbeB:ProbeB: START apply SpikeInterface CAR and plot traces
[4.3s] jlh62_2026-07-13_11-27-00_ProbeB:ProbeB: CAR operator=median; pre/post CAR plot: D:\jlh62_2026-07-13_11-27-00\Record Node 101\experiment1\recording1\continuous\Neuropix-PXI-100.ProbeB\spikeinterface_output\report\figures\pre_post_car_traces.png
[4.3s] jlh62_2026-07-13_11-27-00_ProbeB:ProbeB: DONE apply SpikeInterface CAR and plot traces in 2.2s
[4.3s] jlh62_2026-07-13_11-27-00_ProbeB:ProbeB: START apply high-pass filter
[4.3s] jlh62_2026-07-13_11-27-00_ProbeB:ProbeB: highpass_filter applied: freq_min=300 Hz
[4.3s] jlh62_2026-07-13_11-27-00_ProbeB:ProbeB: DONE apply high-pass filter in 0.0s
[4.3s] jlh62_2026-07-13_11-27-00_ProbeB:ProbeB: START detect bad channels
[45.8s] jlh62_2026-07-13_11-27-00_ProbeB:ProbeB: bad channels detected: 21; excluded from sorting: 0
[45.8s] jlh62_2026-07-13_11-27-00_ProbeB:ProbeB: DONE detect bad channels in 41.6s
[45.8s] jlh62_2026-07-13_11-27-00_ProbeB:ProbeB: START optional SpikeInterface motion correction
[45.8s] jlh62_2026-07-13_11-27-00_ProbeB:ProbeB: using Kilosort4 drift correction
[45.8s] jlh62_2026-07-13_11-27-00_ProbeB:ProbeB: DONE optional SpikeInterface motion correction in 0.0s
[45.8s] jlh62_2026-07-13_11-27-00_ProbeB:ProbeB: START prepare Kilosort4 parameters
[45.8s] jlh62_2026-07-13_11-27-00_ProbeB:ProbeB: Kilosort4 preprocessing: do_CAR=False, do_correction=True, bad_channels=0
[45.9s] jlh62_2026-07-13_11-27-00_ProbeB:ProbeB: DONE prepare Kilosort4 parameters in 0.1s
[45.9s] jlh62_2026-07-13_11-27-00_ProbeB:ProbeB: START run Kilosort4
Skipping common average reference.
kilosort4 run time 1480.81s
[1h03m51s] jlh62_2026-07-13_11-27-00_ProbeB:ProbeB: Kilosort4 units: 377
[1h03m51s] jlh62_2026-07-13_11-27-00_ProbeB:ProbeB: DONE run Kilosort4 in 1h03m05s
[1h03m51s] jlh62_2026-07-13_11-27-00_ProbeB:ProbeB: START compute SortingAnalyzer extensions
[1h59m15s] jlh62_2026-07-13_11-27-00_ProbeB:ProbeB: SortingAnalyzer job kwargs: chunk_duration=1s, n_jobs=8, progress_bar=True; multiprocessing fallback_n_jobs=2
[1h59m15s] jlh62_2026-07-13_11-27-00_ProbeB:ProbeB: compute analyzer extension: random_spikes
[1h59m15s] jlh62_2026-07-13_11-27-00_ProbeB:ProbeB: compute analyzer extension: waveforms
[2h25m19s] jlh62_2026-07-13_11-27-00_ProbeB:ProbeB: compute analyzer extension: templates
[2h25m21s] jlh62_2026-07-13_11-27-00_ProbeB:ProbeB: compute analyzer extension: noise_levels
[2h26m06s] jlh62_2026-07-13_11-27-00_ProbeB:ProbeB: compute analyzer extension: spike_amplitudes
[3h06m01s] jlh62_2026-07-13_11-27-00_ProbeB:ProbeB: compute analyzer extension: unit_locations
[3h06m33s] jlh62_2026-07-13_11-27-00_ProbeB:ProbeB: compute analyzer extension: spike_locations
[3h46m32s] jlh62_2026-07-13_11-27-00_ProbeB:ProbeB: compute analyzer extension: principal_components
[4h53m42s] jlh62_2026-07-13_11-27-00_ProbeB:ProbeB: compute analyzer extension: correlograms
[4h53m44s] jlh62_2026-07-13_11-27-00_ProbeB:ProbeB: compute analyzer extension: isi_histograms
[4h53m44s] jlh62_2026-07-13_11-27-00_ProbeB:ProbeB: compute analyzer extension: quality_metrics
[8h34m29s] jlh62_2026-07-13_11-27-00_ProbeB:ProbeB: compute analyzer extension: template_metrics
[8h34m32s] jlh62_2026-07-13_11-27-00_ProbeB:ProbeB: DONE compute SortingAnalyzer extensions in 7h30m41s
[8h34m32s] jlh62_2026-07-13_11-27-00_ProbeB:ProbeB: START export metrics and static report
[8h34m42s] jlh62_2026-07-13_11-27-00_ProbeB:ProbeB: DONE export metrics and static report in 9.5s
[8h34m42s] jlh62_2026-07-13_11-27-00_ProbeB:ProbeB: START export Phy
[8h34m42s] jlh62_2026-07-13_11-27-00_ProbeB:ProbeB: Phy export will reuse existing analyzer extension: spike_amplitudes
[8h34m42s] jlh62_2026-07-13_11-27-00_ProbeB:ProbeB: Phy export will skip pc_features.npy because qc.phy_compute_pc_features=false
Run:
phy template-gui  D:\jlh62_2026-07-13_11-27-00\Record Node 101\experiment1\recording1\continuous\Neuropix-PXI-100.ProbeB\spikeinterface_output\phy\params.py
[8h34m53s] jlh62_2026-07-13_11-27-00_ProbeB:ProbeB: Phy dat_path patched to original recording: D:\jlh62_2026-07-13_11-27-00\Record Node 101\experiment1\recording1\continuous\Neuropix-PXI-100.ProbeB\continuous.dat
[8h34m53s] jlh62_2026-07-13_11-27-00_ProbeB:ProbeB: wrote Phy UnitRefine TSVs: cluster_unitrefine_label.tsv, cluster_unitrefine_probability.tsv
[8h34m53s] jlh62_2026-07-13_11-27-00_ProbeB:ProbeB: DONE export Phy in 11.6s
[8h34m53s] jlh62_2026-07-13_11-27-00_ProbeB:ProbeB: START finalize manifest and registry
[8h34m53s] jlh62_2026-07-13_11-27-00_ProbeB:ProbeB: DONE finalize manifest and registry in 0.1s
[8h34m53s] jlh62_2026-07-13_11-27-00_ProbeB:ProbeB: START backup completed outputs
[8h34m53s] jlh62_2026-07-13_11-27-00_ProbeB:ProbeB: generated-output backup disabled
[8h34m53s] jlh62_2026-07-13_11-27-00_ProbeB:ProbeB: full local recording archive disabled
[8h34m53s] jlh62_2026-07-13_11-27-00_ProbeB:ProbeB: DONE backup completed outputs in 0.0s
jlh62_2026-07-13_11-27-00_ProbeB | ProbeB | complete
