[0.0s] jlh60_2026-07-27_10-45-39_ProbeA:ProbeA: START verify raw backup
[0.0s] jlh60_2026-07-27_10-45-39_ProbeA:ProbeA: raw backup verified: \\denmanlab\s2\mouse_arena_recordings\jlh60_2026-07-27_10-45-39
[0.1s] jlh60_2026-07-27_10-45-39_ProbeA:ProbeA: DONE verify raw backup in 0.1s
[0.1s] jlh60_2026-07-27_10-45-39_ProbeA:ProbeA: START initialize output and registry
[0.2s] jlh60_2026-07-27_10-45-39_ProbeA:ProbeA: DONE initialize output and registry in 0.0s
[0.2s] jlh60_2026-07-27_10-45-39_ProbeA:ProbeA: START load Open Ephys recording and probe map
[1.4s] jlh60_2026-07-27_10-45-39_ProbeA:ProbeA: recording: 384 channels, 1928.3s, 30000.0 Hz
[1.5s] jlh60_2026-07-27_10-45-39_ProbeA:ProbeA: DONE load Open Ephys recording and probe map in 1.3s
[1.5s] jlh60_2026-07-27_10-45-39_ProbeA:ProbeA: START validate geometry and compute hashes
[1.5s] jlh60_2026-07-27_10-45-39_ProbeA:ProbeA: DONE validate geometry and compute hashes in 0.0s
[1.5s] jlh60_2026-07-27_10-45-39_ProbeA:ProbeA: START apply Neuropixels phase shift
[1.5s] jlh60_2026-07-27_10-45-39_ProbeA:ProbeA: phase_shift applied
[1.5s] jlh60_2026-07-27_10-45-39_ProbeA:ProbeA: DONE apply Neuropixels phase shift in 0.0s
[1.5s] jlh60_2026-07-27_10-45-39_ProbeA:ProbeA: START apply SpikeInterface CAR and plot traces
[4.1s] jlh60_2026-07-27_10-45-39_ProbeA:ProbeA: CAR operator=median; pre/post CAR plot: C:\Users\jordan\Desktop\mouse_arena_recordings\jlh60_2026-07-27_10-45-39\Record Node 101\experiment1\recording1\continuous\Neuropix-PXI-100.ProbeA\spikeinterface_output\report\figures\pre_post_car_traces.png
[4.1s] jlh60_2026-07-27_10-45-39_ProbeA:ProbeA: DONE apply SpikeInterface CAR and plot traces in 2.7s
[4.1s] jlh60_2026-07-27_10-45-39_ProbeA:ProbeA: START apply high-pass filter
[4.1s] jlh60_2026-07-27_10-45-39_ProbeA:ProbeA: highpass_filter applied: freq_min=300 Hz
[4.1s] jlh60_2026-07-27_10-45-39_ProbeA:ProbeA: DONE apply high-pass filter in 0.0s
[4.1s] jlh60_2026-07-27_10-45-39_ProbeA:ProbeA: START detect bad channels
[47.4s] jlh60_2026-07-27_10-45-39_ProbeA:ProbeA: bad channels detected: 384; excluded from sorting: 0
[47.4s] jlh60_2026-07-27_10-45-39_ProbeA:ProbeA: DONE detect bad channels in 43.3s
[47.4s] jlh60_2026-07-27_10-45-39_ProbeA:ProbeA: START optional SpikeInterface motion correction
[47.4s] jlh60_2026-07-27_10-45-39_ProbeA:ProbeA: using Kilosort4 drift correction
[47.4s] jlh60_2026-07-27_10-45-39_ProbeA:ProbeA: DONE optional SpikeInterface motion correction in 0.0s
[47.4s] jlh60_2026-07-27_10-45-39_ProbeA:ProbeA: START prepare Kilosort4 parameters
[47.4s] jlh60_2026-07-27_10-45-39_ProbeA:ProbeA: Kilosort4 preprocessing: do_CAR=False, do_correction=True, bad_channels=0
[47.5s] jlh60_2026-07-27_10-45-39_ProbeA:ProbeA: DONE prepare Kilosort4 parameters in 0.1s
[47.5s] jlh60_2026-07-27_10-45-39_ProbeA:ProbeA: START run Kilosort4
Skipping common average reference.
kilosort4 run time 1036.60s
[52m29s] jlh60_2026-07-27_10-45-39_ProbeA:ProbeA: Kilosort4 units: 183
[52m29s] jlh60_2026-07-27_10-45-39_ProbeA:ProbeA: DONE run Kilosort4 in 51m41s
[52m29s] jlh60_2026-07-27_10-45-39_ProbeA:ProbeA: START compute SortingAnalyzer extensions
[1h41m08s] jlh60_2026-07-27_10-45-39_ProbeA:ProbeA: SortingAnalyzer job kwargs: chunk_duration=1s, n_jobs=8, progress_bar=True; multiprocessing fallback_n_jobs=2
[1h41m08s] jlh60_2026-07-27_10-45-39_ProbeA:ProbeA: compute analyzer extension: random_spikes
[1h41m08s] jlh60_2026-07-27_10-45-39_ProbeA:ProbeA: compute analyzer extension: waveforms
[2h06m06s] jlh60_2026-07-27_10-45-39_ProbeA:ProbeA: compute analyzer extension: templates
[2h06m07s] jlh60_2026-07-27_10-45-39_ProbeA:ProbeA: compute analyzer extension: noise_levels
[2h06m57s] jlh60_2026-07-27_10-45-39_ProbeA:ProbeA: compute analyzer extension: spike_amplitudes
[2h19m06s] jlh60_2026-07-27_10-45-39_ProbeA:ProbeA: compute analyzer extension: unit_locations
[2h19m08s] jlh60_2026-07-27_10-45-39_ProbeA:ProbeA: compute analyzer extension: spike_locations
[2h20m29s] jlh60_2026-07-27_10-45-39_ProbeA:ProbeA: spike_locations failed with multiprocessing error ([Errno 22] Invalid argument); retrying with chunk_duration=1s, n_jobs=2, progress_bar=True
[2h20m29s] jlh60_2026-07-27_10-45-39_ProbeA:ProbeA: SpikeInterface could not delete partial spike_locations; removing extension folder
[3h05m04s] jlh60_2026-07-27_10-45-39_ProbeA:ProbeA: using fallback SortingAnalyzer job kwargs for remaining extensions: chunk_duration=1s, n_jobs=2, progress_bar=True
[3h05m04s] jlh60_2026-07-27_10-45-39_ProbeA:ProbeA: compute analyzer extension: principal_components
[3h32m20s] jlh60_2026-07-27_10-45-39_ProbeA:ProbeA: compute analyzer extension: correlograms
[3h32m22s] jlh60_2026-07-27_10-45-39_ProbeA:ProbeA: compute analyzer extension: isi_histograms
[3h32m23s] jlh60_2026-07-27_10-45-39_ProbeA:ProbeA: compute analyzer extension: quality_metrics
[7h27m28s] jlh60_2026-07-27_10-45-39_ProbeA:ProbeA: compute analyzer extension: template_metrics
[7h27m29s] jlh60_2026-07-27_10-45-39_ProbeA:ProbeA: DONE compute SortingAnalyzer extensions in 6h35m00s
[7h27m29s] jlh60_2026-07-27_10-45-39_ProbeA:ProbeA: START export metrics and static report
[7h27m38s] jlh60_2026-07-27_10-45-39_ProbeA:ProbeA: DONE export metrics and static report in 8.7s
[7h27m38s] jlh60_2026-07-27_10-45-39_ProbeA:ProbeA: START export Phy
[7h27m38s] jlh60_2026-07-27_10-45-39_ProbeA:ProbeA: Phy export will reuse existing analyzer extension: spike_amplitudes
[7h27m38s] jlh60_2026-07-27_10-45-39_ProbeA:ProbeA: Phy export will skip pc_features.npy because qc.phy_compute_pc_features=false
Run:
phy template-gui  C:\Users\jordan\Desktop\mouse_arena_recordings\jlh60_2026-07-27_10-45-39\Record Node 101\experiment1\recording1\continuous\Neuropix-PXI-100.ProbeA\spikeinterface_output\phy\params.py
[7h27m50s] jlh60_2026-07-27_10-45-39_ProbeA:ProbeA: Phy dat_path patched to original recording: C:\Users\jordan\Desktop\mouse_arena_recordings\jlh60_2026-07-27_10-45-39\Record Node 101\experiment1\recording1\continuous\Neuropix-PXI-100.ProbeA\continuous.dat
[7h27m50s] jlh60_2026-07-27_10-45-39_ProbeA:ProbeA: wrote Phy UnitRefine TSVs: cluster_unitrefine_label.tsv, cluster_unitrefine_probability.tsv
[7h27m50s] jlh60_2026-07-27_10-45-39_ProbeA:ProbeA: DONE export Phy in 11.7s
[7h27m50s] jlh60_2026-07-27_10-45-39_ProbeA:ProbeA: START finalize manifest and registry
[7h27m50s] jlh60_2026-07-27_10-45-39_ProbeA:ProbeA: DONE finalize manifest and registry in 0.5s
[7h27m50s] jlh60_2026-07-27_10-45-39_ProbeA:ProbeA: START backup completed outputs
[7h27m50s] jlh60_2026-07-27_10-45-39_ProbeA:ProbeA: generated-output backup disabled
[7h27m50s] jlh60_2026-07-27_10-45-39_ProbeA:ProbeA: full local recording archive disabled
[7h27m50s] jlh60_2026-07-27_10-45-39_ProbeA:ProbeA: DONE backup completed outputs in 0.0s
jlh60_2026-07-27_10-45-39_ProbeA | ProbeA | complete
