[0.0s] jlh60_2026-06-29_14-31-15_ProbeB:ProbeB:restart_qc: START validate existing Kilosort output
[0.0s] jlh60_2026-06-29_14-31-15_ProbeB:ProbeB:restart_qc: Kilosort output: C:\Users\jordan\Desktop\mouse_arena_recordings\jlh602026-06-29_14-31-15\Record Node 101\experiment1\recording1\continuous\Neuropix-PXI-100.ProbeB\spikeinterface_output\kilosort4
[0.0s] jlh60_2026-06-29_14-31-15_ProbeB:ProbeB:restart_qc: DONE validate existing Kilosort output in 0.0s
[0.0s] jlh60_2026-06-29_14-31-15_ProbeB:ProbeB:restart_qc: START archive existing QC outputs
[0.0s] jlh60_2026-06-29_14-31-15_ProbeB:ProbeB:restart_qc: archive sorting_analyzer
[0.0s] jlh60_2026-06-29_14-31-15_ProbeB:ProbeB:restart_qc: archive report
[0.0s] jlh60_2026-06-29_14-31-15_ProbeB:ProbeB:restart_qc: archived previous QC outputs: C:\Users\jordan\Desktop\mouse_arena_recordings\jlh602026-06-29_14-31-15\Record Node 101\experiment1\recording1\continuous\Neuropix-PXI-100.ProbeB\spikeinterface_output\qc_archive\20260701_085835
[0.0s] jlh60_2026-06-29_14-31-15_ProbeB:ProbeB:restart_qc: DONE archive existing QC outputs in 0.0s
[0.0s] jlh60_2026-06-29_14-31-15_ProbeB:ProbeB:restart_qc: START rebuild preprocessed recording view
[1.3s] jlh60_2026-06-29_14-31-15_ProbeB:ProbeB:restart_qc: recording: 384 channels, 2503.1s, 30000.0 Hz
[1.3s] jlh60_2026-06-29_14-31-15_ProbeB:ProbeB:restart_qc: DONE rebuild preprocessed recording view in 1.2s
[1.3s] jlh60_2026-06-29_14-31-15_ProbeB:ProbeB:restart_qc: START load Kilosort sorting and compute analyzer
[6.1s] jlh60_2026-06-29_14-31-15_ProbeB:ProbeB:restart_qc: Kilosort units: 482
[1h04m19s] jlh60_2026-06-29_14-31-15_ProbeB:ProbeB:restart_qc: SortingAnalyzer job kwargs: chunk_duration=1s, n_jobs=8, progress_bar=True
[1h04m19s] jlh60_2026-06-29_14-31-15_ProbeB:ProbeB:restart_qc: compute analyzer extension: random_spikes
[1h04m19s] jlh60_2026-06-29_14-31-15_ProbeB:ProbeB:restart_qc: compute analyzer extension: waveforms
[1h36m05s] jlh60_2026-06-29_14-31-15_ProbeB:ProbeB:restart_qc: compute analyzer extension: templates
[1h36m08s] jlh60_2026-06-29_14-31-15_ProbeB:ProbeB:restart_qc: compute analyzer extension: noise_levels
[1h36m51s] jlh60_2026-06-29_14-31-15_ProbeB:ProbeB:restart_qc: compute analyzer extension: spike_amplitudes
[1h38m09s] jlh60_2026-06-29_14-31-15_ProbeB:ProbeB:restart_qc: FAILED load Kilosort sorting and compute analyzer after 1h38m08s
