[0.0s] jlh60_2026-07-01_13-49-41_ProbeA:ProbeA:restart_qc: START validate existing Kilosort output
[0.0s] jlh60_2026-07-01_13-49-41_ProbeA:ProbeA:restart_qc: Kilosort output: C:\Users\jordan\Desktop\mouse_arena_recordings\jlh60_2026-07-01_13-49-41\Record Node 101\experiment1\recording1\continuous\Neuropix-PXI-100.ProbeA\spikeinterface_output\kilosort4
[0.0s] jlh60_2026-07-01_13-49-41_ProbeA:ProbeA:restart_qc: DONE validate existing Kilosort output in 0.0s
[0.0s] jlh60_2026-07-01_13-49-41_ProbeA:ProbeA:restart_qc: START archive existing QC outputs
[0.0s] jlh60_2026-07-01_13-49-41_ProbeA:ProbeA:restart_qc: archive sorting_analyzer
[0.0s] jlh60_2026-07-01_13-49-41_ProbeA:ProbeA:restart_qc: archive quality_metrics.csv
[0.0s] jlh60_2026-07-01_13-49-41_ProbeA:ProbeA:restart_qc: archive template_metrics.csv
[0.0s] jlh60_2026-07-01_13-49-41_ProbeA:ProbeA:restart_qc: archive unit_summary.csv
[0.0s] jlh60_2026-07-01_13-49-41_ProbeA:ProbeA:restart_qc: archive summary.json
[0.0s] jlh60_2026-07-01_13-49-41_ProbeA:ProbeA:restart_qc: archive manifest.json
[0.0s] jlh60_2026-07-01_13-49-41_ProbeA:ProbeA:restart_qc: archive phy
[0.0s] jlh60_2026-07-01_13-49-41_ProbeA:ProbeA:restart_qc: archive unitrefine
[0.0s] jlh60_2026-07-01_13-49-41_ProbeA:ProbeA:restart_qc: archive report
[0.0s] jlh60_2026-07-01_13-49-41_ProbeA:ProbeA:restart_qc: archived previous QC outputs: C:\Users\jordan\Desktop\mouse_arena_recordings\jlh60_2026-07-01_13-49-41\Record Node 101\experiment1\recording1\continuous\Neuropix-PXI-100.ProbeA\spikeinterface_output\qc_archive\20260706_160959
[0.0s] jlh60_2026-07-01_13-49-41_ProbeA:ProbeA:restart_qc: DONE archive existing QC outputs in 0.0s
[0.0s] jlh60_2026-07-01_13-49-41_ProbeA:ProbeA:restart_qc: START rebuild preprocessed recording view
[0.9s] jlh60_2026-07-01_13-49-41_ProbeA:ProbeA:restart_qc: recording: 384 channels, 1222.1s, 30000.0 Hz
[0.9s] jlh60_2026-07-01_13-49-41_ProbeA:ProbeA:restart_qc: DONE rebuild preprocessed recording view in 0.9s
[0.9s] jlh60_2026-07-01_13-49-41_ProbeA:ProbeA:restart_qc: START load Kilosort sorting and compute analyzer
[2.4s] jlh60_2026-07-01_13-49-41_ProbeA:ProbeA:restart_qc: Kilosort units: 259
[30m41s] jlh60_2026-07-01_13-49-41_ProbeA:ProbeA:restart_qc: SortingAnalyzer job kwargs: chunk_duration=1s, n_jobs=8, progress_bar=True; multiprocessing fallback_n_jobs=2
[30m41s] jlh60_2026-07-01_13-49-41_ProbeA:ProbeA:restart_qc: compute analyzer extension: random_spikes
[30m41s] jlh60_2026-07-01_13-49-41_ProbeA:ProbeA:restart_qc: compute analyzer extension: waveforms
[46m38s] jlh60_2026-07-01_13-49-41_ProbeA:ProbeA:restart_qc: compute analyzer extension: templates
[46m40s] jlh60_2026-07-01_13-49-41_ProbeA:ProbeA:restart_qc: compute analyzer extension: noise_levels
[47m20s] jlh60_2026-07-01_13-49-41_ProbeA:ProbeA:restart_qc: compute analyzer extension: spike_amplitudes
[54m41s] jlh60_2026-07-01_13-49-41_ProbeA:ProbeA:restart_qc: compute analyzer extension: unit_locations
[54m44s] jlh60_2026-07-01_13-49-41_ProbeA:ProbeA:restart_qc: compute analyzer extension: spike_locations
[1h16m56s] jlh60_2026-07-01_13-49-41_ProbeA:ProbeA:restart_qc: compute analyzer extension: principal_components
[2h00m15s] jlh60_2026-07-01_13-49-41_ProbeA:ProbeA:restart_qc: compute analyzer extension: correlograms
[2h00m18s] jlh60_2026-07-01_13-49-41_ProbeA:ProbeA:restart_qc: compute analyzer extension: isi_histograms
[2h00m19s] jlh60_2026-07-01_13-49-41_ProbeA:ProbeA:restart_qc: compute analyzer extension: quality_metrics
[3h47m00s] jlh60_2026-07-01_13-49-41_ProbeA:ProbeA:restart_qc: compute analyzer extension: template_metrics
[3h47m02s] jlh60_2026-07-01_13-49-41_ProbeA:ProbeA:restart_qc: DONE load Kilosort sorting and compute analyzer in 3h47m01s
[3h47m02s] jlh60_2026-07-01_13-49-41_ProbeA:ProbeA:restart_qc: START export metrics and reports
[3h47m11s] jlh60_2026-07-01_13-49-41_ProbeA:ProbeA:restart_qc: DONE export metrics and reports in 9.1s
[3h47m11s] jlh60_2026-07-01_13-49-41_ProbeA:ProbeA:restart_qc: START export Phy
[3h47m11s] jlh60_2026-07-01_13-49-41_ProbeA:ProbeA:restart_qc: Phy export skipped
[3h47m11s] jlh60_2026-07-01_13-49-41_ProbeA:ProbeA:restart_qc: DONE export Phy in 0.0s
jlh60_2026-07-01_13-49-41_ProbeA | ProbeA | complete
