[0.0s] jlh60_2026-06-29_14-31-15_ProbeA:ProbeA:resume_qc: START load existing SortingAnalyzer
[1.4s] jlh60_2026-06-29_14-31-15_ProbeA:ProbeA:resume_qc: loaded analyzer with saved extensions: correlograms, isi_histograms, noise_levels, principal_components, quality_metrics, random_spikes, spike_amplitudes, spike_locations, template_metrics, template_similarity, templates, unit_locations, waveforms
[1.4s] jlh60_2026-06-29_14-31-15_ProbeA:ProbeA:resume_qc: DONE load existing SortingAnalyzer in 1.4s
[1.4s] jlh60_2026-06-29_14-31-15_ProbeA:ProbeA:resume_qc: START resume SortingAnalyzer extensions
[1.4s] jlh60_2026-06-29_14-31-15_ProbeA:ProbeA:resume_qc: SortingAnalyzer job kwargs: chunk_duration=1s, n_jobs=4, progress_bar=True
[1.4s] jlh60_2026-06-29_14-31-15_ProbeA:ProbeA:resume_qc: skip existing analyzer extension: random_spikes
[1.4s] jlh60_2026-06-29_14-31-15_ProbeA:ProbeA:resume_qc: skip existing analyzer extension: waveforms
[1.4s] jlh60_2026-06-29_14-31-15_ProbeA:ProbeA:resume_qc: skip existing analyzer extension: templates
[1.4s] jlh60_2026-06-29_14-31-15_ProbeA:ProbeA:resume_qc: skip existing analyzer extension: noise_levels
[1.4s] jlh60_2026-06-29_14-31-15_ProbeA:ProbeA:resume_qc: skip existing analyzer extension: spike_amplitudes
[1.4s] jlh60_2026-06-29_14-31-15_ProbeA:ProbeA:resume_qc: skip existing analyzer extension: unit_locations
[1.4s] jlh60_2026-06-29_14-31-15_ProbeA:ProbeA:resume_qc: delete analyzer extension before recompute: spike_locations
[1.4s] jlh60_2026-06-29_14-31-15_ProbeA:ProbeA:resume_qc: SpikeInterface could not delete partial spike_locations; removing extension folder
[1.4s] jlh60_2026-06-29_14-31-15_ProbeA:ProbeA:resume_qc: compute analyzer extension: spike_locations
[43m07s] jlh60_2026-06-29_14-31-15_ProbeA:ProbeA:resume_qc: skip existing analyzer extension: principal_components
[43m07s] jlh60_2026-06-29_14-31-15_ProbeA:ProbeA:resume_qc: skip existing analyzer extension: correlograms
[43m07s] jlh60_2026-06-29_14-31-15_ProbeA:ProbeA:resume_qc: skip existing analyzer extension: isi_histograms
[43m07s] jlh60_2026-06-29_14-31-15_ProbeA:ProbeA:resume_qc: skip existing analyzer extension: quality_metrics
[43m07s] jlh60_2026-06-29_14-31-15_ProbeA:ProbeA:resume_qc: skip existing analyzer extension: template_metrics
[43m07s] jlh60_2026-06-29_14-31-15_ProbeA:ProbeA:resume_qc: DONE resume SortingAnalyzer extensions in 43m06s
[43m07s] jlh60_2026-06-29_14-31-15_ProbeA:ProbeA:resume_qc: START export metrics and static report
[43m20s] jlh60_2026-06-29_14-31-15_ProbeA:ProbeA:resume_qc: DONE export metrics and static report in 13.3s
[43m20s] jlh60_2026-06-29_14-31-15_ProbeA:ProbeA:resume_qc: START export Phy
[43m20s] jlh60_2026-06-29_14-31-15_ProbeA:ProbeA:resume_qc: Phy export skipped
[43m20s] jlh60_2026-06-29_14-31-15_ProbeA:ProbeA:resume_qc: DONE export Phy in 0.0s
jlh60_2026-06-29_14-31-15_ProbeA | ProbeA | complete
