staging recording locally before run_one: \\denmanlab\s2\mouse_arena_recordings\jlh60_2026-06-30_12-16-16
[0.0s] jlh60_2026-06-30_12-16-16_ProbeA:ProbeA: START verify raw backup
[0.1s] jlh60_2026-06-30_12-16-16_ProbeA:ProbeA: raw backup verified: \\denmanlab\s2\mouse_arena_recordings\jlh60_2026-06-30_12-16-16
[0.1s] jlh60_2026-06-30_12-16-16_ProbeA:ProbeA: DONE verify raw backup in 0.1s
[0.1s] jlh60_2026-06-30_12-16-16_ProbeA:ProbeA: START initialize output and registry
[0.1s] jlh60_2026-06-30_12-16-16_ProbeA:ProbeA: DONE initialize output and registry in 0.0s
[0.1s] jlh60_2026-06-30_12-16-16_ProbeA:ProbeA: START load Open Ephys recording and probe map
[1.6s] jlh60_2026-06-30_12-16-16_ProbeA:ProbeA: recording: 384 channels, 2857.4s, 30000.0 Hz
[1.6s] jlh60_2026-06-30_12-16-16_ProbeA:ProbeA: DONE load Open Ephys recording and probe map in 1.4s
[1.6s] jlh60_2026-06-30_12-16-16_ProbeA:ProbeA: START validate geometry and compute hashes
[1.6s] jlh60_2026-06-30_12-16-16_ProbeA:ProbeA: DONE validate geometry and compute hashes in 0.0s
[1.6s] jlh60_2026-06-30_12-16-16_ProbeA:ProbeA: START apply Neuropixels phase shift
[1.6s] jlh60_2026-06-30_12-16-16_ProbeA:ProbeA: phase_shift applied
[1.6s] jlh60_2026-06-30_12-16-16_ProbeA:ProbeA: DONE apply Neuropixels phase shift in 0.0s
[1.6s] jlh60_2026-06-30_12-16-16_ProbeA:ProbeA: START apply SpikeInterface CAR and plot traces
[4.0s] jlh60_2026-06-30_12-16-16_ProbeA:ProbeA: CAR operator=median; pre/post CAR plot: C:\Users\jordan\Desktop\mouse_arena_recordings\jlh60_2026-06-30_12-16-16\Record Node 101\experiment1\recording1\continuous\Neuropix-PXI-100.ProbeA\spikeinterface_output\report\figures\pre_post_car_traces.png
[4.0s] jlh60_2026-06-30_12-16-16_ProbeA:ProbeA: DONE apply SpikeInterface CAR and plot traces in 2.4s
[4.0s] jlh60_2026-06-30_12-16-16_ProbeA:ProbeA: START apply high-pass filter
[4.0s] jlh60_2026-06-30_12-16-16_ProbeA:ProbeA: highpass_filter applied: freq_min=300 Hz
[4.0s] jlh60_2026-06-30_12-16-16_ProbeA:ProbeA: DONE apply high-pass filter in 0.0s
[4.0s] jlh60_2026-06-30_12-16-16_ProbeA:ProbeA: START detect bad channels
[46.6s] jlh60_2026-06-30_12-16-16_ProbeA:ProbeA: bad channels detected: 149; excluded from sorting: 0
[46.6s] jlh60_2026-06-30_12-16-16_ProbeA:ProbeA: DONE detect bad channels in 42.7s
[46.6s] jlh60_2026-06-30_12-16-16_ProbeA:ProbeA: START optional SpikeInterface motion correction
[46.6s] jlh60_2026-06-30_12-16-16_ProbeA:ProbeA: using Kilosort4 drift correction
[46.6s] jlh60_2026-06-30_12-16-16_ProbeA:ProbeA: DONE optional SpikeInterface motion correction in 0.0s
[46.6s] jlh60_2026-06-30_12-16-16_ProbeA:ProbeA: START prepare Kilosort4 parameters
[46.6s] jlh60_2026-06-30_12-16-16_ProbeA:ProbeA: Kilosort4 preprocessing: do_CAR=False, do_correction=True, bad_channels=0
[46.7s] jlh60_2026-06-30_12-16-16_ProbeA:ProbeA: DONE prepare Kilosort4 parameters in 0.1s
[46.7s] jlh60_2026-06-30_12-16-16_ProbeA:ProbeA: START run Kilosort4
Skipping common average reference.
kilosort4 run time 1651.37s
[1h19m07s] jlh60_2026-06-30_12-16-16_ProbeA:ProbeA: Kilosort4 units: 288
[1h19m07s] jlh60_2026-06-30_12-16-16_ProbeA:ProbeA: DONE run Kilosort4 in 1h18m20s
[1h19m07s] jlh60_2026-06-30_12-16-16_ProbeA:ProbeA: START compute SortingAnalyzer extensions
[2h30m06s] jlh60_2026-06-30_12-16-16_ProbeA:ProbeA: SortingAnalyzer job kwargs: chunk_duration=1s, n_jobs=8, progress_bar=True; multiprocessing fallback_n_jobs=2
[2h30m06s] jlh60_2026-06-30_12-16-16_ProbeA:ProbeA: compute analyzer extension: random_spikes
[2h30m06s] jlh60_2026-06-30_12-16-16_ProbeA:ProbeA: compute analyzer extension: waveforms
[3h06m00s] jlh60_2026-06-30_12-16-16_ProbeA:ProbeA: compute analyzer extension: templates
[3h06m02s] jlh60_2026-06-30_12-16-16_ProbeA:ProbeA: compute analyzer extension: noise_levels
[3h06m46s] jlh60_2026-06-30_12-16-16_ProbeA:ProbeA: compute analyzer extension: spike_amplitudes
[4h05m48s] jlh60_2026-06-30_12-16-16_ProbeA:ProbeA: compute analyzer extension: unit_locations
[4h05m52s] jlh60_2026-06-30_12-16-16_ProbeA:ProbeA: compute analyzer extension: spike_locations
[5h01m26s] jlh60_2026-06-30_12-16-16_ProbeA:ProbeA: compute analyzer extension: principal_components
[5h50m28s] jlh60_2026-06-30_12-16-16_ProbeA:ProbeA: compute analyzer extension: correlograms
[5h50m34s] jlh60_2026-06-30_12-16-16_ProbeA:ProbeA: compute analyzer extension: isi_histograms
[5h50m35s] jlh60_2026-06-30_12-16-16_ProbeA:ProbeA: compute analyzer extension: quality_metrics
[7h58m55s] jlh60_2026-06-30_12-16-16_ProbeA:ProbeA: compute analyzer extension: template_metrics
[7h58m58s] jlh60_2026-06-30_12-16-16_ProbeA:ProbeA: DONE compute SortingAnalyzer extensions in 6h39m50s
[7h58m58s] jlh60_2026-06-30_12-16-16_ProbeA:ProbeA: START export metrics and static report
[7h59m09s] jlh60_2026-06-30_12-16-16_ProbeA:ProbeA: DONE export metrics and static report in 11.1s
[7h59m09s] jlh60_2026-06-30_12-16-16_ProbeA:ProbeA: START export Phy
[7h59m09s] jlh60_2026-06-30_12-16-16_ProbeA:ProbeA: Phy export will reuse existing analyzer extension: spike_amplitudes
[7h59m09s] jlh60_2026-06-30_12-16-16_ProbeA:ProbeA: Phy export will skip pc_features.npy because qc.phy_compute_pc_features=false
Run:
phy template-gui  C:\Users\jordan\Desktop\mouse_arena_recordings\jlh60_2026-06-30_12-16-16\Record Node 101\experiment1\recording1\continuous\Neuropix-PXI-100.ProbeA\spikeinterface_output\phy\params.py
[7h59m21s] jlh60_2026-06-30_12-16-16_ProbeA:ProbeA: Phy dat_path patched to original recording: C:\Users\jordan\Desktop\mouse_arena_recordings\jlh60_2026-06-30_12-16-16\Record Node 101\experiment1\recording1\continuous\Neuropix-PXI-100.ProbeA\continuous.dat
[7h59m21s] jlh60_2026-06-30_12-16-16_ProbeA:ProbeA: wrote Phy UnitRefine TSVs: cluster_unitrefine_label.tsv, cluster_unitrefine_probability.tsv
[7h59m21s] jlh60_2026-06-30_12-16-16_ProbeA:ProbeA: DONE export Phy in 12.5s
[7h59m21s] jlh60_2026-06-30_12-16-16_ProbeA:ProbeA: START finalize manifest and registry
[7h59m22s] jlh60_2026-06-30_12-16-16_ProbeA:ProbeA: DONE finalize manifest and registry in 0.3s
[7h59m22s] jlh60_2026-06-30_12-16-16_ProbeA:ProbeA: START backup completed outputs
[7h59m22s] jlh60_2026-06-30_12-16-16_ProbeA:ProbeA: backup generated outputs to Synology/D:
[8h00m02s] jlh60_2026-06-30_12-16-16_ProbeA:ProbeA: archive full local recording to D:
[8h05m51s] jlh60_2026-06-30_12-16-16_ProbeA:ProbeA: DONE backup completed outputs in 6m29s
jlh60_2026-06-30_12-16-16_ProbeA | ProbeA | complete
