[0.0s] run_pending: START discover and refresh registry
[0.6s] run_pending: runnable rows: 2
[0.6s] run_pending: DONE discover and refresh registry in 0.6s
[0.6s] run_pending: START run probe rows
[0.6s] run_pending: probe 1/2: jlh60_2026-07-01_13-49-41_ProbeA ProbeA
[0.0s] jlh60_2026-07-01_13-49-41_ProbeA:ProbeA: START verify raw backup
[0.2s] jlh60_2026-07-01_13-49-41_ProbeA:ProbeA: raw backup verified: \\denmanlab\s2\mouse_arena_recordings\jlh60_2026-07-01_13-49-41
[0.2s] jlh60_2026-07-01_13-49-41_ProbeA:ProbeA: DONE verify raw backup in 0.2s
[0.2s] jlh60_2026-07-01_13-49-41_ProbeA:ProbeA: START initialize output and registry
[0.2s] jlh60_2026-07-01_13-49-41_ProbeA:ProbeA: DONE initialize output and registry in 0.0s
[0.2s] jlh60_2026-07-01_13-49-41_ProbeA:ProbeA: START load Open Ephys recording and probe map
[0.8s] jlh60_2026-07-01_13-49-41_ProbeA:ProbeA: recording: 384 channels, 1222.1s, 30000.0 Hz
[0.8s] jlh60_2026-07-01_13-49-41_ProbeA:ProbeA: DONE load Open Ephys recording and probe map in 0.6s
[0.8s] jlh60_2026-07-01_13-49-41_ProbeA:ProbeA: START validate geometry and compute hashes
[0.8s] jlh60_2026-07-01_13-49-41_ProbeA:ProbeA: DONE validate geometry and compute hashes in 0.0s
[0.8s] jlh60_2026-07-01_13-49-41_ProbeA:ProbeA: START apply Neuropixels phase shift
[0.8s] jlh60_2026-07-01_13-49-41_ProbeA:ProbeA: phase_shift applied
[0.8s] jlh60_2026-07-01_13-49-41_ProbeA:ProbeA: DONE apply Neuropixels phase shift in 0.0s
[0.8s] jlh60_2026-07-01_13-49-41_ProbeA:ProbeA: START apply SpikeInterface CAR and plot traces
[3.3s] jlh60_2026-07-01_13-49-41_ProbeA:ProbeA: CAR operator=median; pre/post CAR plot: C:\Users\jordan\Desktop\mouse_arena_recordings\jlh60_2026-07-01_13-49-41\Record Node 101\experiment1\recording1\continuous\Neuropix-PXI-100.ProbeA\spikeinterface_output\report\figures\pre_post_car_traces.png
[3.3s] jlh60_2026-07-01_13-49-41_ProbeA:ProbeA: DONE apply SpikeInterface CAR and plot traces in 2.5s
[3.3s] jlh60_2026-07-01_13-49-41_ProbeA:ProbeA: START apply high-pass filter
[3.3s] jlh60_2026-07-01_13-49-41_ProbeA:ProbeA: highpass_filter applied: freq_min=300 Hz
[3.3s] jlh60_2026-07-01_13-49-41_ProbeA:ProbeA: DONE apply high-pass filter in 0.0s
[3.3s] jlh60_2026-07-01_13-49-41_ProbeA:ProbeA: START detect bad channels
[45.4s] jlh60_2026-07-01_13-49-41_ProbeA:ProbeA: bad channels detected: 104; excluded from sorting: 0
[45.4s] jlh60_2026-07-01_13-49-41_ProbeA:ProbeA: DONE detect bad channels in 42.1s
[45.4s] jlh60_2026-07-01_13-49-41_ProbeA:ProbeA: START optional SpikeInterface motion correction
[45.4s] jlh60_2026-07-01_13-49-41_ProbeA:ProbeA: using Kilosort4 drift correction
[45.4s] jlh60_2026-07-01_13-49-41_ProbeA:ProbeA: DONE optional SpikeInterface motion correction in 0.0s
[45.4s] jlh60_2026-07-01_13-49-41_ProbeA:ProbeA: START prepare Kilosort4 parameters
[45.4s] jlh60_2026-07-01_13-49-41_ProbeA:ProbeA: Kilosort4 preprocessing: do_CAR=False, do_correction=True, bad_channels=0
[45.4s] jlh60_2026-07-01_13-49-41_ProbeA:ProbeA: DONE prepare Kilosort4 parameters in 0.0s
[45.4s] jlh60_2026-07-01_13-49-41_ProbeA:ProbeA: START run Kilosort4
Skipping common average reference.
kilosort4 run time 711.33s
[33m36s] jlh60_2026-07-01_13-49-41_ProbeA:ProbeA: Kilosort4 units: 259
[33m37s] jlh60_2026-07-01_13-49-41_ProbeA:ProbeA: DONE run Kilosort4 in 32m51s
[33m37s] jlh60_2026-07-01_13-49-41_ProbeA:ProbeA: START compute SortingAnalyzer extensions
[19h47m41s] jlh60_2026-07-01_13-49-41_ProbeA:ProbeA: SortingAnalyzer job kwargs: chunk_duration=1s, n_jobs=8, progress_bar=True; multiprocessing fallback_n_jobs=2
[19h47m41s] jlh60_2026-07-01_13-49-41_ProbeA:ProbeA: compute analyzer extension: random_spikes
[19h47m41s] jlh60_2026-07-01_13-49-41_ProbeA:ProbeA: compute analyzer extension: waveforms
[20h03m11s] jlh60_2026-07-01_13-49-41_ProbeA:ProbeA: compute analyzer extension: templates
[20h03m12s] jlh60_2026-07-01_13-49-41_ProbeA:ProbeA: compute analyzer extension: noise_levels
[20h04m02s] jlh60_2026-07-01_13-49-41_ProbeA:ProbeA: compute analyzer extension: spike_amplitudes
[20h11m17s] jlh60_2026-07-01_13-49-41_ProbeA:ProbeA: compute analyzer extension: unit_locations
[20h11m20s] jlh60_2026-07-01_13-49-41_ProbeA:ProbeA: compute analyzer extension: spike_locations
[20h34m09s] jlh60_2026-07-01_13-49-41_ProbeA:ProbeA: compute analyzer extension: principal_components
[21h16m16s] jlh60_2026-07-01_13-49-41_ProbeA:ProbeA: compute analyzer extension: correlograms
[21h16m19s] jlh60_2026-07-01_13-49-41_ProbeA:ProbeA: compute analyzer extension: isi_histograms
[21h16m19s] jlh60_2026-07-01_13-49-41_ProbeA:ProbeA: compute analyzer extension: quality_metrics
[21h16m24s] jlh60_2026-07-01_13-49-41_ProbeA:ProbeA: compute analyzer extension: template_metrics
[21h16m25s] jlh60_2026-07-01_13-49-41_ProbeA:ProbeA: DONE compute SortingAnalyzer extensions in 20h42m48s
[21h16m25s] jlh60_2026-07-01_13-49-41_ProbeA:ProbeA: START export metrics and static report
[21h16m32s] jlh60_2026-07-01_13-49-41_ProbeA:ProbeA: DONE export metrics and static report in 6.4s
[21h16m32s] jlh60_2026-07-01_13-49-41_ProbeA:ProbeA: START export Phy
[21h16m32s] jlh60_2026-07-01_13-49-41_ProbeA:ProbeA: Phy export will reuse existing analyzer extension: spike_amplitudes
[21h16m32s] jlh60_2026-07-01_13-49-41_ProbeA:ProbeA: Phy export will skip pc_features.npy because qc.phy_compute_pc_features=false
Run:
phy template-gui  C:\Users\jordan\Desktop\mouse_arena_recordings\jlh60_2026-07-01_13-49-41\Record Node 101\experiment1\recording1\continuous\Neuropix-PXI-100.ProbeA\spikeinterface_output\phy\params.py
[21h16m42s] jlh60_2026-07-01_13-49-41_ProbeA:ProbeA: Phy dat_path patched to original recording: C:\Users\jordan\Desktop\mouse_arena_recordings\jlh60_2026-07-01_13-49-41\Record Node 101\experiment1\recording1\continuous\Neuropix-PXI-100.ProbeA\continuous.dat
[21h16m42s] jlh60_2026-07-01_13-49-41_ProbeA:ProbeA: DONE export Phy in 10.5s
[21h16m42s] jlh60_2026-07-01_13-49-41_ProbeA:ProbeA: START finalize manifest and registry
[21h16m42s] jlh60_2026-07-01_13-49-41_ProbeA:ProbeA: DONE finalize manifest and registry in 0.0s
jlh60_2026-07-01_13-49-41_ProbeA | ProbeA | complete
[21h16m43s] run_pending: probe 2/2: jlh60_2026-07-01_13-49-41_ProbeB ProbeB
[0.0s] jlh60_2026-07-01_13-49-41_ProbeB:ProbeB: START verify raw backup
[0.2s] jlh60_2026-07-01_13-49-41_ProbeB:ProbeB: raw backup verified: \\denmanlab\s2\mouse_arena_recordings\jlh60_2026-07-01_13-49-41
[0.2s] jlh60_2026-07-01_13-49-41_ProbeB:ProbeB: DONE verify raw backup in 0.2s
[0.2s] jlh60_2026-07-01_13-49-41_ProbeB:ProbeB: START initialize output and registry
[0.2s] jlh60_2026-07-01_13-49-41_ProbeB:ProbeB: DONE initialize output and registry in 0.0s
[0.2s] jlh60_2026-07-01_13-49-41_ProbeB:ProbeB: START load Open Ephys recording and probe map
[0.7s] jlh60_2026-07-01_13-49-41_ProbeB:ProbeB: recording: 384 channels, 1222.1s, 30000.0 Hz
[0.7s] jlh60_2026-07-01_13-49-41_ProbeB:ProbeB: DONE load Open Ephys recording and probe map in 0.5s
[0.7s] jlh60_2026-07-01_13-49-41_ProbeB:ProbeB: START validate geometry and compute hashes
[0.8s] jlh60_2026-07-01_13-49-41_ProbeB:ProbeB: DONE validate geometry and compute hashes in 0.0s
[0.8s] jlh60_2026-07-01_13-49-41_ProbeB:ProbeB: START apply Neuropixels phase shift
[0.8s] jlh60_2026-07-01_13-49-41_ProbeB:ProbeB: phase_shift applied
[0.8s] jlh60_2026-07-01_13-49-41_ProbeB:ProbeB: DONE apply Neuropixels phase shift in 0.0s
[0.8s] jlh60_2026-07-01_13-49-41_ProbeB:ProbeB: START apply SpikeInterface CAR and plot traces
[2.9s] jlh60_2026-07-01_13-49-41_ProbeB:ProbeB: CAR operator=median; pre/post CAR plot: C:\Users\jordan\Desktop\mouse_arena_recordings\jlh60_2026-07-01_13-49-41\Record Node 101\experiment1\recording1\continuous\Neuropix-PXI-100.ProbeB\spikeinterface_output\report\figures\pre_post_car_traces.png
[2.9s] jlh60_2026-07-01_13-49-41_ProbeB:ProbeB: DONE apply SpikeInterface CAR and plot traces in 2.1s
[2.9s] jlh60_2026-07-01_13-49-41_ProbeB:ProbeB: START apply high-pass filter
[2.9s] jlh60_2026-07-01_13-49-41_ProbeB:ProbeB: highpass_filter applied: freq_min=300 Hz
[2.9s] jlh60_2026-07-01_13-49-41_ProbeB:ProbeB: DONE apply high-pass filter in 0.0s
[2.9s] jlh60_2026-07-01_13-49-41_ProbeB:ProbeB: START detect bad channels
[45.8s] jlh60_2026-07-01_13-49-41_ProbeB:ProbeB: bad channels detected: 143; excluded from sorting: 0
[45.8s] jlh60_2026-07-01_13-49-41_ProbeB:ProbeB: DONE detect bad channels in 43.0s
[45.8s] jlh60_2026-07-01_13-49-41_ProbeB:ProbeB: START optional SpikeInterface motion correction
[45.8s] jlh60_2026-07-01_13-49-41_ProbeB:ProbeB: using Kilosort4 drift correction
[45.8s] jlh60_2026-07-01_13-49-41_ProbeB:ProbeB: DONE optional SpikeInterface motion correction in 0.0s
[45.8s] jlh60_2026-07-01_13-49-41_ProbeB:ProbeB: START prepare Kilosort4 parameters
[45.8s] jlh60_2026-07-01_13-49-41_ProbeB:ProbeB: Kilosort4 preprocessing: do_CAR=False, do_correction=True, bad_channels=0
[45.9s] jlh60_2026-07-01_13-49-41_ProbeB:ProbeB: DONE prepare Kilosort4 parameters in 0.0s
[45.9s] jlh60_2026-07-01_13-49-41_ProbeB:ProbeB: START run Kilosort4
Skipping common average reference.
kilosort4 run time 979.47s
[37m01s] jlh60_2026-07-01_13-49-41_ProbeB:ProbeB: Kilosort4 units: 499
[37m01s] jlh60_2026-07-01_13-49-41_ProbeB:ProbeB: DONE run Kilosort4 in 36m15s
[37m01s] jlh60_2026-07-01_13-49-41_ProbeB:ProbeB: START compute SortingAnalyzer extensions
[1h08m50s] jlh60_2026-07-01_13-49-41_ProbeB:ProbeB: SortingAnalyzer job kwargs: chunk_duration=1s, n_jobs=8, progress_bar=True; multiprocessing fallback_n_jobs=2
[1h08m50s] jlh60_2026-07-01_13-49-41_ProbeB:ProbeB: compute analyzer extension: random_spikes
[1h08m50s] jlh60_2026-07-01_13-49-41_ProbeB:ProbeB: compute analyzer extension: waveforms
[1h24m10s] jlh60_2026-07-01_13-49-41_ProbeB:ProbeB: compute analyzer extension: templates
[1h24m13s] jlh60_2026-07-01_13-49-41_ProbeB:ProbeB: compute analyzer extension: noise_levels
[1h24m50s] jlh60_2026-07-01_13-49-41_ProbeB:ProbeB: compute analyzer extension: spike_amplitudes
[1h25m38s] jlh60_2026-07-01_13-49-41_ProbeB:ProbeB: spike_amplitudes failed with multiprocessing error ([Errno 22] Invalid argument); retrying with chunk_duration=1s, n_jobs=2, progress_bar=True
[1h25m38s] jlh60_2026-07-01_13-49-41_ProbeB:ProbeB: SpikeInterface could not delete partial spike_amplitudes; removing extension folder
[1h53m48s] jlh60_2026-07-01_13-49-41_ProbeB:ProbeB: using fallback SortingAnalyzer job kwargs for remaining extensions: chunk_duration=1s, n_jobs=2, progress_bar=True
[1h53m48s] jlh60_2026-07-01_13-49-41_ProbeB:ProbeB: compute analyzer extension: unit_locations
[1h53m53s] jlh60_2026-07-01_13-49-41_ProbeB:ProbeB: compute analyzer extension: spike_locations
[2h21m21s] jlh60_2026-07-01_13-49-41_ProbeB:ProbeB: compute analyzer extension: principal_components
[3h24m26s] jlh60_2026-07-01_13-49-41_ProbeB:ProbeB: compute analyzer extension: correlograms
[3h24m59s] jlh60_2026-07-01_13-49-41_ProbeB:ProbeB: compute analyzer extension: isi_histograms
[3h25m01s] jlh60_2026-07-01_13-49-41_ProbeB:ProbeB: compute analyzer extension: quality_metrics
[3h25m11s] jlh60_2026-07-01_13-49-41_ProbeB:ProbeB: compute analyzer extension: template_metrics
[3h25m14s] jlh60_2026-07-01_13-49-41_ProbeB:ProbeB: DONE compute SortingAnalyzer extensions in 2h48m12s
[3h25m14s] jlh60_2026-07-01_13-49-41_ProbeB:ProbeB: START export metrics and static report
[3h25m17s] jlh60_2026-07-01_13-49-41_ProbeB:ProbeB: DONE export metrics and static report in 2.8s
[3h25m17s] jlh60_2026-07-01_13-49-41_ProbeB:ProbeB: START export Phy
[3h25m17s] jlh60_2026-07-01_13-49-41_ProbeB:ProbeB: Phy export will reuse existing analyzer extension: spike_amplitudes
[3h25m17s] jlh60_2026-07-01_13-49-41_ProbeB:ProbeB: Phy export will skip pc_features.npy because qc.phy_compute_pc_features=false
Run:
phy template-gui  C:\Users\jordan\Desktop\mouse_arena_recordings\jlh60_2026-07-01_13-49-41\Record Node 101\experiment1\recording1\continuous\Neuropix-PXI-100.ProbeB\spikeinterface_output\phy\params.py
[3h25m18s] jlh60_2026-07-01_13-49-41_ProbeB:ProbeB: Phy dat_path patched to original recording: C:\Users\jordan\Desktop\mouse_arena_recordings\jlh60_2026-07-01_13-49-41\Record Node 101\experiment1\recording1\continuous\Neuropix-PXI-100.ProbeB\continuous.dat
[3h25m18s] jlh60_2026-07-01_13-49-41_ProbeB:ProbeB: DONE export Phy in 1.1s
[3h25m18s] jlh60_2026-07-01_13-49-41_ProbeB:ProbeB: START finalize manifest and registry
[3h25m18s] jlh60_2026-07-01_13-49-41_ProbeB:ProbeB: DONE finalize manifest and registry in 0.0s
jlh60_2026-07-01_13-49-41_ProbeB | ProbeB | complete
[24h42m01s] run_pending: DONE run probe rows in 24h42m00s
