[0.0s] jlh60_2026-06-29_14-31-15_ProbeB:ProbeB:resume_qc: START load existing SortingAnalyzer
[1.6s] jlh60_2026-06-29_14-31-15_ProbeB:ProbeB:resume_qc: loaded analyzer with saved extensions: noise_levels, random_spikes, spike_amplitudes, templates, waveforms
[1.6s] jlh60_2026-06-29_14-31-15_ProbeB:ProbeB:resume_qc: DONE load existing SortingAnalyzer in 1.6s
[1.6s] jlh60_2026-06-29_14-31-15_ProbeB:ProbeB:resume_qc: START resume SortingAnalyzer extensions
[1.6s] jlh60_2026-06-29_14-31-15_ProbeB:ProbeB:resume_qc: SortingAnalyzer job kwargs: chunk_duration=1s, n_jobs=8, progress_bar=True; multiprocessing fallback_n_jobs=2
[1.6s] jlh60_2026-06-29_14-31-15_ProbeB:ProbeB:resume_qc: skip existing analyzer extension: random_spikes
[1.6s] jlh60_2026-06-29_14-31-15_ProbeB:ProbeB:resume_qc: skip existing analyzer extension: waveforms
[1.6s] jlh60_2026-06-29_14-31-15_ProbeB:ProbeB:resume_qc: skip existing analyzer extension: templates
[1.6s] jlh60_2026-06-29_14-31-15_ProbeB:ProbeB:resume_qc: skip existing analyzer extension: noise_levels
[1.6s] jlh60_2026-06-29_14-31-15_ProbeB:ProbeB:resume_qc: delete analyzer extension before recompute: spike_amplitudes
[1.6s] jlh60_2026-06-29_14-31-15_ProbeB:ProbeB:resume_qc: SpikeInterface could not delete partial spike_amplitudes; removing extension folder
[1.6s] jlh60_2026-06-29_14-31-15_ProbeB:ProbeB:resume_qc: compute analyzer extension: spike_amplitudes
[51m17s] jlh60_2026-06-29_14-31-15_ProbeB:ProbeB:resume_qc: compute analyzer extension: unit_locations
[51m20s] jlh60_2026-06-29_14-31-15_ProbeB:ProbeB:resume_qc: compute analyzer extension: spike_locations
[1h40m24s] jlh60_2026-06-29_14-31-15_ProbeB:ProbeB:resume_qc: compute analyzer extension: principal_components
[3h01m13s] jlh60_2026-06-29_14-31-15_ProbeB:ProbeB:resume_qc: compute analyzer extension: correlograms
[3h01m18s] jlh60_2026-06-29_14-31-15_ProbeB:ProbeB:resume_qc: compute analyzer extension: isi_histograms
[3h01m19s] jlh60_2026-06-29_14-31-15_ProbeB:ProbeB:resume_qc: compute analyzer extension: quality_metrics
[3h05m26s] jlh60_2026-06-29_14-31-15_ProbeB:ProbeB:resume_qc: compute analyzer extension: template_metrics
[3h05m29s] jlh60_2026-06-29_14-31-15_ProbeB:ProbeB:resume_qc: DONE resume SortingAnalyzer extensions in 3h05m27s
[3h05m29s] jlh60_2026-06-29_14-31-15_ProbeB:ProbeB:resume_qc: START export metrics and static report
[3h05m45s] jlh60_2026-06-29_14-31-15_ProbeB:ProbeB:resume_qc: DONE export metrics and static report in 15.9s
[3h05m45s] jlh60_2026-06-29_14-31-15_ProbeB:ProbeB:resume_qc: START export Phy
[3h05m45s] jlh60_2026-06-29_14-31-15_ProbeB:ProbeB:resume_qc: Phy export skipped
[3h05m45s] jlh60_2026-06-29_14-31-15_ProbeB:ProbeB:resume_qc: DONE export Phy in 0.0s
jlh60_2026-06-29_14-31-15_ProbeB | ProbeB | complete
