jlh60_2026-06-29_14-31-15_ProbeA | ProbeA | registered | raw=complete | ready for preprocessing; accepted by inactive fallback (60 min)
jlh60_2026-06-29_14-31-15_ProbeB | ProbeB | registered | raw=complete | ready for preprocessing; accepted by inactive fallback (60 min)
jlh60_2026-06-30_12-16-16_ProbeA | ProbeA | registered | raw=complete | ready for preprocessing; accepted by inactive fallback (60 min)
jlh60_2026-06-30_12-16-16_ProbeB | ProbeB | registered | raw=complete | ready for preprocessing; accepted by inactive fallback (60 min)
jlh60_2026-07-01_13-49-41_ProbeA | ProbeA | registered | raw=complete | ready for preprocessing; accepted by inactive fallback (60 min)
jlh60_2026-07-01_13-49-41_ProbeB | ProbeB | registered | raw=complete | ready for preprocessing; accepted by inactive fallback (60 min)
jlh60_2026-07-01_14-11-02_visualstim_ProbeA | ProbeA | registered | raw=complete | ready for preprocessing; accepted by inactive fallback (60 min)
jlh60_2026-07-01_14-11-02_visualstim_ProbeB | ProbeB | registered | raw=complete | ready for preprocessing; accepted by inactive fallback (60 min)
jlh60_2026-07-01_14-20-38_visualstim1_ProbeA | ProbeA | registered | raw=complete | ready for preprocessing; accepted by inactive fallback (60 min)
jlh60_2026-07-01_14-20-38_visualstim1_ProbeB | ProbeB | registered | raw=complete | ready for preprocessing; accepted by inactive fallback (60 min)
jlh60_2026-07-01_14-29-01_visualstim2_ProbeA | ProbeA | registered | raw=complete | ready for preprocessing; accepted by inactive fallback (60 min); ProbeInterface JSON generated from Open Ephys metadata
jlh60_2026-07-01_14-29-01_visualstim2_ProbeB | ProbeB | registered | raw=complete | ready for preprocessing; accepted by inactive fallback (60 min); ProbeInterface JSON generated from Open Ephys metadata
jlh60_2026-07-02_14-28-54_ProbeA | ProbeA | registered | raw=complete | ready for preprocessing; accepted by inactive fallback (60 min); ProbeInterface JSON generated from Open Ephys metadata
jlh60_2026-07-02_14-28-54_ProbeB | ProbeB | registered | raw=complete | ready for preprocessing; accepted by inactive fallback (60 min); ProbeInterface JSON generated from Open Ephys metadata
jlh60_2026-07-05_13-52-41_ProbeA | ProbeA | registered | raw=complete | ready for preprocessing; accepted by inactive fallback (60 min)
jlh60_2026-07-05_13-52-41_ProbeB | ProbeB | registered | raw=complete | ready for preprocessing; accepted by inactive fallback (60 min)
jlh60_2026-07-06_15-12-17_ProbeA | ProbeA | registered | raw=complete | ready for preprocessing; accepted by inactive fallback (60 min)
jlh60_2026-07-07_11-10-44_ProbeA | ProbeA | registered | raw=complete | ready for preprocessing; accepted by inactive fallback (60 min)
jlh60_2026-07-08_10-34-32_ProbeA | ProbeA | registered | raw=complete | ready for preprocessing; accepted by inactive fallback (60 min)
jlh60_2026-07-08_12-14-57_ProbeA | ProbeA | skipped | raw=complete | duration below minimum (30.266 < 300.000); accepted by inactive fallback (60 min); ProbeInterface JSON generated from Open Ephys metadata
jlh60_2026-07-08_12-14-57_ProbeB | ProbeB | skipped | raw=complete | duration below minimum (30.265 < 300.000); accepted by inactive fallback (60 min); ProbeInterface JSON generated from Open Ephys metadata
jlh60_2026-07-08_12-14-57_experiment2_recording1_ProbeA | ProbeA | skipped | raw=complete | duration below minimum (30.242 < 300.000); accepted by inactive fallback (60 min); ProbeInterface JSON generated from Open Ephys metadata
jlh60_2026-07-08_12-14-57_experiment2_recording1_ProbeB | ProbeB | skipped | raw=complete | duration below minimum (30.260 < 300.000); accepted by inactive fallback (60 min); ProbeInterface JSON generated from Open Ephys metadata
jlh60_2026-07-08_12-14-57_experiment3_recording1_ProbeA | ProbeA | skipped | raw=complete | duration below minimum (30.260 < 300.000); accepted by inactive fallback (60 min); ProbeInterface JSON generated from Open Ephys metadata
jlh60_2026-07-08_12-14-57_experiment3_recording1_ProbeB | ProbeB | skipped | raw=complete | duration below minimum (30.261 < 300.000); accepted by inactive fallback (60 min); ProbeInterface JSON generated from Open Ephys metadata
jlh60_2026-07-08_12-14-57_experiment4_recording1_ProbeA | ProbeA | skipped | raw=complete | duration below minimum (30.252 < 300.000); accepted by inactive fallback (60 min); ProbeInterface JSON generated from Open Ephys metadata
jlh60_2026-07-08_12-14-57_experiment4_recording1_ProbeB | ProbeB | skipped | raw=complete | duration below minimum (30.252 < 300.000); accepted by inactive fallback (60 min); ProbeInterface JSON generated from Open Ephys metadata
jlh60_2026-07-08_12-14-57_experiment5_recording1_ProbeA | ProbeA | skipped | raw=complete | duration below minimum (30.258 < 300.000); accepted by inactive fallback (60 min); ProbeInterface JSON generated from Open Ephys metadata
jlh60_2026-07-08_12-14-57_experiment5_recording1_ProbeB | ProbeB | skipped | raw=complete | duration below minimum (30.262 < 300.000); accepted by inactive fallback (60 min); ProbeInterface JSON generated from Open Ephys metadata
jlh60_2026-07-08_12-14-57_experiment6_recording1_ProbeA | ProbeA | skipped | raw=complete | duration below minimum (30.262 < 300.000); accepted by inactive fallback (60 min); ProbeInterface JSON generated from Open Ephys metadata
jlh60_2026-07-08_12-14-57_experiment6_recording1_ProbeB | ProbeB | skipped | raw=complete | duration below minimum (30.246 < 300.000); accepted by inactive fallback (60 min); ProbeInterface JSON generated from Open Ephys metadata
jlh60_2026-07-08_12-14-57_experiment7_recording1_ProbeA | ProbeA | skipped | raw=complete | duration below minimum (30.257 < 300.000); accepted by inactive fallback (60 min); ProbeInterface JSON generated from Open Ephys metadata
jlh60_2026-07-08_12-14-57_experiment7_recording1_ProbeB | ProbeB | skipped | raw=complete | duration below minimum (30.252 < 300.000); accepted by inactive fallback (60 min); ProbeInterface JSON generated from Open Ephys metadata
jlh60_2026-07-08_12-14-57_experiment8_recording1_ProbeA | ProbeA | skipped | raw=complete | duration below minimum (30.262 < 300.000); accepted by inactive fallback (60 min); ProbeInterface JSON generated from Open Ephys metadata
jlh60_2026-07-08_12-14-57_experiment8_recording1_ProbeB | ProbeB | skipped | raw=complete | duration below minimum (30.273 < 300.000); accepted by inactive fallback (60 min); ProbeInterface JSON generated from Open Ephys metadata
jlh60_2026-07-09_13-11-53_ProbeA | ProbeA | registered | raw=complete | ready for preprocessing; accepted by inactive fallback (60 min)
jlh60_2026-07-09_13-45-00_vstimV1_experiment2_recording1_ProbeA | ProbeA | registered | raw=complete | ready for preprocessing; accepted by inactive fallback (60 min); ProbeInterface JSON generated from Open Ephys metadata
jlh60_2026-07-10_12-42-36_ProbeA | ProbeA | registered | raw=complete | ready for preprocessing; accepted by inactive fallback (60 min)
jlh60_2026-07-13_10-31-01_ProbeA | ProbeA | registered | raw=complete | ready for preprocessing; accepted by inactive fallback (60 min)
jlh60_2026-07-14_12-49-28_ProbeA | ProbeA | registered | raw=complete | ready for preprocessing; accepted by inactive fallback (60 min)
jlh60_2026-07-15_12-05-13_ProbeA | ProbeA | registered | raw=complete | ready for preprocessing; accepted by inactive fallback (60 min); ProbeInterface JSON generated from Open Ephys metadata
jlh60_2026-07-15_12-18-07_ProbeA | ProbeA | registered | raw=complete | ready for preprocessing; accepted by inactive fallback (60 min); ProbeInterface JSON generated from Open Ephys metadata
jlh60_2026-07-17_11-33-02_ProbeA | ProbeA | registered | raw=complete | ready for preprocessing; accepted by inactive fallback (60 min); ProbeInterface JSON generated from Open Ephys metadata
jlh62_2026-07-09_14-33-13_ProbeA | ProbeA | registered | raw=complete | ready for preprocessing; accepted by inactive fallback (60 min); ProbeInterface JSON generated from Open Ephys metadata
jlh62_2026-07-09_14-33-13_ProbeB | ProbeB | registered | raw=complete | ready for preprocessing; accepted by inactive fallback (60 min); ProbeInterface JSON generated from Open Ephys metadata
jlh62_2026-07-10_13-25-30_ProbeA | ProbeA | skipped | raw=complete | duration below minimum (174.515 < 300.000); accepted by inactive fallback (60 min); ProbeInterface JSON generated from Open Ephys metadata
jlh62_2026-07-10_13-25-30_ProbeB | ProbeB | skipped | raw=complete | duration below minimum (174.512 < 300.000); accepted by inactive fallback (60 min); ProbeInterface JSON generated from Open Ephys metadata
jlh62_2026-07-10_13-25-30_experiment2_recording1_ProbeA | ProbeA | registered | raw=complete | ready for preprocessing; accepted by inactive fallback (60 min); ProbeInterface JSON generated from Open Ephys metadata
jlh62_2026-07-10_13-25-30_experiment2_recording1_ProbeB | ProbeB | registered | raw=complete | ready for preprocessing; accepted by inactive fallback (60 min); ProbeInterface JSON generated from Open Ephys metadata
jlh62_2026-07-13_11-27-00_ProbeA | ProbeA | registered | raw=complete | ready for preprocessing; accepted by inactive fallback (60 min); ProbeInterface JSON generated from Open Ephys metadata
jlh62_2026-07-13_11-27-00_ProbeB | ProbeB | registered | raw=complete | ready for preprocessing; accepted by inactive fallback (60 min); ProbeInterface JSON generated from Open Ephys metadata
jlh62_2026-07-14_15-30-14_ProbeA | ProbeA | registered | raw=complete | ready for preprocessing; accepted by inactive fallback (60 min); ProbeInterface JSON generated from Open Ephys metadata
jlh62_2026-07-14_15-30-14_ProbeB | ProbeB | registered | raw=complete | ready for preprocessing; accepted by inactive fallback (60 min); ProbeInterface JSON generated from Open Ephys metadata
jlh62_2026-07-15_12-54-40_ProbeA | ProbeA | registered | raw=complete | ready for preprocessing; accepted by inactive fallback (60 min); ProbeInterface JSON generated from Open Ephys metadata
jlh62_2026-07-15_12-54-40_ProbeB | ProbeB | registered | raw=complete | ready for preprocessing; accepted by inactive fallback (60 min); ProbeInterface JSON generated from Open Ephys metadata
jlh62_2026-07-17_12-21-41_ProbeA | ProbeA | registered | raw=complete | ready for preprocessing; accepted by inactive fallback (60 min); ProbeInterface JSON generated from Open Ephys metadata
jlh62_2026-07-17_12-21-41_ProbeB | ProbeB | registered | raw=complete | ready for preprocessing; accepted by inactive fallback (60 min); ProbeInterface JSON generated from Open Ephys metadata
updated \\denmanlab\s2\mouse_arena_recordings\_pipeline_registry\sessions.csv (57 row(s))
