INFO:     Started server process [25948]
INFO:     Waiting for application startup.
INFO:     Application startup complete.
INFO:     Uvicorn running on http://127.0.0.1:8765 (Press CTRL+C to quit)
ERROR:    Exception in ASGI application
Traceback (most recent call last):
  File "C:\Users\jordan\AppData\Local\anaconda3\envs\spikeinterface\Lib\site-packages\uvicorn\protocols\http\h11_impl.py", line 415, in run_asgi
    result = await app(  # type: ignore[func-returns-value]
             ^^^^^^^^^^^^^^^^^^^^^^^^^^^^^^^^^^^^^^^^^^^^^^
  File "C:\Users\jordan\AppData\Local\anaconda3\envs\spikeinterface\Lib\site-packages\uvicorn\middleware\proxy_headers.py", line 62, in __call__
    return await self.app(scope, receive, send)
           ^^^^^^^^^^^^^^^^^^^^^^^^^^^^^^^^^^^^
  File "C:\Users\jordan\AppData\Local\anaconda3\envs\spikeinterface\Lib\site-packages\fastapi\applications.py", line 1163, in __call__
    await super().__call__(scope, receive, send)
  File "C:\Users\jordan\AppData\Local\anaconda3\envs\spikeinterface\Lib\site-packages\starlette\applications.py", line 90, in __call__
    await self.middleware_stack(scope, receive, send)
  File "C:\Users\jordan\AppData\Local\anaconda3\envs\spikeinterface\Lib\site-packages\starlette\middleware\errors.py", line 186, in __call__
    raise exc
  File "C:\Users\jordan\AppData\Local\anaconda3\envs\spikeinterface\Lib\site-packages\starlette\middleware\errors.py", line 164, in __call__
    await self.app(scope, receive, _send)
  File "C:\Users\jordan\AppData\Local\anaconda3\envs\spikeinterface\Lib\site-packages\starlette\middleware\exceptions.py", line 63, in __call__
    await wrap_app_handling_exceptions(self.app, conn)(scope, receive, send)
  File "C:\Users\jordan\AppData\Local\anaconda3\envs\spikeinterface\Lib\site-packages\starlette\_exception_handler.py", line 53, in wrapped_app
    raise exc
  File "C:\Users\jordan\AppData\Local\anaconda3\envs\spikeinterface\Lib\site-packages\starlette\_exception_handler.py", line 42, in wrapped_app
    await app(scope, receive, sender)
  File "C:\Users\jordan\AppData\Local\anaconda3\envs\spikeinterface\Lib\site-packages\fastapi\middleware\asyncexitstack.py", line 18, in __call__
    await self.app(scope, receive, send)
  File "C:\Users\jordan\AppData\Local\anaconda3\envs\spikeinterface\Lib\site-packages\starlette\routing.py", line 660, in __call__
    await self.middleware_stack(scope, receive, send)
  File "C:\Users\jordan\AppData\Local\anaconda3\envs\spikeinterface\Lib\site-packages\fastapi\routing.py", line 2543, in app
    await route.handle(scope, receive, send)
  File "C:\Users\jordan\AppData\Local\anaconda3\envs\spikeinterface\Lib\site-packages\fastapi\routing.py", line 1241, in handle
    await super().handle(scope, receive, send)
  File "C:\Users\jordan\AppData\Local\anaconda3\envs\spikeinterface\Lib\site-packages\starlette\routing.py", line 276, in handle
    await self.app(scope, receive, send)
  File "C:\Users\jordan\AppData\Local\anaconda3\envs\spikeinterface\Lib\site-packages\fastapi\routing.py", line 150, in app
    await wrap_app_handling_exceptions(app, request)(scope, receive, send)
  File "C:\Users\jordan\AppData\Local\anaconda3\envs\spikeinterface\Lib\site-packages\starlette\_exception_handler.py", line 53, in wrapped_app
    raise exc
  File "C:\Users\jordan\AppData\Local\anaconda3\envs\spikeinterface\Lib\site-packages\starlette\_exception_handler.py", line 42, in wrapped_app
    await app(scope, receive, sender)
  File "C:\Users\jordan\AppData\Local\anaconda3\envs\spikeinterface\Lib\site-packages\fastapi\routing.py", line 136, in app
    response = await f(request)
               ^^^^^^^^^^^^^^^^
  File "C:\Users\jordan\AppData\Local\anaconda3\envs\spikeinterface\Lib\site-packages\fastapi\routing.py", line 690, in app
    raw_response = await run_endpoint_function(
                   ^^^^^^^^^^^^^^^^^^^^^^^^^^^^
  File "C:\Users\jordan\AppData\Local\anaconda3\envs\spikeinterface\Lib\site-packages\fastapi\routing.py", line 346, in run_endpoint_function
    return await run_in_threadpool(dependant.call, **values)
           ^^^^^^^^^^^^^^^^^^^^^^^^^^^^^^^^^^^^^^^^^^^^^^^^^
  File "C:\Users\jordan\AppData\Local\anaconda3\envs\spikeinterface\Lib\site-packages\starlette\concurrency.py", line 34, in run_in_threadpool
    return await anyio.to_thread.run_sync(func)
           ^^^^^^^^^^^^^^^^^^^^^^^^^^^^^^^^^^^^
  File "C:\Users\jordan\AppData\Local\anaconda3\envs\spikeinterface\Lib\site-packages\anyio\to_thread.py", line 63, in run_sync
    return await get_async_backend().run_sync_in_worker_thread(
           ^^^^^^^^^^^^^^^^^^^^^^^^^^^^^^^^^^^^^^^^^^^^^^^^^^^^
  File "C:\Users\jordan\AppData\Local\anaconda3\envs\spikeinterface\Lib\site-packages\anyio\_backends\_asyncio.py", line 2596, in run_sync_in_worker_thread
    return await future
           ^^^^^^^^^^^^
  File "C:\Users\jordan\AppData\Local\anaconda3\envs\spikeinterface\Lib\site-packages\anyio\_backends\_asyncio.py", line 1029, in run
    result = context.run(func, *args)
             ^^^^^^^^^^^^^^^^^^^^^^^^
  File "C:\Users\jordan\daily_chronic_np\pipeline_gui\app.py", line 171, in api_nwb_metadata
    return nwb_metadata_payload(app.state.config_path, session_id)
           ^^^^^^^^^^^^^^^^^^^^^^^^^^^^^^^^^^^^^^^^^^^^^^^^^^^^^^^
  File "C:\Users\jordan\daily_chronic_np\pipeline_gui\services.py", line 1554, in nwb_metadata_payload
    row = find_registry_row(config, session_id)
          ^^^^^^^^^^^^^^^^^^^^^^^^^^^^^^^^^^^^^
  File "C:\Users\jordan\daily_chronic_np\pipeline_gui\services.py", line 1154, in find_registry_row
    for row in read_registry(config["project"]["registry_csv"]):
               ^^^^^^^^^^^^^^^^^^^^^^^^^^^^^^^^^^^^^^^^^^^^^^^^
  File "C:\Users\jordan\daily_chronic_np\pipeline\registry.py", line 110, in read_registry
    with registry_path.open("r", encoding="utf-8", newline="") as f:
         ^^^^^^^^^^^^^^^^^^^^^^^^^^^^^^^^^^^^^^^^^^^^^^^^^^^^^
  File "C:\Users\jordan\AppData\Local\anaconda3\envs\spikeinterface\Lib\pathlib.py", line 1044, in open
    return io.open(self, mode, buffering, encoding, errors, newline)
           ^^^^^^^^^^^^^^^^^^^^^^^^^^^^^^^^^^^^^^^^^^^^^^^^^^^^^^^^^
PermissionError: [Errno 13] Permission denied: '\\\\denmanlab\\s2\\mouse_arena_recordings\\_pipeline_registry\\sessions.csv'
