[0.0s] jlh60_2026-07-14_12-49-28_ProbeA:ProbeA: START verify raw backup
[0.0s] jlh60_2026-07-14_12-49-28_ProbeA:ProbeA: raw backup verified: \\denmanlab\s2\mouse_arena_recordings\jlh60_2026-07-14_12-49-28
[0.1s] jlh60_2026-07-14_12-49-28_ProbeA:ProbeA: DONE verify raw backup in 0.1s
[0.1s] jlh60_2026-07-14_12-49-28_ProbeA:ProbeA: START initialize output and registry
[0.1s] jlh60_2026-07-14_12-49-28_ProbeA:ProbeA: DONE initialize output and registry in 0.0s
[0.1s] jlh60_2026-07-14_12-49-28_ProbeA:ProbeA: START load Open Ephys recording and probe map
[1.1s] jlh60_2026-07-14_12-49-28_ProbeA:ProbeA: recording: 384 channels, 1805.4s, 30000.0 Hz
[1.1s] jlh60_2026-07-14_12-49-28_ProbeA:ProbeA: DONE load Open Ephys recording and probe map in 0.9s
[1.1s] jlh60_2026-07-14_12-49-28_ProbeA:ProbeA: START validate geometry and compute hashes
[1.1s] jlh60_2026-07-14_12-49-28_ProbeA:ProbeA: DONE validate geometry and compute hashes in 0.0s
[1.1s] jlh60_2026-07-14_12-49-28_ProbeA:ProbeA: START apply Neuropixels phase shift
[1.1s] jlh60_2026-07-14_12-49-28_ProbeA:ProbeA: phase_shift applied
[1.1s] jlh60_2026-07-14_12-49-28_ProbeA:ProbeA: DONE apply Neuropixels phase shift in 0.0s
[1.1s] jlh60_2026-07-14_12-49-28_ProbeA:ProbeA: START apply SpikeInterface CAR and plot traces
[3.5s] jlh60_2026-07-14_12-49-28_ProbeA:ProbeA: CAR operator=median; pre/post CAR plot: C:\Users\jordan\Desktop\mouse_arena_recordings\jlh60_2026-07-14_12-49-28\Record Node 101\experiment1\recording1\continuous\Neuropix-PXI-100.ProbeA\spikeinterface_output\report\figures\pre_post_car_traces.png
[3.5s] jlh60_2026-07-14_12-49-28_ProbeA:ProbeA: DONE apply SpikeInterface CAR and plot traces in 2.4s
[3.5s] jlh60_2026-07-14_12-49-28_ProbeA:ProbeA: START apply high-pass filter
[3.5s] jlh60_2026-07-14_12-49-28_ProbeA:ProbeA: highpass_filter applied: freq_min=300 Hz
[3.5s] jlh60_2026-07-14_12-49-28_ProbeA:ProbeA: DONE apply high-pass filter in 0.0s
[3.5s] jlh60_2026-07-14_12-49-28_ProbeA:ProbeA: START detect bad channels
[43.0s] jlh60_2026-07-14_12-49-28_ProbeA:ProbeA: bad channels detected: 363; excluded from sorting: 0
[43.0s] jlh60_2026-07-14_12-49-28_ProbeA:ProbeA: DONE detect bad channels in 39.5s
[43.0s] jlh60_2026-07-14_12-49-28_ProbeA:ProbeA: START optional SpikeInterface motion correction
[43.0s] jlh60_2026-07-14_12-49-28_ProbeA:ProbeA: using Kilosort4 drift correction
[43.0s] jlh60_2026-07-14_12-49-28_ProbeA:ProbeA: DONE optional SpikeInterface motion correction in 0.0s
[43.0s] jlh60_2026-07-14_12-49-28_ProbeA:ProbeA: START prepare Kilosort4 parameters
[43.0s] jlh60_2026-07-14_12-49-28_ProbeA:ProbeA: Kilosort4 preprocessing: do_CAR=False, do_correction=True, bad_channels=0
[43.4s] jlh60_2026-07-14_12-49-28_ProbeA:ProbeA: DONE prepare Kilosort4 parameters in 0.4s
[43.4s] jlh60_2026-07-14_12-49-28_ProbeA:ProbeA: START run Kilosort4
Skipping common average reference.
kilosort4 run time 1367.04s
[53m54s] jlh60_2026-07-14_12-49-28_ProbeA:ProbeA: Kilosort4 units: 350
[53m54s] jlh60_2026-07-14_12-49-28_ProbeA:ProbeA: DONE run Kilosort4 in 53m10s
[53m54s] jlh60_2026-07-14_12-49-28_ProbeA:ProbeA: START compute SortingAnalyzer extensions
[1h40m50s] jlh60_2026-07-14_12-49-28_ProbeA:ProbeA: SortingAnalyzer job kwargs: chunk_duration=1s, n_jobs=8, progress_bar=True; multiprocessing fallback_n_jobs=2
[1h40m50s] jlh60_2026-07-14_12-49-28_ProbeA:ProbeA: compute analyzer extension: random_spikes
[1h40m50s] jlh60_2026-07-14_12-49-28_ProbeA:ProbeA: compute analyzer extension: waveforms
[2h03m06s] jlh60_2026-07-14_12-49-28_ProbeA:ProbeA: compute analyzer extension: templates
[2h03m08s] jlh60_2026-07-14_12-49-28_ProbeA:ProbeA: compute analyzer extension: noise_levels
[2h03m51s] jlh60_2026-07-14_12-49-28_ProbeA:ProbeA: compute analyzer extension: spike_amplitudes
[2h05m08s] jlh60_2026-07-14_12-49-28_ProbeA:ProbeA: spike_amplitudes failed with multiprocessing error ([Errno 22] Invalid argument); retrying with chunk_duration=1s, n_jobs=2, progress_bar=True
[2h05m08s] jlh60_2026-07-14_12-49-28_ProbeA:ProbeA: SpikeInterface could not delete partial spike_amplitudes; removing extension folder
[2h48m31s] jlh60_2026-07-14_12-49-28_ProbeA:ProbeA: using fallback SortingAnalyzer job kwargs for remaining extensions: chunk_duration=1s, n_jobs=2, progress_bar=True
[2h48m31s] jlh60_2026-07-14_12-49-28_ProbeA:ProbeA: compute analyzer extension: unit_locations
[2h48m33s] jlh60_2026-07-14_12-49-28_ProbeA:ProbeA: compute analyzer extension: spike_locations
[3h32m07s] jlh60_2026-07-14_12-49-28_ProbeA:ProbeA: compute analyzer extension: principal_components
[4h21m50s] jlh60_2026-07-14_12-49-28_ProbeA:ProbeA: compute analyzer extension: correlograms
[4h22m05s] jlh60_2026-07-14_12-49-28_ProbeA:ProbeA: compute analyzer extension: isi_histograms
[4h22m06s] jlh60_2026-07-14_12-49-28_ProbeA:ProbeA: compute analyzer extension: quality_metrics
[12h08m56s] jlh60_2026-07-14_12-49-28_ProbeA:ProbeA: compute analyzer extension: template_metrics
[12h08m58s] jlh60_2026-07-14_12-49-28_ProbeA:ProbeA: DONE compute SortingAnalyzer extensions in 11h15m04s
[12h08m58s] jlh60_2026-07-14_12-49-28_ProbeA:ProbeA: START export metrics and static report
[12h09m10s] jlh60_2026-07-14_12-49-28_ProbeA:ProbeA: DONE export metrics and static report in 11.9s
[12h09m10s] jlh60_2026-07-14_12-49-28_ProbeA:ProbeA: START export Phy
[12h09m10s] jlh60_2026-07-14_12-49-28_ProbeA:ProbeA: Phy export will reuse existing analyzer extension: spike_amplitudes
[12h09m10s] jlh60_2026-07-14_12-49-28_ProbeA:ProbeA: Phy export will skip pc_features.npy because qc.phy_compute_pc_features=false
Run:
phy template-gui  C:\Users\jordan\Desktop\mouse_arena_recordings\jlh60_2026-07-14_12-49-28\Record Node 101\experiment1\recording1\continuous\Neuropix-PXI-100.ProbeA\spikeinterface_output\phy\params.py
[12h09m22s] jlh60_2026-07-14_12-49-28_ProbeA:ProbeA: Phy dat_path patched to original recording: C:\Users\jordan\Desktop\mouse_arena_recordings\jlh60_2026-07-14_12-49-28\Record Node 101\experiment1\recording1\continuous\Neuropix-PXI-100.ProbeA\continuous.dat
[12h09m22s] jlh60_2026-07-14_12-49-28_ProbeA:ProbeA: wrote Phy UnitRefine TSVs: cluster_unitrefine_label.tsv, cluster_unitrefine_probability.tsv
[12h09m22s] jlh60_2026-07-14_12-49-28_ProbeA:ProbeA: DONE export Phy in 12.2s
[12h09m22s] jlh60_2026-07-14_12-49-28_ProbeA:ProbeA: START finalize manifest and registry
[12h09m23s] jlh60_2026-07-14_12-49-28_ProbeA:ProbeA: DONE finalize manifest and registry in 0.5s
[12h09m23s] jlh60_2026-07-14_12-49-28_ProbeA:ProbeA: START backup completed outputs
[12h09m23s] jlh60_2026-07-14_12-49-28_ProbeA:ProbeA: generated-output backup disabled
[12h09m23s] jlh60_2026-07-14_12-49-28_ProbeA:ProbeA: full local recording archive disabled
[12h09m23s] jlh60_2026-07-14_12-49-28_ProbeA:ProbeA: DONE backup completed outputs in 0.0s
jlh60_2026-07-14_12-49-28_ProbeA | ProbeA | complete
