[0.0s] jlh62_2026-07-28_11-46-12_ProbeA:ProbeA: START verify raw backup
[0.1s] jlh62_2026-07-28_11-46-12_ProbeA:ProbeA: raw backup verified: \\denmanlab\s2\mouse_arena_recordings\jlh62_2026-07-28_11-46-12
[0.2s] jlh62_2026-07-28_11-46-12_ProbeA:ProbeA: DONE verify raw backup in 0.2s
[0.2s] jlh62_2026-07-28_11-46-12_ProbeA:ProbeA: START initialize output and registry
[0.2s] jlh62_2026-07-28_11-46-12_ProbeA:ProbeA: DONE initialize output and registry in 0.0s
[0.2s] jlh62_2026-07-28_11-46-12_ProbeA:ProbeA: START load Open Ephys recording and probe map
[1.9s] jlh62_2026-07-28_11-46-12_ProbeA:ProbeA: recording: 384 channels, 2145.5s, 30000.0 Hz
[1.9s] jlh62_2026-07-28_11-46-12_ProbeA:ProbeA: DONE load Open Ephys recording and probe map in 1.7s
[1.9s] jlh62_2026-07-28_11-46-12_ProbeA:ProbeA: START validate geometry and compute hashes
[2.0s] jlh62_2026-07-28_11-46-12_ProbeA:ProbeA: DONE validate geometry and compute hashes in 0.0s
[2.0s] jlh62_2026-07-28_11-46-12_ProbeA:ProbeA: START apply Neuropixels phase shift
[2.0s] jlh62_2026-07-28_11-46-12_ProbeA:ProbeA: phase_shift applied
[2.0s] jlh62_2026-07-28_11-46-12_ProbeA:ProbeA: DONE apply Neuropixels phase shift in 0.0s
[2.0s] jlh62_2026-07-28_11-46-12_ProbeA:ProbeA: START apply SpikeInterface CAR and plot traces
[4.7s] jlh62_2026-07-28_11-46-12_ProbeA:ProbeA: CAR operator=median; pre/post CAR plot: C:\Users\jordan\Desktop\mouse_arena_recordings\jlh62_2026-07-28_11-46-12\Record Node 101\experiment1\recording1\continuous\Neuropix-PXI-100.ProbeA\spikeinterface_output\report\figures\pre_post_car_traces.png
[4.7s] jlh62_2026-07-28_11-46-12_ProbeA:ProbeA: DONE apply SpikeInterface CAR and plot traces in 2.7s
[4.7s] jlh62_2026-07-28_11-46-12_ProbeA:ProbeA: START apply high-pass filter
[4.7s] jlh62_2026-07-28_11-46-12_ProbeA:ProbeA: highpass_filter applied: freq_min=300 Hz
[4.7s] jlh62_2026-07-28_11-46-12_ProbeA:ProbeA: DONE apply high-pass filter in 0.0s
[4.7s] jlh62_2026-07-28_11-46-12_ProbeA:ProbeA: START detect bad channels
[46.7s] jlh62_2026-07-28_11-46-12_ProbeA:ProbeA: bad channels detected: 384; excluded from sorting: 0
[46.7s] jlh62_2026-07-28_11-46-12_ProbeA:ProbeA: DONE detect bad channels in 42.0s
[46.7s] jlh62_2026-07-28_11-46-12_ProbeA:ProbeA: START optional SpikeInterface motion correction
[46.7s] jlh62_2026-07-28_11-46-12_ProbeA:ProbeA: using Kilosort4 drift correction
[46.7s] jlh62_2026-07-28_11-46-12_ProbeA:ProbeA: DONE optional SpikeInterface motion correction in 0.0s
[46.7s] jlh62_2026-07-28_11-46-12_ProbeA:ProbeA: START prepare Kilosort4 parameters
[46.7s] jlh62_2026-07-28_11-46-12_ProbeA:ProbeA: Kilosort4 preprocessing: do_CAR=False, do_correction=True, bad_channels=0
[46.7s] jlh62_2026-07-28_11-46-12_ProbeA:ProbeA: DONE prepare Kilosort4 parameters in 0.1s
[46.8s] jlh62_2026-07-28_11-46-12_ProbeA:ProbeA: START run Kilosort4
Skipping common average reference.
kilosort4 run time 1484.98s
[1h01m45s] jlh62_2026-07-28_11-46-12_ProbeA:ProbeA: Kilosort4 units: 131
[1h01m45s] jlh62_2026-07-28_11-46-12_ProbeA:ProbeA: DONE run Kilosort4 in 1h00m58s
[1h01m45s] jlh62_2026-07-28_11-46-12_ProbeA:ProbeA: START compute SortingAnalyzer extensions
[1h45m49s] jlh62_2026-07-28_11-46-12_ProbeA:ProbeA: SortingAnalyzer job kwargs: chunk_duration=1s, n_jobs=8, progress_bar=True; multiprocessing fallback_n_jobs=2
[1h45m49s] jlh62_2026-07-28_11-46-12_ProbeA:ProbeA: compute analyzer extension: random_spikes
[1h45m49s] jlh62_2026-07-28_11-46-12_ProbeA:ProbeA: compute analyzer extension: waveforms
[2h09m17s] jlh62_2026-07-28_11-46-12_ProbeA:ProbeA: compute analyzer extension: templates
[2h09m18s] jlh62_2026-07-28_11-46-12_ProbeA:ProbeA: compute analyzer extension: noise_levels
[2h10m06s] jlh62_2026-07-28_11-46-12_ProbeA:ProbeA: compute analyzer extension: spike_amplitudes
[2h11m04s] jlh62_2026-07-28_11-46-12_ProbeA:ProbeA: spike_amplitudes failed with multiprocessing error ([Errno 22] Invalid argument); retrying with chunk_duration=1s, n_jobs=2, progress_bar=True
[2h11m04s] jlh62_2026-07-28_11-46-12_ProbeA:ProbeA: SpikeInterface could not delete partial spike_amplitudes; removing extension folder
[2h32m24s] jlh62_2026-07-28_11-46-12_ProbeA:ProbeA: using fallback SortingAnalyzer job kwargs for remaining extensions: chunk_duration=1s, n_jobs=2, progress_bar=True
[2h32m24s] jlh62_2026-07-28_11-46-12_ProbeA:ProbeA: compute analyzer extension: unit_locations
[2h32m26s] jlh62_2026-07-28_11-46-12_ProbeA:ProbeA: compute analyzer extension: spike_locations
[3h23m08s] jlh62_2026-07-28_11-46-12_ProbeA:ProbeA: compute analyzer extension: principal_components
[3h44m40s] jlh62_2026-07-28_11-46-12_ProbeA:ProbeA: compute analyzer extension: correlograms
[3h44m48s] jlh62_2026-07-28_11-46-12_ProbeA:ProbeA: compute analyzer extension: isi_histograms
[3h44m49s] jlh62_2026-07-28_11-46-12_ProbeA:ProbeA: compute analyzer extension: quality_metrics
[6h39m08s] jlh62_2026-07-28_11-46-12_ProbeA:ProbeA: compute analyzer extension: template_metrics
[6h39m09s] jlh62_2026-07-28_11-46-12_ProbeA:ProbeA: DONE compute SortingAnalyzer extensions in 5h37m24s
[6h39m09s] jlh62_2026-07-28_11-46-12_ProbeA:ProbeA: START export metrics and static report
[6h39m18s] jlh62_2026-07-28_11-46-12_ProbeA:ProbeA: DONE export metrics and static report in 8.8s
[6h39m18s] jlh62_2026-07-28_11-46-12_ProbeA:ProbeA: START export Phy
[6h39m18s] jlh62_2026-07-28_11-46-12_ProbeA:ProbeA: Phy export will reuse existing analyzer extension: spike_amplitudes
[6h39m18s] jlh62_2026-07-28_11-46-12_ProbeA:ProbeA: Phy export will skip pc_features.npy because qc.phy_compute_pc_features=false
Run:
phy template-gui  C:\Users\jordan\Desktop\mouse_arena_recordings\jlh62_2026-07-28_11-46-12\Record Node 101\experiment1\recording1\continuous\Neuropix-PXI-100.ProbeA\spikeinterface_output\phy\params.py
[6h39m30s] jlh62_2026-07-28_11-46-12_ProbeA:ProbeA: Phy dat_path patched to original recording: C:\Users\jordan\Desktop\mouse_arena_recordings\jlh62_2026-07-28_11-46-12\Record Node 101\experiment1\recording1\continuous\Neuropix-PXI-100.ProbeA\continuous.dat
[6h39m30s] jlh62_2026-07-28_11-46-12_ProbeA:ProbeA: wrote Phy UnitRefine TSVs: cluster_unitrefine_label.tsv, cluster_unitrefine_probability.tsv
[6h39m30s] jlh62_2026-07-28_11-46-12_ProbeA:ProbeA: DONE export Phy in 12.0s
[6h39m30s] jlh62_2026-07-28_11-46-12_ProbeA:ProbeA: START finalize manifest and registry
[6h39m30s] jlh62_2026-07-28_11-46-12_ProbeA:ProbeA: DONE finalize manifest and registry in 0.4s
[6h39m30s] jlh62_2026-07-28_11-46-12_ProbeA:ProbeA: START backup completed outputs
[6h39m30s] jlh62_2026-07-28_11-46-12_ProbeA:ProbeA: generated-output backup disabled
[6h39m30s] jlh62_2026-07-28_11-46-12_ProbeA:ProbeA: full local recording archive disabled
[6h39m30s] jlh62_2026-07-28_11-46-12_ProbeA:ProbeA: DONE backup completed outputs in 0.0s
jlh62_2026-07-28_11-46-12_ProbeA | ProbeA | complete
