[0.0s] bp2_2026-09-15_10-26-21_ProbeA:ProbeA: START verify raw backup
[0.1s] bp2_2026-09-15_10-26-21_ProbeA:ProbeA: raw backup verified: \\denmanlab\s2\mouse_arena_recordings\bp2_2026-09-15_10-26-21
[0.1s] bp2_2026-09-15_10-26-21_ProbeA:ProbeA: DONE verify raw backup in 0.1s
[0.1s] bp2_2026-09-15_10-26-21_ProbeA:ProbeA: START initialize output and registry
[0.2s] bp2_2026-09-15_10-26-21_ProbeA:ProbeA: DONE initialize output and registry in 0.0s
[0.2s] bp2_2026-09-15_10-26-21_ProbeA:ProbeA: START load Open Ephys recording and probe map
[1.3s] bp2_2026-09-15_10-26-21_ProbeA:ProbeA: recording: 384 channels, 1908.2s, 30000.0 Hz
[1.3s] bp2_2026-09-15_10-26-21_ProbeA:ProbeA: DONE load Open Ephys recording and probe map in 1.1s
[1.3s] bp2_2026-09-15_10-26-21_ProbeA:ProbeA: START validate geometry and compute hashes
[1.3s] bp2_2026-09-15_10-26-21_ProbeA:ProbeA: DONE validate geometry and compute hashes in 0.0s
[1.3s] bp2_2026-09-15_10-26-21_ProbeA:ProbeA: START apply Neuropixels phase shift
[1.3s] bp2_2026-09-15_10-26-21_ProbeA:ProbeA: phase_shift applied
[1.3s] bp2_2026-09-15_10-26-21_ProbeA:ProbeA: DONE apply Neuropixels phase shift in 0.0s
[1.3s] bp2_2026-09-15_10-26-21_ProbeA:ProbeA: START apply SpikeInterface CAR and plot traces
[3.3s] bp2_2026-09-15_10-26-21_ProbeA:ProbeA: CAR operator=median; pre/post CAR plot: C:\Users\jordan\Desktop\mouse_arena_recordings\bp2_2026-09-15_10-26-21\Record Node 101\experiment1\recording1\continuous\Neuropix-PXI-100.ProbeA\spikeinterface_output\report\figures\pre_post_car_traces.png
[3.3s] bp2_2026-09-15_10-26-21_ProbeA:ProbeA: DONE apply SpikeInterface CAR and plot traces in 2.0s
[3.3s] bp2_2026-09-15_10-26-21_ProbeA:ProbeA: START apply high-pass filter
[3.3s] bp2_2026-09-15_10-26-21_ProbeA:ProbeA: highpass_filter applied: freq_min=300 Hz
[3.3s] bp2_2026-09-15_10-26-21_ProbeA:ProbeA: DONE apply high-pass filter in 0.0s
[3.3s] bp2_2026-09-15_10-26-21_ProbeA:ProbeA: START detect bad channels
[40.8s] bp2_2026-09-15_10-26-21_ProbeA:ProbeA: bad channels detected: 382; excluded from sorting: 0
[40.8s] bp2_2026-09-15_10-26-21_ProbeA:ProbeA: DONE detect bad channels in 37.5s
[40.8s] bp2_2026-09-15_10-26-21_ProbeA:ProbeA: START optional SpikeInterface motion correction
[40.8s] bp2_2026-09-15_10-26-21_ProbeA:ProbeA: using Kilosort4 drift correction
[40.8s] bp2_2026-09-15_10-26-21_ProbeA:ProbeA: DONE optional SpikeInterface motion correction in 0.0s
[40.8s] bp2_2026-09-15_10-26-21_ProbeA:ProbeA: START prepare Kilosort4 parameters
[40.8s] bp2_2026-09-15_10-26-21_ProbeA:ProbeA: Kilosort4 preprocessing: do_CAR=False, do_correction=True, bad_channels=0
[40.9s] bp2_2026-09-15_10-26-21_ProbeA:ProbeA: DONE prepare Kilosort4 parameters in 0.1s
[40.9s] bp2_2026-09-15_10-26-21_ProbeA:ProbeA: START run Kilosort4
Skipping common average reference.
kilosort4 run time 873.69s
[45m21s] bp2_2026-09-15_10-26-21_ProbeA:ProbeA: Kilosort4 units: 100
[45m21s] bp2_2026-09-15_10-26-21_ProbeA:ProbeA: DONE run Kilosort4 in 44m40s
[45m21s] bp2_2026-09-15_10-26-21_ProbeA:ProbeA: START compute SortingAnalyzer extensions
[1h19m38s] bp2_2026-09-15_10-26-21_ProbeA:ProbeA: SortingAnalyzer job kwargs: chunk_duration=1s, n_jobs=8, progress_bar=True; multiprocessing fallback_n_jobs=2
[1h19m38s] bp2_2026-09-15_10-26-21_ProbeA:ProbeA: compute analyzer extension: random_spikes
[1h19m39s] bp2_2026-09-15_10-26-21_ProbeA:ProbeA: compute analyzer extension: waveforms
[1h39m37s] bp2_2026-09-15_10-26-21_ProbeA:ProbeA: compute analyzer extension: templates
[1h39m38s] bp2_2026-09-15_10-26-21_ProbeA:ProbeA: compute analyzer extension: noise_levels
[1h40m14s] bp2_2026-09-15_10-26-21_ProbeA:ProbeA: compute analyzer extension: spike_amplitudes
[2h13m19s] bp2_2026-09-15_10-26-21_ProbeA:ProbeA: compute analyzer extension: unit_locations
[2h13m20s] bp2_2026-09-15_10-26-21_ProbeA:ProbeA: compute analyzer extension: spike_locations
[2h45m10s] bp2_2026-09-15_10-26-21_ProbeA:ProbeA: compute analyzer extension: principal_components
[2h59m54s] bp2_2026-09-15_10-26-21_ProbeA:ProbeA: compute analyzer extension: correlograms
[2h59m56s] bp2_2026-09-15_10-26-21_ProbeA:ProbeA: compute analyzer extension: isi_histograms
[2h59m56s] bp2_2026-09-15_10-26-21_ProbeA:ProbeA: compute analyzer extension: quality_metrics
[3h39m01s] bp2_2026-09-15_10-26-21_ProbeA:ProbeA: compute analyzer extension: template_metrics
[3h39m02s] bp2_2026-09-15_10-26-21_ProbeA:ProbeA: DONE compute SortingAnalyzer extensions in 2h53m40s
[3h39m02s] bp2_2026-09-15_10-26-21_ProbeA:ProbeA: START export metrics and static report
[3h39m08s] bp2_2026-09-15_10-26-21_ProbeA:ProbeA: DONE export metrics and static report in 5.8s
[3h39m08s] bp2_2026-09-15_10-26-21_ProbeA:ProbeA: START export Phy
[3h39m08s] bp2_2026-09-15_10-26-21_ProbeA:ProbeA: Phy export will reuse existing analyzer extension: spike_amplitudes
[3h39m08s] bp2_2026-09-15_10-26-21_ProbeA:ProbeA: Phy export will skip pc_features.npy because qc.phy_compute_pc_features=false
Run:
phy template-gui  C:\Users\jordan\Desktop\mouse_arena_recordings\bp2_2026-09-15_10-26-21\Record Node 101\experiment1\recording1\continuous\Neuropix-PXI-100.ProbeA\spikeinterface_output\phy\params.py
[3h39m18s] bp2_2026-09-15_10-26-21_ProbeA:ProbeA: Phy dat_path patched to original recording: C:\Users\jordan\Desktop\mouse_arena_recordings\bp2_2026-09-15_10-26-21\Record Node 101\experiment1\recording1\continuous\Neuropix-PXI-100.ProbeA\continuous.dat
[3h39m18s] bp2_2026-09-15_10-26-21_ProbeA:ProbeA: wrote Phy UnitRefine TSVs: cluster_unitrefine_label.tsv, cluster_unitrefine_probability.tsv
[3h39m18s] bp2_2026-09-15_10-26-21_ProbeA:ProbeA: DONE export Phy in 10.0s
[3h39m18s] bp2_2026-09-15_10-26-21_ProbeA:ProbeA: START finalize manifest and registry
[3h39m18s] bp2_2026-09-15_10-26-21_ProbeA:ProbeA: DONE finalize manifest and registry in 0.5s
[3h39m18s] bp2_2026-09-15_10-26-21_ProbeA:ProbeA: START backup completed outputs
[3h39m18s] bp2_2026-09-15_10-26-21_ProbeA:ProbeA: generated-output backup disabled
[3h39m18s] bp2_2026-09-15_10-26-21_ProbeA:ProbeA: full local recording archive disabled
[3h39m18s] bp2_2026-09-15_10-26-21_ProbeA:ProbeA: DONE backup completed outputs in 0.0s
bp2_2026-09-15_10-26-21_ProbeA | ProbeA | complete
