[0.0s] bp2_2026-09-17_13-15-32_ProbeA:ProbeA: START verify raw backup
[0.1s] bp2_2026-09-17_13-15-32_ProbeA:ProbeA: raw backup verified: \\denmanlab\s2\mouse_arena_recordings\bp2_2026-09-17_13-15-32
[0.1s] bp2_2026-09-17_13-15-32_ProbeA:ProbeA: DONE verify raw backup in 0.1s
[0.1s] bp2_2026-09-17_13-15-32_ProbeA:ProbeA: START initialize output and registry
[0.2s] bp2_2026-09-17_13-15-32_ProbeA:ProbeA: DONE initialize output and registry in 0.0s
[0.2s] bp2_2026-09-17_13-15-32_ProbeA:ProbeA: START load Open Ephys recording and probe map
[1.4s] bp2_2026-09-17_13-15-32_ProbeA:ProbeA: recording: 384 channels, 2105.3s, 30000.0 Hz
[1.4s] bp2_2026-09-17_13-15-32_ProbeA:ProbeA: DONE load Open Ephys recording and probe map in 1.2s
[1.4s] bp2_2026-09-17_13-15-32_ProbeA:ProbeA: START validate geometry and compute hashes
[1.4s] bp2_2026-09-17_13-15-32_ProbeA:ProbeA: DONE validate geometry and compute hashes in 0.0s
[1.4s] bp2_2026-09-17_13-15-32_ProbeA:ProbeA: START apply Neuropixels phase shift
[1.4s] bp2_2026-09-17_13-15-32_ProbeA:ProbeA: phase_shift applied
[1.4s] bp2_2026-09-17_13-15-32_ProbeA:ProbeA: DONE apply Neuropixels phase shift in 0.0s
[1.4s] bp2_2026-09-17_13-15-32_ProbeA:ProbeA: START apply SpikeInterface CAR and plot traces
[3.8s] bp2_2026-09-17_13-15-32_ProbeA:ProbeA: CAR operator=median; pre/post CAR plot: C:\Users\jordan\Desktop\mouse_arena_recordings\bp2_2026-09-17_13-15-32\Record Node 101\experiment1\recording1\continuous\Neuropix-PXI-100.ProbeA\spikeinterface_output\report\figures\pre_post_car_traces.png
[3.8s] bp2_2026-09-17_13-15-32_ProbeA:ProbeA: DONE apply SpikeInterface CAR and plot traces in 2.4s
[3.8s] bp2_2026-09-17_13-15-32_ProbeA:ProbeA: START apply high-pass filter
[3.8s] bp2_2026-09-17_13-15-32_ProbeA:ProbeA: highpass_filter applied: freq_min=300 Hz
[3.8s] bp2_2026-09-17_13-15-32_ProbeA:ProbeA: DONE apply high-pass filter in 0.0s
[3.8s] bp2_2026-09-17_13-15-32_ProbeA:ProbeA: START detect bad channels
[41.5s] bp2_2026-09-17_13-15-32_ProbeA:ProbeA: bad channels detected: 384; excluded from sorting: 0
[41.5s] bp2_2026-09-17_13-15-32_ProbeA:ProbeA: DONE detect bad channels in 37.6s
[41.5s] bp2_2026-09-17_13-15-32_ProbeA:ProbeA: START optional SpikeInterface motion correction
[41.5s] bp2_2026-09-17_13-15-32_ProbeA:ProbeA: using Kilosort4 drift correction
[41.5s] bp2_2026-09-17_13-15-32_ProbeA:ProbeA: DONE optional SpikeInterface motion correction in 0.0s
[41.5s] bp2_2026-09-17_13-15-32_ProbeA:ProbeA: START prepare Kilosort4 parameters
[41.5s] bp2_2026-09-17_13-15-32_ProbeA:ProbeA: Kilosort4 preprocessing: do_CAR=False, do_correction=True, bad_channels=0
[41.9s] bp2_2026-09-17_13-15-32_ProbeA:ProbeA: DONE prepare Kilosort4 parameters in 0.4s
[41.9s] bp2_2026-09-17_13-15-32_ProbeA:ProbeA: START run Kilosort4
[41.9s] bp2_2026-09-17_13-15-32_ProbeA:ProbeA: FAILED run Kilosort4 after 0.0s
