[0.0s] jlh62_2026-07-29_12-14-13_ProbeB:ProbeB:restart_qc: START validate existing Kilosort output
[0.0s] jlh62_2026-07-29_12-14-13_ProbeB:ProbeB:restart_qc: Kilosort output: C:\Users\jordan\Desktop\mouse_arena_recordings\jlh62_2026-07-29_12-14-13\Record Node 101\experiment1\recording1\continuous\Neuropix-PXI-100.ProbeB\spikeinterface_output\kilosort4
[0.0s] jlh62_2026-07-29_12-14-13_ProbeB:ProbeB:restart_qc: DONE validate existing Kilosort output in 0.0s
[0.0s] jlh62_2026-07-29_12-14-13_ProbeB:ProbeB:restart_qc: START archive existing QC outputs
[0.0s] jlh62_2026-07-29_12-14-13_ProbeB:ProbeB:restart_qc: archive analyzer
[0.0s] jlh62_2026-07-29_12-14-13_ProbeB:ProbeB:restart_qc: archive report
[0.1s] jlh62_2026-07-29_12-14-13_ProbeB:ProbeB:restart_qc: archived previous QC outputs: C:\Users\jordan\Desktop\mouse_arena_recordings\jlh62_2026-07-29_12-14-13\Record Node 101\experiment1\recording1\continuous\Neuropix-PXI-100.ProbeB\spikeinterface_output\qc_archive\20260811_100519
[0.1s] jlh62_2026-07-29_12-14-13_ProbeB:ProbeB:restart_qc: DONE archive existing QC outputs in 0.1s
[0.1s] jlh62_2026-07-29_12-14-13_ProbeB:ProbeB:restart_qc: START rebuild preprocessed recording view
[1.6s] jlh62_2026-07-29_12-14-13_ProbeB:ProbeB:restart_qc: recording: 384 channels, 2123.7s, 30000.0 Hz
[1.6s] jlh62_2026-07-29_12-14-13_ProbeB:ProbeB:restart_qc: DONE rebuild preprocessed recording view in 1.5s
[1.6s] jlh62_2026-07-29_12-14-13_ProbeB:ProbeB:restart_qc: START load Kilosort sorting and compute analyzer
[3.8s] jlh62_2026-07-29_12-14-13_ProbeB:ProbeB:restart_qc: Kilosort units: 220
[46m22s] jlh62_2026-07-29_12-14-13_ProbeB:ProbeB:restart_qc: SortingAnalyzer job kwargs: chunk_duration=1s, n_jobs=8, progress_bar=True; multiprocessing fallback_n_jobs=2
[46m22s] jlh62_2026-07-29_12-14-13_ProbeB:ProbeB:restart_qc: compute analyzer extension: random_spikes
[46m22s] jlh62_2026-07-29_12-14-13_ProbeB:ProbeB:restart_qc: compute analyzer extension: waveforms
[1h09m20s] jlh62_2026-07-29_12-14-13_ProbeB:ProbeB:restart_qc: compute analyzer extension: templates
[1h09m21s] jlh62_2026-07-29_12-14-13_ProbeB:ProbeB:restart_qc: compute analyzer extension: noise_levels
[1h10m00s] jlh62_2026-07-29_12-14-13_ProbeB:ProbeB:restart_qc: compute analyzer extension: spike_amplitudes
[1h22m01s] jlh62_2026-07-29_12-14-13_ProbeB:ProbeB:restart_qc: compute analyzer extension: unit_locations
[1h22m10s] jlh62_2026-07-29_12-14-13_ProbeB:ProbeB:restart_qc: compute analyzer extension: spike_locations
[1h59m12s] jlh62_2026-07-29_12-14-13_ProbeB:ProbeB:restart_qc: compute analyzer extension: principal_components
[2h33m53s] jlh62_2026-07-29_12-14-13_ProbeB:ProbeB:restart_qc: compute analyzer extension: correlograms
[2h33m55s] jlh62_2026-07-29_12-14-13_ProbeB:ProbeB:restart_qc: compute analyzer extension: isi_histograms
[2h33m56s] jlh62_2026-07-29_12-14-13_ProbeB:ProbeB:restart_qc: compute analyzer extension: quality_metrics
[4h03m25s] jlh62_2026-07-29_12-14-13_ProbeB:ProbeB:restart_qc: compute analyzer extension: template_metrics
[4h03m27s] jlh62_2026-07-29_12-14-13_ProbeB:ProbeB:restart_qc: DONE load Kilosort sorting and compute analyzer in 4h03m25s
[4h03m27s] jlh62_2026-07-29_12-14-13_ProbeB:ProbeB:restart_qc: START export metrics and reports
[4h03m37s] jlh62_2026-07-29_12-14-13_ProbeB:ProbeB:restart_qc: DONE export metrics and reports in 10.1s
[4h03m37s] jlh62_2026-07-29_12-14-13_ProbeB:ProbeB:restart_qc: START export Phy
[4h03m37s] jlh62_2026-07-29_12-14-13_ProbeB:ProbeB:restart_qc: Phy export will reuse existing analyzer extension: spike_amplitudes
[4h03m37s] jlh62_2026-07-29_12-14-13_ProbeB:ProbeB:restart_qc: Phy export will skip pc_features.npy because qc.phy_compute_pc_features=false
Run:
phy template-gui  C:\Users\jordan\Desktop\mouse_arena_recordings\jlh62_2026-07-29_12-14-13\Record Node 101\experiment1\recording1\continuous\Neuropix-PXI-100.ProbeB\spikeinterface_output\phy\params.py
[4h03m48s] jlh62_2026-07-29_12-14-13_ProbeB:ProbeB:restart_qc: Phy dat_path patched to original recording: C:\Users\jordan\Desktop\mouse_arena_recordings\jlh62_2026-07-29_12-14-13\Record Node 101\experiment1\recording1\continuous\Neuropix-PXI-100.ProbeB\continuous.dat
[4h03m48s] jlh62_2026-07-29_12-14-13_ProbeB:ProbeB:restart_qc: wrote Phy UnitRefine TSVs: cluster_unitrefine_label.tsv, cluster_unitrefine_probability.tsv
[4h03m48s] jlh62_2026-07-29_12-14-13_ProbeB:ProbeB:restart_qc: DONE export Phy in 11.6s
jlh62_2026-07-29_12-14-13_ProbeB | ProbeB | complete
