[0.0s] jlh60_2026-07-15_12-18-07_ProbeA:ProbeA: START verify raw backup
[0.0s] jlh60_2026-07-15_12-18-07_ProbeA:ProbeA: raw backup verified: \\denmanlab\s2\mouse_arena_recordings\jlh60_2026-07-15_12-18-07
[0.1s] jlh60_2026-07-15_12-18-07_ProbeA:ProbeA: DONE verify raw backup in 0.1s
[0.1s] jlh60_2026-07-15_12-18-07_ProbeA:ProbeA: START initialize output and registry
[0.1s] jlh60_2026-07-15_12-18-07_ProbeA:ProbeA: DONE initialize output and registry in 0.0s
[0.1s] jlh60_2026-07-15_12-18-07_ProbeA:ProbeA: START load Open Ephys recording and probe map
[1.0s] jlh60_2026-07-15_12-18-07_ProbeA:ProbeA: recording: 384 channels, 1431.9s, 30000.0 Hz
[1.0s] jlh60_2026-07-15_12-18-07_ProbeA:ProbeA: DONE load Open Ephys recording and probe map in 0.9s
[1.0s] jlh60_2026-07-15_12-18-07_ProbeA:ProbeA: START validate geometry and compute hashes
[1.0s] jlh60_2026-07-15_12-18-07_ProbeA:ProbeA: DONE validate geometry and compute hashes in 0.0s
[1.0s] jlh60_2026-07-15_12-18-07_ProbeA:ProbeA: START apply Neuropixels phase shift
[1.0s] jlh60_2026-07-15_12-18-07_ProbeA:ProbeA: phase_shift applied
[1.0s] jlh60_2026-07-15_12-18-07_ProbeA:ProbeA: DONE apply Neuropixels phase shift in 0.0s
[1.0s] jlh60_2026-07-15_12-18-07_ProbeA:ProbeA: START apply SpikeInterface CAR and plot traces
[3.5s] jlh60_2026-07-15_12-18-07_ProbeA:ProbeA: CAR operator=median; pre/post CAR plot: C:\Users\jordan\Desktop\mouse_arena_recordings\jlh60_2026-07-15_12-18-07\Record Node 101\experiment1\recording1\continuous\Neuropix-PXI-100.ProbeA\spikeinterface_output\report\figures\pre_post_car_traces.png
[3.5s] jlh60_2026-07-15_12-18-07_ProbeA:ProbeA: DONE apply SpikeInterface CAR and plot traces in 2.5s
[3.5s] jlh60_2026-07-15_12-18-07_ProbeA:ProbeA: START apply high-pass filter
[3.5s] jlh60_2026-07-15_12-18-07_ProbeA:ProbeA: highpass_filter applied: freq_min=300 Hz
[3.5s] jlh60_2026-07-15_12-18-07_ProbeA:ProbeA: DONE apply high-pass filter in 0.0s
[3.5s] jlh60_2026-07-15_12-18-07_ProbeA:ProbeA: START detect bad channels
[44.1s] jlh60_2026-07-15_12-18-07_ProbeA:ProbeA: bad channels detected: 366; excluded from sorting: 0
[44.1s] jlh60_2026-07-15_12-18-07_ProbeA:ProbeA: DONE detect bad channels in 40.6s
[44.1s] jlh60_2026-07-15_12-18-07_ProbeA:ProbeA: START optional SpikeInterface motion correction
[44.1s] jlh60_2026-07-15_12-18-07_ProbeA:ProbeA: using Kilosort4 drift correction
[44.1s] jlh60_2026-07-15_12-18-07_ProbeA:ProbeA: DONE optional SpikeInterface motion correction in 0.0s
[44.1s] jlh60_2026-07-15_12-18-07_ProbeA:ProbeA: START prepare Kilosort4 parameters
[44.1s] jlh60_2026-07-15_12-18-07_ProbeA:ProbeA: Kilosort4 preprocessing: do_CAR=False, do_correction=True, bad_channels=0
[44.2s] jlh60_2026-07-15_12-18-07_ProbeA:ProbeA: DONE prepare Kilosort4 parameters in 0.1s
[44.2s] jlh60_2026-07-15_12-18-07_ProbeA:ProbeA: START run Kilosort4
Skipping common average reference.
kilosort4 run time 1041.90s
[42m59s] jlh60_2026-07-15_12-18-07_ProbeA:ProbeA: Kilosort4 units: 366
[42m59s] jlh60_2026-07-15_12-18-07_ProbeA:ProbeA: DONE run Kilosort4 in 42m15s
[42m59s] jlh60_2026-07-15_12-18-07_ProbeA:ProbeA: START compute SortingAnalyzer extensions
[1h22m35s] jlh60_2026-07-15_12-18-07_ProbeA:ProbeA: SortingAnalyzer job kwargs: chunk_duration=1s, n_jobs=8, progress_bar=True; multiprocessing fallback_n_jobs=2
[1h22m35s] jlh60_2026-07-15_12-18-07_ProbeA:ProbeA: compute analyzer extension: random_spikes
[1h22m35s] jlh60_2026-07-15_12-18-07_ProbeA:ProbeA: compute analyzer extension: waveforms
[1h42m22s] jlh60_2026-07-15_12-18-07_ProbeA:ProbeA: compute analyzer extension: templates
[1h42m25s] jlh60_2026-07-15_12-18-07_ProbeA:ProbeA: compute analyzer extension: noise_levels
[1h43m09s] jlh60_2026-07-15_12-18-07_ProbeA:ProbeA: compute analyzer extension: spike_amplitudes
[1h44m19s] jlh60_2026-07-15_12-18-07_ProbeA:ProbeA: spike_amplitudes failed with multiprocessing error ([Errno 22] Invalid argument); retrying with chunk_duration=1s, n_jobs=2, progress_bar=True
[1h44m19s] jlh60_2026-07-15_12-18-07_ProbeA:ProbeA: SpikeInterface could not delete partial spike_amplitudes; removing extension folder
[2h18m35s] jlh60_2026-07-15_12-18-07_ProbeA:ProbeA: using fallback SortingAnalyzer job kwargs for remaining extensions: chunk_duration=1s, n_jobs=2, progress_bar=True
[2h18m35s] jlh60_2026-07-15_12-18-07_ProbeA:ProbeA: compute analyzer extension: unit_locations
[2h18m38s] jlh60_2026-07-15_12-18-07_ProbeA:ProbeA: compute analyzer extension: spike_locations
[2h52m35s] jlh60_2026-07-15_12-18-07_ProbeA:ProbeA: compute analyzer extension: principal_components
[3h47m00s] jlh60_2026-07-15_12-18-07_ProbeA:ProbeA: compute analyzer extension: correlograms
[3h47m17s] jlh60_2026-07-15_12-18-07_ProbeA:ProbeA: compute analyzer extension: isi_histograms
[3h47m18s] jlh60_2026-07-15_12-18-07_ProbeA:ProbeA: compute analyzer extension: quality_metrics
[11h26m40s] jlh60_2026-07-15_12-18-07_ProbeA:ProbeA: compute analyzer extension: template_metrics
[11h26m42s] jlh60_2026-07-15_12-18-07_ProbeA:ProbeA: DONE compute SortingAnalyzer extensions in 10h43m42s
[11h26m42s] jlh60_2026-07-15_12-18-07_ProbeA:ProbeA: START export metrics and static report
[11h26m53s] jlh60_2026-07-15_12-18-07_ProbeA:ProbeA: DONE export metrics and static report in 11.4s
[11h26m53s] jlh60_2026-07-15_12-18-07_ProbeA:ProbeA: START export Phy
[11h26m53s] jlh60_2026-07-15_12-18-07_ProbeA:ProbeA: Phy export will reuse existing analyzer extension: spike_amplitudes
[11h26m53s] jlh60_2026-07-15_12-18-07_ProbeA:ProbeA: Phy export will skip pc_features.npy because qc.phy_compute_pc_features=false
Run:
phy template-gui  C:\Users\jordan\Desktop\mouse_arena_recordings\jlh60_2026-07-15_12-18-07\Record Node 101\experiment1\recording1\continuous\Neuropix-PXI-100.ProbeA\spikeinterface_output\phy\params.py
[11h27m05s] jlh60_2026-07-15_12-18-07_ProbeA:ProbeA: Phy dat_path patched to original recording: C:\Users\jordan\Desktop\mouse_arena_recordings\jlh60_2026-07-15_12-18-07\Record Node 101\experiment1\recording1\continuous\Neuropix-PXI-100.ProbeA\continuous.dat
[11h27m05s] jlh60_2026-07-15_12-18-07_ProbeA:ProbeA: wrote Phy UnitRefine TSVs: cluster_unitrefine_label.tsv, cluster_unitrefine_probability.tsv
[11h27m05s] jlh60_2026-07-15_12-18-07_ProbeA:ProbeA: DONE export Phy in 12.2s
[11h27m05s] jlh60_2026-07-15_12-18-07_ProbeA:ProbeA: START finalize manifest and registry
[11h27m06s] jlh60_2026-07-15_12-18-07_ProbeA:ProbeA: DONE finalize manifest and registry in 0.5s
[11h27m06s] jlh60_2026-07-15_12-18-07_ProbeA:ProbeA: START backup completed outputs
[11h27m06s] jlh60_2026-07-15_12-18-07_ProbeA:ProbeA: generated-output backup disabled
[11h27m06s] jlh60_2026-07-15_12-18-07_ProbeA:ProbeA: full local recording archive disabled
[11h27m06s] jlh60_2026-07-15_12-18-07_ProbeA:ProbeA: DONE backup completed outputs in 0.0s
jlh60_2026-07-15_12-18-07_ProbeA | ProbeA | complete
