[0.0s] jlh60_2026-06-30_12-16-16_ProbeB:ProbeB:restart_qc: START validate existing Kilosort output
[0.0s] jlh60_2026-06-30_12-16-16_ProbeB:ProbeB:restart_qc: Kilosort output: C:\Users\jordan\Desktop\mouse_arena_recordings\jlh60_2026-06-30_12-16-16\Record Node 101\experiment1\recording1\continuous\Neuropix-PXI-100.ProbeB\spikeinterface_output\kilosort4
[0.0s] jlh60_2026-06-30_12-16-16_ProbeB:ProbeB:restart_qc: DONE validate existing Kilosort output in 0.0s
[0.0s] jlh60_2026-06-30_12-16-16_ProbeB:ProbeB:restart_qc: START archive existing QC outputs
[0.0s] jlh60_2026-06-30_12-16-16_ProbeB:ProbeB:restart_qc: archive sorting_analyzer
[0.0s] jlh60_2026-06-30_12-16-16_ProbeB:ProbeB:restart_qc: archive report
[0.1s] jlh60_2026-06-30_12-16-16_ProbeB:ProbeB:restart_qc: archived previous QC outputs: C:\Users\jordan\Desktop\mouse_arena_recordings\jlh60_2026-06-30_12-16-16\Record Node 101\experiment1\recording1\continuous\Neuropix-PXI-100.ProbeB\spikeinterface_output\qc_archive\20260717_142221
[0.1s] jlh60_2026-06-30_12-16-16_ProbeB:ProbeB:restart_qc: DONE archive existing QC outputs in 0.1s
[0.1s] jlh60_2026-06-30_12-16-16_ProbeB:ProbeB:restart_qc: START rebuild preprocessed recording view
[1.5s] jlh60_2026-06-30_12-16-16_ProbeB:ProbeB:restart_qc: recording: 384 channels, 2857.4s, 30000.0 Hz
[1.5s] jlh60_2026-06-30_12-16-16_ProbeB:ProbeB:restart_qc: DONE rebuild preprocessed recording view in 1.5s
[1.5s] jlh60_2026-06-30_12-16-16_ProbeB:ProbeB:restart_qc: START load Kilosort sorting and compute analyzer
[7.5s] jlh60_2026-06-30_12-16-16_ProbeB:ProbeB:restart_qc: Kilosort units: 447
[1h16m11s] jlh60_2026-06-30_12-16-16_ProbeB:ProbeB:restart_qc: SortingAnalyzer job kwargs: chunk_duration=1s, n_jobs=8, progress_bar=True; multiprocessing fallback_n_jobs=2
[1h16m11s] jlh60_2026-06-30_12-16-16_ProbeB:ProbeB:restart_qc: compute analyzer extension: random_spikes
[1h16m11s] jlh60_2026-06-30_12-16-16_ProbeB:ProbeB:restart_qc: compute analyzer extension: waveforms
[1h50m58s] jlh60_2026-06-30_12-16-16_ProbeB:ProbeB:restart_qc: compute analyzer extension: templates
[1h51m00s] jlh60_2026-06-30_12-16-16_ProbeB:ProbeB:restart_qc: compute analyzer extension: noise_levels
[1h51m43s] jlh60_2026-06-30_12-16-16_ProbeB:ProbeB:restart_qc: compute analyzer extension: spike_amplitudes
[2h46m02s] jlh60_2026-06-30_12-16-16_ProbeB:ProbeB:restart_qc: compute analyzer extension: unit_locations
[2h46m04s] jlh60_2026-06-30_12-16-16_ProbeB:ProbeB:restart_qc: compute analyzer extension: spike_locations
[2h47m23s] jlh60_2026-06-30_12-16-16_ProbeB:ProbeB:restart_qc: spike_locations failed with multiprocessing error ([Errno 22] Invalid argument); retrying with chunk_duration=1s, n_jobs=2, progress_bar=True
[2h47m23s] jlh60_2026-06-30_12-16-16_ProbeB:ProbeB:restart_qc: SpikeInterface could not delete partial spike_locations; removing extension folder
[3h53m54s] jlh60_2026-06-30_12-16-16_ProbeB:ProbeB:restart_qc: using fallback SortingAnalyzer job kwargs for remaining extensions: chunk_duration=1s, n_jobs=2, progress_bar=True
[3h53m54s] jlh60_2026-06-30_12-16-16_ProbeB:ProbeB:restart_qc: compute analyzer extension: principal_components
[4h55m59s] jlh60_2026-06-30_12-16-16_ProbeB:ProbeB:restart_qc: compute analyzer extension: correlograms
[4h56m11s] jlh60_2026-06-30_12-16-16_ProbeB:ProbeB:restart_qc: compute analyzer extension: isi_histograms
[4h56m13s] jlh60_2026-06-30_12-16-16_ProbeB:ProbeB:restart_qc: compute analyzer extension: quality_metrics
[15h07m49s] jlh60_2026-06-30_12-16-16_ProbeB:ProbeB:restart_qc: compute analyzer extension: template_metrics
[15h07m52s] jlh60_2026-06-30_12-16-16_ProbeB:ProbeB:restart_qc: DONE load Kilosort sorting and compute analyzer in 15h07m50s
[15h07m52s] jlh60_2026-06-30_12-16-16_ProbeB:ProbeB:restart_qc: START export metrics and reports
[15h08m07s] jlh60_2026-06-30_12-16-16_ProbeB:ProbeB:restart_qc: DONE export metrics and reports in 15.1s
[15h08m07s] jlh60_2026-06-30_12-16-16_ProbeB:ProbeB:restart_qc: START export Phy
[15h08m08s] jlh60_2026-06-30_12-16-16_ProbeB:ProbeB:restart_qc: Phy export will reuse existing analyzer extension: spike_amplitudes
[15h08m08s] jlh60_2026-06-30_12-16-16_ProbeB:ProbeB:restart_qc: Phy export will skip pc_features.npy because qc.phy_compute_pc_features=false
Run:
phy template-gui  C:\Users\jordan\Desktop\mouse_arena_recordings\jlh60_2026-06-30_12-16-16\Record Node 101\experiment1\recording1\continuous\Neuropix-PXI-100.ProbeB\spikeinterface_output\phy\params.py
[15h08m20s] jlh60_2026-06-30_12-16-16_ProbeB:ProbeB:restart_qc: Phy dat_path patched to original recording: C:\Users\jordan\Desktop\mouse_arena_recordings\jlh60_2026-06-30_12-16-16\Record Node 101\experiment1\recording1\continuous\Neuropix-PXI-100.ProbeB\continuous.dat
[15h08m20s] jlh60_2026-06-30_12-16-16_ProbeB:ProbeB:restart_qc: wrote Phy UnitRefine TSVs: cluster_unitrefine_label.tsv, cluster_unitrefine_probability.tsv
[15h08m20s] jlh60_2026-06-30_12-16-16_ProbeB:ProbeB:restart_qc: DONE export Phy in 13.2s
jlh60_2026-06-30_12-16-16_ProbeB | ProbeB | complete
