[0.0s] jlh62_2026-07-20_12-30-31_ProbeB:ProbeB: START verify raw backup
[0.1s] jlh62_2026-07-20_12-30-31_ProbeB:ProbeB: raw backup verified: \\denmanlab\s2\mouse_arena_recordings\jlh62_2026-07-20_12-30-31
[0.2s] jlh62_2026-07-20_12-30-31_ProbeB:ProbeB: DONE verify raw backup in 0.1s
[0.2s] jlh62_2026-07-20_12-30-31_ProbeB:ProbeB: START initialize output and registry
[0.2s] jlh62_2026-07-20_12-30-31_ProbeB:ProbeB: DONE initialize output and registry in 0.0s
[0.2s] jlh62_2026-07-20_12-30-31_ProbeB:ProbeB: START load Open Ephys recording and probe map
[1.4s] jlh62_2026-07-20_12-30-31_ProbeB:ProbeB: recording: 384 channels, 2177.2s, 30000.0 Hz
[1.4s] jlh62_2026-07-20_12-30-31_ProbeB:ProbeB: DONE load Open Ephys recording and probe map in 1.2s
[1.4s] jlh62_2026-07-20_12-30-31_ProbeB:ProbeB: START validate geometry and compute hashes
[1.4s] jlh62_2026-07-20_12-30-31_ProbeB:ProbeB: DONE validate geometry and compute hashes in 0.0s
[1.4s] jlh62_2026-07-20_12-30-31_ProbeB:ProbeB: START apply Neuropixels phase shift
[1.4s] jlh62_2026-07-20_12-30-31_ProbeB:ProbeB: phase_shift applied
[1.4s] jlh62_2026-07-20_12-30-31_ProbeB:ProbeB: DONE apply Neuropixels phase shift in 0.0s
[1.4s] jlh62_2026-07-20_12-30-31_ProbeB:ProbeB: START apply SpikeInterface CAR and plot traces
[3.6s] jlh62_2026-07-20_12-30-31_ProbeB:ProbeB: CAR operator=median; pre/post CAR plot: C:\Users\jordan\Desktop\mouse_arena_recordings\jlh62_2026-07-20_12-30-31\Record Node 101\experiment1\recording1\continuous\Neuropix-PXI-100.ProbeB\spikeinterface_output\report\figures\pre_post_car_traces.png
[3.6s] jlh62_2026-07-20_12-30-31_ProbeB:ProbeB: DONE apply SpikeInterface CAR and plot traces in 2.2s
[3.6s] jlh62_2026-07-20_12-30-31_ProbeB:ProbeB: START apply high-pass filter
[3.6s] jlh62_2026-07-20_12-30-31_ProbeB:ProbeB: highpass_filter applied: freq_min=300 Hz
[3.6s] jlh62_2026-07-20_12-30-31_ProbeB:ProbeB: DONE apply high-pass filter in 0.0s
[3.6s] jlh62_2026-07-20_12-30-31_ProbeB:ProbeB: START detect bad channels
[43.4s] jlh62_2026-07-20_12-30-31_ProbeB:ProbeB: bad channels detected: 379; excluded from sorting: 0
[43.4s] jlh62_2026-07-20_12-30-31_ProbeB:ProbeB: DONE detect bad channels in 39.8s
[43.4s] jlh62_2026-07-20_12-30-31_ProbeB:ProbeB: START optional SpikeInterface motion correction
[43.4s] jlh62_2026-07-20_12-30-31_ProbeB:ProbeB: using Kilosort4 drift correction
[43.4s] jlh62_2026-07-20_12-30-31_ProbeB:ProbeB: DONE optional SpikeInterface motion correction in 0.0s
[43.4s] jlh62_2026-07-20_12-30-31_ProbeB:ProbeB: START prepare Kilosort4 parameters
[43.4s] jlh62_2026-07-20_12-30-31_ProbeB:ProbeB: Kilosort4 preprocessing: do_CAR=False, do_correction=True, bad_channels=0
[43.5s] jlh62_2026-07-20_12-30-31_ProbeB:ProbeB: DONE prepare Kilosort4 parameters in 0.1s
[43.5s] jlh62_2026-07-20_12-30-31_ProbeB:ProbeB: START run Kilosort4
Skipping common average reference.
kilosort4 run time 1219.19s
[57m36s] jlh62_2026-07-20_12-30-31_ProbeB:ProbeB: Kilosort4 units: 276
[57m36s] jlh62_2026-07-20_12-30-31_ProbeB:ProbeB: DONE run Kilosort4 in 56m52s
[57m36s] jlh62_2026-07-20_12-30-31_ProbeB:ProbeB: START compute SortingAnalyzer extensions
[1h48m00s] jlh62_2026-07-20_12-30-31_ProbeB:ProbeB: SortingAnalyzer job kwargs: chunk_duration=1s, n_jobs=8, progress_bar=True; multiprocessing fallback_n_jobs=2
[1h48m00s] jlh62_2026-07-20_12-30-31_ProbeB:ProbeB: compute analyzer extension: random_spikes
[1h48m00s] jlh62_2026-07-20_12-30-31_ProbeB:ProbeB: compute analyzer extension: waveforms
[2h13m04s] jlh62_2026-07-20_12-30-31_ProbeB:ProbeB: compute analyzer extension: templates
[2h13m05s] jlh62_2026-07-20_12-30-31_ProbeB:ProbeB: compute analyzer extension: noise_levels
[2h13m49s] jlh62_2026-07-20_12-30-31_ProbeB:ProbeB: compute analyzer extension: spike_amplitudes
[2h26m18s] jlh62_2026-07-20_12-30-31_ProbeB:ProbeB: compute analyzer extension: unit_locations
[2h26m33s] jlh62_2026-07-20_12-30-31_ProbeB:ProbeB: compute analyzer extension: spike_locations
[3h06m03s] jlh62_2026-07-20_12-30-31_ProbeB:ProbeB: compute analyzer extension: principal_components
[4h02m47s] jlh62_2026-07-20_12-30-31_ProbeB:ProbeB: compute analyzer extension: correlograms
[4h02m49s] jlh62_2026-07-20_12-30-31_ProbeB:ProbeB: compute analyzer extension: isi_histograms
[4h02m50s] jlh62_2026-07-20_12-30-31_ProbeB:ProbeB: compute analyzer extension: quality_metrics
[6h07m00s] jlh62_2026-07-20_12-30-31_ProbeB:ProbeB: compute analyzer extension: template_metrics
[6h07m03s] jlh62_2026-07-20_12-30-31_ProbeB:ProbeB: DONE compute SortingAnalyzer extensions in 5h09m26s
[6h07m03s] jlh62_2026-07-20_12-30-31_ProbeB:ProbeB: START export metrics and static report
[6h07m12s] jlh62_2026-07-20_12-30-31_ProbeB:ProbeB: DONE export metrics and static report in 9.1s
[6h07m12s] jlh62_2026-07-20_12-30-31_ProbeB:ProbeB: START export Phy
[6h07m12s] jlh62_2026-07-20_12-30-31_ProbeB:ProbeB: Phy export will reuse existing analyzer extension: spike_amplitudes
[6h07m12s] jlh62_2026-07-20_12-30-31_ProbeB:ProbeB: Phy export will skip pc_features.npy because qc.phy_compute_pc_features=false
Run:
phy template-gui  C:\Users\jordan\Desktop\mouse_arena_recordings\jlh62_2026-07-20_12-30-31\Record Node 101\experiment1\recording1\continuous\Neuropix-PXI-100.ProbeB\spikeinterface_output\phy\params.py
[6h07m24s] jlh62_2026-07-20_12-30-31_ProbeB:ProbeB: Phy dat_path patched to original recording: C:\Users\jordan\Desktop\mouse_arena_recordings\jlh62_2026-07-20_12-30-31\Record Node 101\experiment1\recording1\continuous\Neuropix-PXI-100.ProbeB\continuous.dat
[6h07m24s] jlh62_2026-07-20_12-30-31_ProbeB:ProbeB: wrote Phy UnitRefine TSVs: cluster_unitrefine_label.tsv, cluster_unitrefine_probability.tsv
[6h07m24s] jlh62_2026-07-20_12-30-31_ProbeB:ProbeB: DONE export Phy in 11.9s
[6h07m24s] jlh62_2026-07-20_12-30-31_ProbeB:ProbeB: START finalize manifest and registry
[6h07m24s] jlh62_2026-07-20_12-30-31_ProbeB:ProbeB: DONE finalize manifest and registry in 0.1s
[6h07m24s] jlh62_2026-07-20_12-30-31_ProbeB:ProbeB: START backup completed outputs
[6h07m24s] jlh62_2026-07-20_12-30-31_ProbeB:ProbeB: generated-output backup disabled
[6h07m24s] jlh62_2026-07-20_12-30-31_ProbeB:ProbeB: full local recording archive disabled
[6h07m24s] jlh62_2026-07-20_12-30-31_ProbeB:ProbeB: DONE backup completed outputs in 0.0s
jlh62_2026-07-20_12-30-31_ProbeB | ProbeB | complete
