[0.0s] jlh62_2026-07-17_12-21-41_ProbeB:ProbeB: START verify raw backup
[0.1s] jlh62_2026-07-17_12-21-41_ProbeB:ProbeB: raw backup verified: \\denmanlab\s2\mouse_arena_recordings\jlh62_2026-07-17_12-21-41
[0.2s] jlh62_2026-07-17_12-21-41_ProbeB:ProbeB: DONE verify raw backup in 0.2s
[0.2s] jlh62_2026-07-17_12-21-41_ProbeB:ProbeB: START initialize output and registry
[0.2s] jlh62_2026-07-17_12-21-41_ProbeB:ProbeB: DONE initialize output and registry in 0.0s
[0.2s] jlh62_2026-07-17_12-21-41_ProbeB:ProbeB: START load Open Ephys recording and probe map
[1.4s] jlh62_2026-07-17_12-21-41_ProbeB:ProbeB: recording: 384 channels, 2246.5s, 30000.0 Hz
[1.4s] jlh62_2026-07-17_12-21-41_ProbeB:ProbeB: DONE load Open Ephys recording and probe map in 1.2s
[1.4s] jlh62_2026-07-17_12-21-41_ProbeB:ProbeB: START validate geometry and compute hashes
[1.5s] jlh62_2026-07-17_12-21-41_ProbeB:ProbeB: DONE validate geometry and compute hashes in 0.0s
[1.5s] jlh62_2026-07-17_12-21-41_ProbeB:ProbeB: START apply Neuropixels phase shift
[1.5s] jlh62_2026-07-17_12-21-41_ProbeB:ProbeB: phase_shift applied
[1.5s] jlh62_2026-07-17_12-21-41_ProbeB:ProbeB: DONE apply Neuropixels phase shift in 0.0s
[1.5s] jlh62_2026-07-17_12-21-41_ProbeB:ProbeB: START apply SpikeInterface CAR and plot traces
[3.8s] jlh62_2026-07-17_12-21-41_ProbeB:ProbeB: CAR operator=median; pre/post CAR plot: C:\Users\jordan\Desktop\mouse_arena_recordings\jlh62_2026-07-17_12-21-41\Record Node 101\experiment1\recording1\continuous\Neuropix-PXI-100.ProbeB\spikeinterface_output\report\figures\pre_post_car_traces.png
[3.8s] jlh62_2026-07-17_12-21-41_ProbeB:ProbeB: DONE apply SpikeInterface CAR and plot traces in 2.3s
[3.8s] jlh62_2026-07-17_12-21-41_ProbeB:ProbeB: START apply high-pass filter
[3.8s] jlh62_2026-07-17_12-21-41_ProbeB:ProbeB: highpass_filter applied: freq_min=300 Hz
[3.8s] jlh62_2026-07-17_12-21-41_ProbeB:ProbeB: DONE apply high-pass filter in 0.0s
[3.8s] jlh62_2026-07-17_12-21-41_ProbeB:ProbeB: START detect bad channels
[42.7s] jlh62_2026-07-17_12-21-41_ProbeB:ProbeB: bad channels detected: 377; excluded from sorting: 0
[42.7s] jlh62_2026-07-17_12-21-41_ProbeB:ProbeB: DONE detect bad channels in 38.9s
[42.7s] jlh62_2026-07-17_12-21-41_ProbeB:ProbeB: START optional SpikeInterface motion correction
[42.7s] jlh62_2026-07-17_12-21-41_ProbeB:ProbeB: using Kilosort4 drift correction
[42.7s] jlh62_2026-07-17_12-21-41_ProbeB:ProbeB: DONE optional SpikeInterface motion correction in 0.0s
[42.7s] jlh62_2026-07-17_12-21-41_ProbeB:ProbeB: START prepare Kilosort4 parameters
[42.7s] jlh62_2026-07-17_12-21-41_ProbeB:ProbeB: Kilosort4 preprocessing: do_CAR=False, do_correction=True, bad_channels=0
[42.9s] jlh62_2026-07-17_12-21-41_ProbeB:ProbeB: DONE prepare Kilosort4 parameters in 0.2s
[42.9s] jlh62_2026-07-17_12-21-41_ProbeB:ProbeB: START run Kilosort4
Skipping common average reference.
kilosort4 run time 1229.50s
[58m53s] jlh62_2026-07-17_12-21-41_ProbeB:ProbeB: Kilosort4 units: 295
[58m53s] jlh62_2026-07-17_12-21-41_ProbeB:ProbeB: DONE run Kilosort4 in 58m10s
[58m53s] jlh62_2026-07-17_12-21-41_ProbeB:ProbeB: START compute SortingAnalyzer extensions
[1h52m20s] jlh62_2026-07-17_12-21-41_ProbeB:ProbeB: SortingAnalyzer job kwargs: chunk_duration=1s, n_jobs=8, progress_bar=True; multiprocessing fallback_n_jobs=2
[1h52m20s] jlh62_2026-07-17_12-21-41_ProbeB:ProbeB: compute analyzer extension: random_spikes
[1h52m20s] jlh62_2026-07-17_12-21-41_ProbeB:ProbeB: compute analyzer extension: waveforms
[2h18m13s] jlh62_2026-07-17_12-21-41_ProbeB:ProbeB: compute analyzer extension: templates
[2h18m15s] jlh62_2026-07-17_12-21-41_ProbeB:ProbeB: compute analyzer extension: noise_levels
[2h19m00s] jlh62_2026-07-17_12-21-41_ProbeB:ProbeB: compute analyzer extension: spike_amplitudes
[3h00m51s] jlh62_2026-07-17_12-21-41_ProbeB:ProbeB: compute analyzer extension: unit_locations
[3h01m08s] jlh62_2026-07-17_12-21-41_ProbeB:ProbeB: compute analyzer extension: spike_locations
[3h42m06s] jlh62_2026-07-17_12-21-41_ProbeB:ProbeB: compute analyzer extension: principal_components
[4h42m40s] jlh62_2026-07-17_12-21-41_ProbeB:ProbeB: compute analyzer extension: correlograms
[4h42m43s] jlh62_2026-07-17_12-21-41_ProbeB:ProbeB: compute analyzer extension: isi_histograms
[4h42m43s] jlh62_2026-07-17_12-21-41_ProbeB:ProbeB: compute analyzer extension: quality_metrics
[7h22m15s] jlh62_2026-07-17_12-21-41_ProbeB:ProbeB: compute analyzer extension: template_metrics
[7h22m18s] jlh62_2026-07-17_12-21-41_ProbeB:ProbeB: DONE compute SortingAnalyzer extensions in 6h23m24s
[7h22m18s] jlh62_2026-07-17_12-21-41_ProbeB:ProbeB: START export metrics and static report
[7h22m27s] jlh62_2026-07-17_12-21-41_ProbeB:ProbeB: DONE export metrics and static report in 9.1s
[7h22m27s] jlh62_2026-07-17_12-21-41_ProbeB:ProbeB: START export Phy
[7h22m27s] jlh62_2026-07-17_12-21-41_ProbeB:ProbeB: Phy export will reuse existing analyzer extension: spike_amplitudes
[7h22m27s] jlh62_2026-07-17_12-21-41_ProbeB:ProbeB: Phy export will skip pc_features.npy because qc.phy_compute_pc_features=false
Run:
phy template-gui  C:\Users\jordan\Desktop\mouse_arena_recordings\jlh62_2026-07-17_12-21-41\Record Node 101\experiment1\recording1\continuous\Neuropix-PXI-100.ProbeB\spikeinterface_output\phy\params.py
[7h22m38s] jlh62_2026-07-17_12-21-41_ProbeB:ProbeB: Phy dat_path patched to original recording: C:\Users\jordan\Desktop\mouse_arena_recordings\jlh62_2026-07-17_12-21-41\Record Node 101\experiment1\recording1\continuous\Neuropix-PXI-100.ProbeB\continuous.dat
[7h22m38s] jlh62_2026-07-17_12-21-41_ProbeB:ProbeB: wrote Phy UnitRefine TSVs: cluster_unitrefine_label.tsv, cluster_unitrefine_probability.tsv
[7h22m38s] jlh62_2026-07-17_12-21-41_ProbeB:ProbeB: DONE export Phy in 11.1s
[7h22m38s] jlh62_2026-07-17_12-21-41_ProbeB:ProbeB: START finalize manifest and registry
[7h22m39s] jlh62_2026-07-17_12-21-41_ProbeB:ProbeB: DONE finalize manifest and registry in 0.5s
[7h22m39s] jlh62_2026-07-17_12-21-41_ProbeB:ProbeB: START backup completed outputs
[7h22m39s] jlh62_2026-07-17_12-21-41_ProbeB:ProbeB: generated-output backup disabled
[7h22m39s] jlh62_2026-07-17_12-21-41_ProbeB:ProbeB: full local recording archive disabled
[7h22m39s] jlh62_2026-07-17_12-21-41_ProbeB:ProbeB: DONE backup completed outputs in 0.0s
jlh62_2026-07-17_12-21-41_ProbeB | ProbeB | complete
