[0.0s] jlh62_2026-07-27_11-25-23_ProbeB:ProbeB: START verify raw backup
[0.1s] jlh62_2026-07-27_11-25-23_ProbeB:ProbeB: raw backup verified: \\denmanlab\s2\mouse_arena_recordings\jlh62_2026-07-27_11-25-23
[0.2s] jlh62_2026-07-27_11-25-23_ProbeB:ProbeB: DONE verify raw backup in 0.2s
[0.2s] jlh62_2026-07-27_11-25-23_ProbeB:ProbeB: START initialize output and registry
[0.2s] jlh62_2026-07-27_11-25-23_ProbeB:ProbeB: DONE initialize output and registry in 0.0s
[0.2s] jlh62_2026-07-27_11-25-23_ProbeB:ProbeB: START load Open Ephys recording and probe map
[1.8s] jlh62_2026-07-27_11-25-23_ProbeB:ProbeB: recording: 384 channels, 2255.9s, 30000.0 Hz
[1.8s] jlh62_2026-07-27_11-25-23_ProbeB:ProbeB: DONE load Open Ephys recording and probe map in 1.6s
[1.8s] jlh62_2026-07-27_11-25-23_ProbeB:ProbeB: START validate geometry and compute hashes
[1.8s] jlh62_2026-07-27_11-25-23_ProbeB:ProbeB: DONE validate geometry and compute hashes in 0.0s
[1.8s] jlh62_2026-07-27_11-25-23_ProbeB:ProbeB: START apply Neuropixels phase shift
[1.8s] jlh62_2026-07-27_11-25-23_ProbeB:ProbeB: phase_shift applied
[1.8s] jlh62_2026-07-27_11-25-23_ProbeB:ProbeB: DONE apply Neuropixels phase shift in 0.0s
[1.8s] jlh62_2026-07-27_11-25-23_ProbeB:ProbeB: START apply SpikeInterface CAR and plot traces
[4.7s] jlh62_2026-07-27_11-25-23_ProbeB:ProbeB: CAR operator=median; pre/post CAR plot: C:\Users\jordan\Desktop\mouse_arena_recordings\jlh62_2026-07-27_11-25-23\Record Node 101\experiment1\recording1\continuous\Neuropix-PXI-100.ProbeB\spikeinterface_output\report\figures\pre_post_car_traces.png
[4.7s] jlh62_2026-07-27_11-25-23_ProbeB:ProbeB: DONE apply SpikeInterface CAR and plot traces in 2.9s
[4.7s] jlh62_2026-07-27_11-25-23_ProbeB:ProbeB: START apply high-pass filter
[4.7s] jlh62_2026-07-27_11-25-23_ProbeB:ProbeB: highpass_filter applied: freq_min=300 Hz
[4.7s] jlh62_2026-07-27_11-25-23_ProbeB:ProbeB: DONE apply high-pass filter in 0.0s
[4.7s] jlh62_2026-07-27_11-25-23_ProbeB:ProbeB: START detect bad channels
[44.7s] jlh62_2026-07-27_11-25-23_ProbeB:ProbeB: bad channels detected: 379; excluded from sorting: 0
[44.7s] jlh62_2026-07-27_11-25-23_ProbeB:ProbeB: DONE detect bad channels in 40.0s
[44.7s] jlh62_2026-07-27_11-25-23_ProbeB:ProbeB: START optional SpikeInterface motion correction
[44.7s] jlh62_2026-07-27_11-25-23_ProbeB:ProbeB: using Kilosort4 drift correction
[44.7s] jlh62_2026-07-27_11-25-23_ProbeB:ProbeB: DONE optional SpikeInterface motion correction in 0.0s
[44.7s] jlh62_2026-07-27_11-25-23_ProbeB:ProbeB: START prepare Kilosort4 parameters
[44.7s] jlh62_2026-07-27_11-25-23_ProbeB:ProbeB: Kilosort4 preprocessing: do_CAR=False, do_correction=True, bad_channels=0
[44.9s] jlh62_2026-07-27_11-25-23_ProbeB:ProbeB: DONE prepare Kilosort4 parameters in 0.2s
[44.9s] jlh62_2026-07-27_11-25-23_ProbeB:ProbeB: START run Kilosort4
Skipping common average reference.
kilosort4 run time 1270.46s
[59m53s] jlh62_2026-07-27_11-25-23_ProbeB:ProbeB: Kilosort4 units: 221
[59m53s] jlh62_2026-07-27_11-25-23_ProbeB:ProbeB: DONE run Kilosort4 in 59m08s
[59m53s] jlh62_2026-07-27_11-25-23_ProbeB:ProbeB: START compute SortingAnalyzer extensions
[1h52m32s] jlh62_2026-07-27_11-25-23_ProbeB:ProbeB: SortingAnalyzer job kwargs: chunk_duration=1s, n_jobs=8, progress_bar=True; multiprocessing fallback_n_jobs=2
[1h52m32s] jlh62_2026-07-27_11-25-23_ProbeB:ProbeB: compute analyzer extension: random_spikes
[1h52m32s] jlh62_2026-07-27_11-25-23_ProbeB:ProbeB: compute analyzer extension: waveforms
[2h19m11s] jlh62_2026-07-27_11-25-23_ProbeB:ProbeB: compute analyzer extension: templates
[2h19m12s] jlh62_2026-07-27_11-25-23_ProbeB:ProbeB: compute analyzer extension: noise_levels
[2h20m00s] jlh62_2026-07-27_11-25-23_ProbeB:ProbeB: compute analyzer extension: spike_amplitudes
[2h20m39s] jlh62_2026-07-27_11-25-23_ProbeB:ProbeB: spike_amplitudes failed with multiprocessing error ([Errno 22] Invalid argument); retrying with chunk_duration=1s, n_jobs=2, progress_bar=True
[2h20m39s] jlh62_2026-07-27_11-25-23_ProbeB:ProbeB: SpikeInterface could not delete partial spike_amplitudes; removing extension folder
[2h43m07s] jlh62_2026-07-27_11-25-23_ProbeB:ProbeB: using fallback SortingAnalyzer job kwargs for remaining extensions: chunk_duration=1s, n_jobs=2, progress_bar=True
[2h43m07s] jlh62_2026-07-27_11-25-23_ProbeB:ProbeB: compute analyzer extension: unit_locations
[2h43m16s] jlh62_2026-07-27_11-25-23_ProbeB:ProbeB: compute analyzer extension: spike_locations
[3h36m24s] jlh62_2026-07-27_11-25-23_ProbeB:ProbeB: compute analyzer extension: principal_components
[4h10m27s] jlh62_2026-07-27_11-25-23_ProbeB:ProbeB: compute analyzer extension: correlograms
[4h10m31s] jlh62_2026-07-27_11-25-23_ProbeB:ProbeB: compute analyzer extension: isi_histograms
[4h10m31s] jlh62_2026-07-27_11-25-23_ProbeB:ProbeB: compute analyzer extension: quality_metrics
[8h53m32s] jlh62_2026-07-27_11-25-23_ProbeB:ProbeB: compute analyzer extension: template_metrics
[8h53m34s] jlh62_2026-07-27_11-25-23_ProbeB:ProbeB: DONE compute SortingAnalyzer extensions in 7h53m40s
[8h53m34s] jlh62_2026-07-27_11-25-23_ProbeB:ProbeB: START export metrics and static report
[8h53m42s] jlh62_2026-07-27_11-25-23_ProbeB:ProbeB: DONE export metrics and static report in 8.1s
[8h53m42s] jlh62_2026-07-27_11-25-23_ProbeB:ProbeB: START export Phy
[8h53m42s] jlh62_2026-07-27_11-25-23_ProbeB:ProbeB: Phy export will reuse existing analyzer extension: spike_amplitudes
[8h53m42s] jlh62_2026-07-27_11-25-23_ProbeB:ProbeB: Phy export will skip pc_features.npy because qc.phy_compute_pc_features=false
Run:
phy template-gui  C:\Users\jordan\Desktop\mouse_arena_recordings\jlh62_2026-07-27_11-25-23\Record Node 101\experiment1\recording1\continuous\Neuropix-PXI-100.ProbeB\spikeinterface_output\phy\params.py
[8h53m53s] jlh62_2026-07-27_11-25-23_ProbeB:ProbeB: Phy dat_path patched to original recording: C:\Users\jordan\Desktop\mouse_arena_recordings\jlh62_2026-07-27_11-25-23\Record Node 101\experiment1\recording1\continuous\Neuropix-PXI-100.ProbeB\continuous.dat
[8h53m53s] jlh62_2026-07-27_11-25-23_ProbeB:ProbeB: wrote Phy UnitRefine TSVs: cluster_unitrefine_label.tsv, cluster_unitrefine_probability.tsv
[8h53m53s] jlh62_2026-07-27_11-25-23_ProbeB:ProbeB: DONE export Phy in 11.1s
[8h53m53s] jlh62_2026-07-27_11-25-23_ProbeB:ProbeB: START finalize manifest and registry
[8h53m53s] jlh62_2026-07-27_11-25-23_ProbeB:ProbeB: DONE finalize manifest and registry in 0.2s
[8h53m53s] jlh62_2026-07-27_11-25-23_ProbeB:ProbeB: START backup completed outputs
[8h53m53s] jlh62_2026-07-27_11-25-23_ProbeB:ProbeB: generated-output backup disabled
[8h53m53s] jlh62_2026-07-27_11-25-23_ProbeB:ProbeB: full local recording archive disabled
[8h53m53s] jlh62_2026-07-27_11-25-23_ProbeB:ProbeB: DONE backup completed outputs in 0.0s
jlh62_2026-07-27_11-25-23_ProbeB | ProbeB | complete
