[0.0s] jlh60_2026-07-28_11-05-09_ProbeA:ProbeA: START verify raw backup
[0.0s] jlh60_2026-07-28_11-05-09_ProbeA:ProbeA: raw backup verified: \\denmanlab\s2\mouse_arena_recordings\jlh60_2026-07-28_11-05-09
[0.1s] jlh60_2026-07-28_11-05-09_ProbeA:ProbeA: DONE verify raw backup in 0.1s
[0.1s] jlh60_2026-07-28_11-05-09_ProbeA:ProbeA: START initialize output and registry
[0.1s] jlh60_2026-07-28_11-05-09_ProbeA:ProbeA: DONE initialize output and registry in 0.0s
[0.1s] jlh60_2026-07-28_11-05-09_ProbeA:ProbeA: START load Open Ephys recording and probe map
[1.4s] jlh60_2026-07-28_11-05-09_ProbeA:ProbeA: recording: 384 channels, 2088.0s, 30000.0 Hz
[1.5s] jlh60_2026-07-28_11-05-09_ProbeA:ProbeA: DONE load Open Ephys recording and probe map in 1.3s
[1.5s] jlh60_2026-07-28_11-05-09_ProbeA:ProbeA: START validate geometry and compute hashes
[1.5s] jlh60_2026-07-28_11-05-09_ProbeA:ProbeA: DONE validate geometry and compute hashes in 0.0s
[1.5s] jlh60_2026-07-28_11-05-09_ProbeA:ProbeA: START apply Neuropixels phase shift
[1.5s] jlh60_2026-07-28_11-05-09_ProbeA:ProbeA: phase_shift applied
[1.5s] jlh60_2026-07-28_11-05-09_ProbeA:ProbeA: DONE apply Neuropixels phase shift in 0.0s
[1.5s] jlh60_2026-07-28_11-05-09_ProbeA:ProbeA: START apply SpikeInterface CAR and plot traces
[4.0s] jlh60_2026-07-28_11-05-09_ProbeA:ProbeA: CAR operator=median; pre/post CAR plot: C:\Users\jordan\Desktop\mouse_arena_recordings\jlh60_2026-07-28_11-05-09\Record Node 101\experiment1\recording1\continuous\Neuropix-PXI-100.ProbeA\spikeinterface_output\report\figures\pre_post_car_traces.png
[4.0s] jlh60_2026-07-28_11-05-09_ProbeA:ProbeA: DONE apply SpikeInterface CAR and plot traces in 2.5s
[4.0s] jlh60_2026-07-28_11-05-09_ProbeA:ProbeA: START apply high-pass filter
[4.0s] jlh60_2026-07-28_11-05-09_ProbeA:ProbeA: highpass_filter applied: freq_min=300 Hz
[4.0s] jlh60_2026-07-28_11-05-09_ProbeA:ProbeA: DONE apply high-pass filter in 0.0s
[4.0s] jlh60_2026-07-28_11-05-09_ProbeA:ProbeA: START detect bad channels
[44.4s] jlh60_2026-07-28_11-05-09_ProbeA:ProbeA: bad channels detected: 384; excluded from sorting: 0
[44.4s] jlh60_2026-07-28_11-05-09_ProbeA:ProbeA: DONE detect bad channels in 40.4s
[44.4s] jlh60_2026-07-28_11-05-09_ProbeA:ProbeA: START optional SpikeInterface motion correction
[44.4s] jlh60_2026-07-28_11-05-09_ProbeA:ProbeA: using Kilosort4 drift correction
[44.4s] jlh60_2026-07-28_11-05-09_ProbeA:ProbeA: DONE optional SpikeInterface motion correction in 0.0s
[44.4s] jlh60_2026-07-28_11-05-09_ProbeA:ProbeA: START prepare Kilosort4 parameters
[44.4s] jlh60_2026-07-28_11-05-09_ProbeA:ProbeA: Kilosort4 preprocessing: do_CAR=False, do_correction=True, bad_channels=0
[44.8s] jlh60_2026-07-28_11-05-09_ProbeA:ProbeA: DONE prepare Kilosort4 parameters in 0.4s
[44.8s] jlh60_2026-07-28_11-05-09_ProbeA:ProbeA: START run Kilosort4
Skipping common average reference.
kilosort4 run time 1365.60s
[58m32s] jlh60_2026-07-28_11-05-09_ProbeA:ProbeA: Kilosort4 units: 227
[58m32s] jlh60_2026-07-28_11-05-09_ProbeA:ProbeA: DONE run Kilosort4 in 57m47s
[58m32s] jlh60_2026-07-28_11-05-09_ProbeA:ProbeA: START compute SortingAnalyzer extensions
[1h49m13s] jlh60_2026-07-28_11-05-09_ProbeA:ProbeA: SortingAnalyzer job kwargs: chunk_duration=1s, n_jobs=8, progress_bar=True; multiprocessing fallback_n_jobs=2
[1h49m13s] jlh60_2026-07-28_11-05-09_ProbeA:ProbeA: compute analyzer extension: random_spikes
[1h49m13s] jlh60_2026-07-28_11-05-09_ProbeA:ProbeA: compute analyzer extension: waveforms
[2h14m34s] jlh60_2026-07-28_11-05-09_ProbeA:ProbeA: compute analyzer extension: templates
[2h14m35s] jlh60_2026-07-28_11-05-09_ProbeA:ProbeA: compute analyzer extension: noise_levels
[2h15m22s] jlh60_2026-07-28_11-05-09_ProbeA:ProbeA: compute analyzer extension: spike_amplitudes
[2h16m27s] jlh60_2026-07-28_11-05-09_ProbeA:ProbeA: spike_amplitudes failed with multiprocessing error ([Errno 22] Invalid argument); retrying with chunk_duration=1s, n_jobs=2, progress_bar=True
[2h16m28s] jlh60_2026-07-28_11-05-09_ProbeA:ProbeA: SpikeInterface could not delete partial spike_amplitudes; removing extension folder
[2h39m47s] jlh60_2026-07-28_11-05-09_ProbeA:ProbeA: using fallback SortingAnalyzer job kwargs for remaining extensions: chunk_duration=1s, n_jobs=2, progress_bar=True
[2h39m47s] jlh60_2026-07-28_11-05-09_ProbeA:ProbeA: compute analyzer extension: unit_locations
[2h39m49s] jlh60_2026-07-28_11-05-09_ProbeA:ProbeA: compute analyzer extension: spike_locations
[3h30m25s] jlh60_2026-07-28_11-05-09_ProbeA:ProbeA: compute analyzer extension: principal_components
[4h03m58s] jlh60_2026-07-28_11-05-09_ProbeA:ProbeA: compute analyzer extension: correlograms
[4h04m10s] jlh60_2026-07-28_11-05-09_ProbeA:ProbeA: compute analyzer extension: isi_histograms
[4h04m11s] jlh60_2026-07-28_11-05-09_ProbeA:ProbeA: compute analyzer extension: quality_metrics
[9h16m05s] jlh60_2026-07-28_11-05-09_ProbeA:ProbeA: compute analyzer extension: template_metrics
[9h16m07s] jlh60_2026-07-28_11-05-09_ProbeA:ProbeA: DONE compute SortingAnalyzer extensions in 8h17m34s
[9h16m07s] jlh60_2026-07-28_11-05-09_ProbeA:ProbeA: START export metrics and static report
[9h16m18s] jlh60_2026-07-28_11-05-09_ProbeA:ProbeA: DONE export metrics and static report in 11.0s
[9h16m18s] jlh60_2026-07-28_11-05-09_ProbeA:ProbeA: START export Phy
[9h16m18s] jlh60_2026-07-28_11-05-09_ProbeA:ProbeA: Phy export will reuse existing analyzer extension: spike_amplitudes
[9h16m18s] jlh60_2026-07-28_11-05-09_ProbeA:ProbeA: Phy export will skip pc_features.npy because qc.phy_compute_pc_features=false
Run:
phy template-gui  C:\Users\jordan\Desktop\mouse_arena_recordings\jlh60_2026-07-28_11-05-09\Record Node 101\experiment1\recording1\continuous\Neuropix-PXI-100.ProbeA\spikeinterface_output\phy\params.py
[9h16m31s] jlh60_2026-07-28_11-05-09_ProbeA:ProbeA: Phy dat_path patched to original recording: C:\Users\jordan\Desktop\mouse_arena_recordings\jlh60_2026-07-28_11-05-09\Record Node 101\experiment1\recording1\continuous\Neuropix-PXI-100.ProbeA\continuous.dat
[9h16m31s] jlh60_2026-07-28_11-05-09_ProbeA:ProbeA: wrote Phy UnitRefine TSVs: cluster_unitrefine_label.tsv, cluster_unitrefine_probability.tsv
[9h16m31s] jlh60_2026-07-28_11-05-09_ProbeA:ProbeA: DONE export Phy in 12.9s
[9h16m31s] jlh60_2026-07-28_11-05-09_ProbeA:ProbeA: START finalize manifest and registry
[9h16m31s] jlh60_2026-07-28_11-05-09_ProbeA:ProbeA: DONE finalize manifest and registry in 0.2s
[9h16m31s] jlh60_2026-07-28_11-05-09_ProbeA:ProbeA: START backup completed outputs
[9h16m31s] jlh60_2026-07-28_11-05-09_ProbeA:ProbeA: generated-output backup disabled
[9h16m31s] jlh60_2026-07-28_11-05-09_ProbeA:ProbeA: full local recording archive disabled
[9h16m31s] jlh60_2026-07-28_11-05-09_ProbeA:ProbeA: DONE backup completed outputs in 0.0s
jlh60_2026-07-28_11-05-09_ProbeA | ProbeA | complete
