[0.0s] jlh60_2026-07-09_13-11-53_ProbeA:ProbeA: START verify raw backup
[0.0s] jlh60_2026-07-09_13-11-53_ProbeA:ProbeA: raw backup verified: \\denmanlab\s2\mouse_arena_recordings\jlh60_2026-07-09_13-11-53
[0.1s] jlh60_2026-07-09_13-11-53_ProbeA:ProbeA: DONE verify raw backup in 0.1s
[0.1s] jlh60_2026-07-09_13-11-53_ProbeA:ProbeA: START initialize output and registry
[0.1s] jlh60_2026-07-09_13-11-53_ProbeA:ProbeA: DONE initialize output and registry in 0.0s
[0.1s] jlh60_2026-07-09_13-11-53_ProbeA:ProbeA: START load Open Ephys recording and probe map
[1.3s] jlh60_2026-07-09_13-11-53_ProbeA:ProbeA: recording: 384 channels, 1877.3s, 30000.0 Hz
[1.3s] jlh60_2026-07-09_13-11-53_ProbeA:ProbeA: DONE load Open Ephys recording and probe map in 1.1s
[1.3s] jlh60_2026-07-09_13-11-53_ProbeA:ProbeA: START validate geometry and compute hashes
[1.3s] jlh60_2026-07-09_13-11-53_ProbeA:ProbeA: DONE validate geometry and compute hashes in 0.0s
[1.3s] jlh60_2026-07-09_13-11-53_ProbeA:ProbeA: START apply Neuropixels phase shift
[1.3s] jlh60_2026-07-09_13-11-53_ProbeA:ProbeA: phase_shift applied
[1.3s] jlh60_2026-07-09_13-11-53_ProbeA:ProbeA: DONE apply Neuropixels phase shift in 0.0s
[1.3s] jlh60_2026-07-09_13-11-53_ProbeA:ProbeA: START apply SpikeInterface CAR and plot traces
[3.5s] jlh60_2026-07-09_13-11-53_ProbeA:ProbeA: CAR operator=median; pre/post CAR plot: C:\Users\jordan\Desktop\mouse_arena_recordings\jlh60_2026-07-09_13-11-53\Record Node 101\experiment1\recording1\continuous\Neuropix-PXI-100.ProbeA\spikeinterface_output\report\figures\pre_post_car_traces.png
[3.5s] jlh60_2026-07-09_13-11-53_ProbeA:ProbeA: DONE apply SpikeInterface CAR and plot traces in 2.2s
[3.5s] jlh60_2026-07-09_13-11-53_ProbeA:ProbeA: START apply high-pass filter
[3.5s] jlh60_2026-07-09_13-11-53_ProbeA:ProbeA: highpass_filter applied: freq_min=300 Hz
[3.5s] jlh60_2026-07-09_13-11-53_ProbeA:ProbeA: DONE apply high-pass filter in 0.0s
[3.5s] jlh60_2026-07-09_13-11-53_ProbeA:ProbeA: START detect bad channels
[42.7s] jlh60_2026-07-09_13-11-53_ProbeA:ProbeA: bad channels detected: 317; excluded from sorting: 0
[42.7s] jlh60_2026-07-09_13-11-53_ProbeA:ProbeA: DONE detect bad channels in 39.2s
[42.7s] jlh60_2026-07-09_13-11-53_ProbeA:ProbeA: START optional SpikeInterface motion correction
[42.7s] jlh60_2026-07-09_13-11-53_ProbeA:ProbeA: using Kilosort4 drift correction
[42.7s] jlh60_2026-07-09_13-11-53_ProbeA:ProbeA: DONE optional SpikeInterface motion correction in 0.0s
[42.7s] jlh60_2026-07-09_13-11-53_ProbeA:ProbeA: START prepare Kilosort4 parameters
[42.7s] jlh60_2026-07-09_13-11-53_ProbeA:ProbeA: Kilosort4 preprocessing: do_CAR=False, do_correction=True, bad_channels=0
[43.0s] jlh60_2026-07-09_13-11-53_ProbeA:ProbeA: DONE prepare Kilosort4 parameters in 0.3s
[43.0s] jlh60_2026-07-09_13-11-53_ProbeA:ProbeA: START run Kilosort4
Skipping common average reference.
kilosort4 run time 1314.53s
[54m20s] jlh60_2026-07-09_13-11-53_ProbeA:ProbeA: Kilosort4 units: 352
[54m20s] jlh60_2026-07-09_13-11-53_ProbeA:ProbeA: DONE run Kilosort4 in 53m37s
[54m20s] jlh60_2026-07-09_13-11-53_ProbeA:ProbeA: START compute SortingAnalyzer extensions
[1h43m40s] jlh60_2026-07-09_13-11-53_ProbeA:ProbeA: SortingAnalyzer job kwargs: chunk_duration=1s, n_jobs=8, progress_bar=True; multiprocessing fallback_n_jobs=2
[1h43m40s] jlh60_2026-07-09_13-11-53_ProbeA:ProbeA: compute analyzer extension: random_spikes
[1h43m40s] jlh60_2026-07-09_13-11-53_ProbeA:ProbeA: compute analyzer extension: waveforms
[2h07m14s] jlh60_2026-07-09_13-11-53_ProbeA:ProbeA: compute analyzer extension: templates
[2h07m16s] jlh60_2026-07-09_13-11-53_ProbeA:ProbeA: compute analyzer extension: noise_levels
[2h08m09s] jlh60_2026-07-09_13-11-53_ProbeA:ProbeA: compute analyzer extension: spike_amplitudes
[2h09m01s] jlh60_2026-07-09_13-11-53_ProbeA:ProbeA: spike_amplitudes failed with multiprocessing error ([Errno 22] Invalid argument); retrying with chunk_duration=1s, n_jobs=2, progress_bar=True
[2h09m01s] jlh60_2026-07-09_13-11-53_ProbeA:ProbeA: SpikeInterface could not delete partial spike_amplitudes; removing extension folder
[2h28m33s] jlh60_2026-07-09_13-11-53_ProbeA:ProbeA: using fallback SortingAnalyzer job kwargs for remaining extensions: chunk_duration=1s, n_jobs=2, progress_bar=True
[2h28m33s] jlh60_2026-07-09_13-11-53_ProbeA:ProbeA: compute analyzer extension: unit_locations
[2h28m34s] jlh60_2026-07-09_13-11-53_ProbeA:ProbeA: compute analyzer extension: spike_locations
[3h14m10s] jlh60_2026-07-09_13-11-53_ProbeA:ProbeA: compute analyzer extension: principal_components
[4h02m17s] jlh60_2026-07-09_13-11-53_ProbeA:ProbeA: compute analyzer extension: correlograms
[4h02m30s] jlh60_2026-07-09_13-11-53_ProbeA:ProbeA: compute analyzer extension: isi_histograms
[4h02m32s] jlh60_2026-07-09_13-11-53_ProbeA:ProbeA: compute analyzer extension: quality_metrics
[11h42m22s] jlh60_2026-07-09_13-11-53_ProbeA:ProbeA: compute analyzer extension: template_metrics
[11h42m25s] jlh60_2026-07-09_13-11-53_ProbeA:ProbeA: DONE compute SortingAnalyzer extensions in 10h48m04s
[11h42m25s] jlh60_2026-07-09_13-11-53_ProbeA:ProbeA: START export metrics and static report
[11h42m37s] jlh60_2026-07-09_13-11-53_ProbeA:ProbeA: DONE export metrics and static report in 11.9s
[11h42m37s] jlh60_2026-07-09_13-11-53_ProbeA:ProbeA: START export Phy
[11h42m37s] jlh60_2026-07-09_13-11-53_ProbeA:ProbeA: Phy export will reuse existing analyzer extension: spike_amplitudes
[11h42m37s] jlh60_2026-07-09_13-11-53_ProbeA:ProbeA: Phy export will skip pc_features.npy because qc.phy_compute_pc_features=false
Run:
phy template-gui  C:\Users\jordan\Desktop\mouse_arena_recordings\jlh60_2026-07-09_13-11-53\Record Node 101\experiment1\recording1\continuous\Neuropix-PXI-100.ProbeA\spikeinterface_output\phy\params.py
[11h42m49s] jlh60_2026-07-09_13-11-53_ProbeA:ProbeA: Phy dat_path patched to original recording: C:\Users\jordan\Desktop\mouse_arena_recordings\jlh60_2026-07-09_13-11-53\Record Node 101\experiment1\recording1\continuous\Neuropix-PXI-100.ProbeA\continuous.dat
[11h42m49s] jlh60_2026-07-09_13-11-53_ProbeA:ProbeA: wrote Phy UnitRefine TSVs: cluster_unitrefine_label.tsv, cluster_unitrefine_probability.tsv
[11h42m49s] jlh60_2026-07-09_13-11-53_ProbeA:ProbeA: DONE export Phy in 12.1s
[11h42m49s] jlh60_2026-07-09_13-11-53_ProbeA:ProbeA: START finalize manifest and registry
[11h42m49s] jlh60_2026-07-09_13-11-53_ProbeA:ProbeA: DONE finalize manifest and registry in 0.2s
[11h42m49s] jlh60_2026-07-09_13-11-53_ProbeA:ProbeA: START backup completed outputs
[11h42m49s] jlh60_2026-07-09_13-11-53_ProbeA:ProbeA: generated-output backup disabled
[11h42m49s] jlh60_2026-07-09_13-11-53_ProbeA:ProbeA: full local recording archive disabled
[11h42m49s] jlh60_2026-07-09_13-11-53_ProbeA:ProbeA: DONE backup completed outputs in 0.0s
jlh60_2026-07-09_13-11-53_ProbeA | ProbeA | complete
