[0.0s] jlh62_2026-07-22_11-48-56_ProbeB:ProbeB: START verify raw backup
[0.1s] jlh62_2026-07-22_11-48-56_ProbeB:ProbeB: raw backup verified: \\denmanlab\s2\mouse_arena_recordings\jlh62_2026-07-22_11-48-56
[0.2s] jlh62_2026-07-22_11-48-56_ProbeB:ProbeB: DONE verify raw backup in 0.2s
[0.2s] jlh62_2026-07-22_11-48-56_ProbeB:ProbeB: START initialize output and registry
[0.2s] jlh62_2026-07-22_11-48-56_ProbeB:ProbeB: DONE initialize output and registry in 0.0s
[0.2s] jlh62_2026-07-22_11-48-56_ProbeB:ProbeB: START load Open Ephys recording and probe map
[1.2s] jlh62_2026-07-22_11-48-56_ProbeB:ProbeB: recording: 384 channels, 1001.3s, 30000.0 Hz
[1.2s] jlh62_2026-07-22_11-48-56_ProbeB:ProbeB: DONE load Open Ephys recording and probe map in 1.0s
[1.2s] jlh62_2026-07-22_11-48-56_ProbeB:ProbeB: START validate geometry and compute hashes
[1.2s] jlh62_2026-07-22_11-48-56_ProbeB:ProbeB: DONE validate geometry and compute hashes in 0.0s
[1.2s] jlh62_2026-07-22_11-48-56_ProbeB:ProbeB: START apply Neuropixels phase shift
[1.2s] jlh62_2026-07-22_11-48-56_ProbeB:ProbeB: phase_shift applied
[1.2s] jlh62_2026-07-22_11-48-56_ProbeB:ProbeB: DONE apply Neuropixels phase shift in 0.0s
[1.2s] jlh62_2026-07-22_11-48-56_ProbeB:ProbeB: START apply SpikeInterface CAR and plot traces
[3.9s] jlh62_2026-07-22_11-48-56_ProbeB:ProbeB: CAR operator=median; pre/post CAR plot: C:\Users\jordan\Desktop\mouse_arena_recordings\jlh62_2026-07-22_11-48-56\Record Node 101\experiment1\recording1\continuous\Neuropix-PXI-100.ProbeB\spikeinterface_output\report\figures\pre_post_car_traces.png
[3.9s] jlh62_2026-07-22_11-48-56_ProbeB:ProbeB: DONE apply SpikeInterface CAR and plot traces in 2.7s
[3.9s] jlh62_2026-07-22_11-48-56_ProbeB:ProbeB: START apply high-pass filter
[3.9s] jlh62_2026-07-22_11-48-56_ProbeB:ProbeB: highpass_filter applied: freq_min=300 Hz
[3.9s] jlh62_2026-07-22_11-48-56_ProbeB:ProbeB: DONE apply high-pass filter in 0.0s
[3.9s] jlh62_2026-07-22_11-48-56_ProbeB:ProbeB: START detect bad channels
[43.0s] jlh62_2026-07-22_11-48-56_ProbeB:ProbeB: bad channels detected: 377; excluded from sorting: 0
[43.0s] jlh62_2026-07-22_11-48-56_ProbeB:ProbeB: DONE detect bad channels in 39.0s
[43.0s] jlh62_2026-07-22_11-48-56_ProbeB:ProbeB: START optional SpikeInterface motion correction
[43.0s] jlh62_2026-07-22_11-48-56_ProbeB:ProbeB: using Kilosort4 drift correction
[43.0s] jlh62_2026-07-22_11-48-56_ProbeB:ProbeB: DONE optional SpikeInterface motion correction in 0.0s
[43.0s] jlh62_2026-07-22_11-48-56_ProbeB:ProbeB: START prepare Kilosort4 parameters
[43.0s] jlh62_2026-07-22_11-48-56_ProbeB:ProbeB: Kilosort4 preprocessing: do_CAR=False, do_correction=True, bad_channels=0
[43.2s] jlh62_2026-07-22_11-48-56_ProbeB:ProbeB: DONE prepare Kilosort4 parameters in 0.2s
[43.2s] jlh62_2026-07-22_11-48-56_ProbeB:ProbeB: START run Kilosort4
Skipping common average reference.
kilosort4 run time 548.33s
[26m42s] jlh62_2026-07-22_11-48-56_ProbeB:ProbeB: Kilosort4 units: 189
[26m42s] jlh62_2026-07-22_11-48-56_ProbeB:ProbeB: DONE run Kilosort4 in 25m58s
[26m42s] jlh62_2026-07-22_11-48-56_ProbeB:ProbeB: START compute SortingAnalyzer extensions
[51m44s] jlh62_2026-07-22_11-48-56_ProbeB:ProbeB: SortingAnalyzer job kwargs: chunk_duration=1s, n_jobs=8, progress_bar=True; multiprocessing fallback_n_jobs=2
[51m44s] jlh62_2026-07-22_11-48-56_ProbeB:ProbeB: compute analyzer extension: random_spikes
[51m44s] jlh62_2026-07-22_11-48-56_ProbeB:ProbeB: compute analyzer extension: waveforms
[1h05m38s] jlh62_2026-07-22_11-48-56_ProbeB:ProbeB: compute analyzer extension: templates
[1h05m39s] jlh62_2026-07-22_11-48-56_ProbeB:ProbeB: compute analyzer extension: noise_levels
[1h06m23s] jlh62_2026-07-22_11-48-56_ProbeB:ProbeB: compute analyzer extension: spike_amplitudes
[1h25m55s] jlh62_2026-07-22_11-48-56_ProbeB:ProbeB: compute analyzer extension: unit_locations
[1h26m01s] jlh62_2026-07-22_11-48-56_ProbeB:ProbeB: compute analyzer extension: spike_locations
[1h44m48s] jlh62_2026-07-22_11-48-56_ProbeB:ProbeB: compute analyzer extension: principal_components
[2h23m30s] jlh62_2026-07-22_11-48-56_ProbeB:ProbeB: compute analyzer extension: correlograms
[2h23m31s] jlh62_2026-07-22_11-48-56_ProbeB:ProbeB: compute analyzer extension: isi_histograms
[2h23m31s] jlh62_2026-07-22_11-48-56_ProbeB:ProbeB: compute analyzer extension: quality_metrics
[3h41m00s] jlh62_2026-07-22_11-48-56_ProbeB:ProbeB: compute analyzer extension: template_metrics
[3h41m01s] jlh62_2026-07-22_11-48-56_ProbeB:ProbeB: DONE compute SortingAnalyzer extensions in 3h14m19s
[3h41m01s] jlh62_2026-07-22_11-48-56_ProbeB:ProbeB: START export metrics and static report
[3h41m08s] jlh62_2026-07-22_11-48-56_ProbeB:ProbeB: DONE export metrics and static report in 7.3s
[3h41m08s] jlh62_2026-07-22_11-48-56_ProbeB:ProbeB: START export Phy
[3h41m08s] jlh62_2026-07-22_11-48-56_ProbeB:ProbeB: Phy export will reuse existing analyzer extension: spike_amplitudes
[3h41m08s] jlh62_2026-07-22_11-48-56_ProbeB:ProbeB: Phy export will skip pc_features.npy because qc.phy_compute_pc_features=false
Run:
phy template-gui  C:\Users\jordan\Desktop\mouse_arena_recordings\jlh62_2026-07-22_11-48-56\Record Node 101\experiment1\recording1\continuous\Neuropix-PXI-100.ProbeB\spikeinterface_output\phy\params.py
[3h41m20s] jlh62_2026-07-22_11-48-56_ProbeB:ProbeB: Phy dat_path patched to original recording: C:\Users\jordan\Desktop\mouse_arena_recordings\jlh62_2026-07-22_11-48-56\Record Node 101\experiment1\recording1\continuous\Neuropix-PXI-100.ProbeB\continuous.dat
[3h41m20s] jlh62_2026-07-22_11-48-56_ProbeB:ProbeB: wrote Phy UnitRefine TSVs: cluster_unitrefine_label.tsv, cluster_unitrefine_probability.tsv
[3h41m20s] jlh62_2026-07-22_11-48-56_ProbeB:ProbeB: DONE export Phy in 11.3s
[3h41m20s] jlh62_2026-07-22_11-48-56_ProbeB:ProbeB: START finalize manifest and registry
[3h41m20s] jlh62_2026-07-22_11-48-56_ProbeB:ProbeB: DONE finalize manifest and registry in 0.1s
[3h41m20s] jlh62_2026-07-22_11-48-56_ProbeB:ProbeB: START backup completed outputs
[3h41m20s] jlh62_2026-07-22_11-48-56_ProbeB:ProbeB: generated-output backup disabled
[3h41m20s] jlh62_2026-07-22_11-48-56_ProbeB:ProbeB: full local recording archive disabled
[3h41m20s] jlh62_2026-07-22_11-48-56_ProbeB:ProbeB: DONE backup completed outputs in 0.0s
jlh62_2026-07-22_11-48-56_ProbeB | ProbeB | complete
