[0.0s] jlh62_2026-08-03_14-38-16_ProbeB:ProbeB: START verify raw backup
[0.1s] jlh62_2026-08-03_14-38-16_ProbeB:ProbeB: raw backup verified: \\denmanlab\s2\mouse_arena_recordings\jlh62_2026-08-03_14-38-16
[0.1s] jlh62_2026-08-03_14-38-16_ProbeB:ProbeB: DONE verify raw backup in 0.1s
[0.1s] jlh62_2026-08-03_14-38-16_ProbeB:ProbeB: START initialize output and registry
[0.2s] jlh62_2026-08-03_14-38-16_ProbeB:ProbeB: DONE initialize output and registry in 0.0s
[0.2s] jlh62_2026-08-03_14-38-16_ProbeB:ProbeB: START load Open Ephys recording and probe map
[1.2s] jlh62_2026-08-03_14-38-16_ProbeB:ProbeB: recording: 384 channels, 1898.8s, 30000.0 Hz
[1.2s] jlh62_2026-08-03_14-38-16_ProbeB:ProbeB: DONE load Open Ephys recording and probe map in 1.1s
[1.2s] jlh62_2026-08-03_14-38-16_ProbeB:ProbeB: START validate geometry and compute hashes
[1.2s] jlh62_2026-08-03_14-38-16_ProbeB:ProbeB: DONE validate geometry and compute hashes in 0.0s
[1.2s] jlh62_2026-08-03_14-38-16_ProbeB:ProbeB: START apply Neuropixels phase shift
[1.2s] jlh62_2026-08-03_14-38-16_ProbeB:ProbeB: phase_shift applied
[1.2s] jlh62_2026-08-03_14-38-16_ProbeB:ProbeB: DONE apply Neuropixels phase shift in 0.0s
[1.2s] jlh62_2026-08-03_14-38-16_ProbeB:ProbeB: START apply SpikeInterface CAR and plot traces
[3.4s] jlh62_2026-08-03_14-38-16_ProbeB:ProbeB: CAR operator=median; pre/post CAR plot: C:\Users\jordan\Desktop\mouse_arena_recordings\jlh62_2026-08-03_14-38-16\Record Node 101\experiment1\recording1\continuous\Neuropix-PXI-100.ProbeB\spikeinterface_output\report\figures\pre_post_car_traces.png
[3.4s] jlh62_2026-08-03_14-38-16_ProbeB:ProbeB: DONE apply SpikeInterface CAR and plot traces in 2.2s
[3.4s] jlh62_2026-08-03_14-38-16_ProbeB:ProbeB: START apply high-pass filter
[3.4s] jlh62_2026-08-03_14-38-16_ProbeB:ProbeB: highpass_filter applied: freq_min=300 Hz
[3.4s] jlh62_2026-08-03_14-38-16_ProbeB:ProbeB: DONE apply high-pass filter in 0.0s
[3.4s] jlh62_2026-08-03_14-38-16_ProbeB:ProbeB: START detect bad channels
[41.4s] jlh62_2026-08-03_14-38-16_ProbeB:ProbeB: bad channels detected: 378; excluded from sorting: 0
[41.4s] jlh62_2026-08-03_14-38-16_ProbeB:ProbeB: DONE detect bad channels in 37.9s
[41.4s] jlh62_2026-08-03_14-38-16_ProbeB:ProbeB: START optional SpikeInterface motion correction
[41.4s] jlh62_2026-08-03_14-38-16_ProbeB:ProbeB: using Kilosort4 drift correction
[41.4s] jlh62_2026-08-03_14-38-16_ProbeB:ProbeB: DONE optional SpikeInterface motion correction in 0.0s
[41.4s] jlh62_2026-08-03_14-38-16_ProbeB:ProbeB: START prepare Kilosort4 parameters
[41.4s] jlh62_2026-08-03_14-38-16_ProbeB:ProbeB: Kilosort4 preprocessing: do_CAR=False, do_correction=True, bad_channels=0
[41.6s] jlh62_2026-08-03_14-38-16_ProbeB:ProbeB: DONE prepare Kilosort4 parameters in 0.2s
[41.6s] jlh62_2026-08-03_14-38-16_ProbeB:ProbeB: START run Kilosort4
Skipping common average reference.
kilosort4 run time 1181.47s
[50m47s] jlh62_2026-08-03_14-38-16_ProbeB:ProbeB: Kilosort4 units: 314
[50m47s] jlh62_2026-08-03_14-38-16_ProbeB:ProbeB: DONE run Kilosort4 in 50m06s
[50m47s] jlh62_2026-08-03_14-38-16_ProbeB:ProbeB: START compute SortingAnalyzer extensions
[1h37m03s] jlh62_2026-08-03_14-38-16_ProbeB:ProbeB: SortingAnalyzer job kwargs: chunk_duration=1s, n_jobs=8, progress_bar=True; multiprocessing fallback_n_jobs=2
[1h37m03s] jlh62_2026-08-03_14-38-16_ProbeB:ProbeB: compute analyzer extension: random_spikes
[1h37m03s] jlh62_2026-08-03_14-38-16_ProbeB:ProbeB: compute analyzer extension: waveforms
[1h59m43s] jlh62_2026-08-03_14-38-16_ProbeB:ProbeB: compute analyzer extension: templates
[1h59m45s] jlh62_2026-08-03_14-38-16_ProbeB:ProbeB: compute analyzer extension: noise_levels
[2h00m23s] jlh62_2026-08-03_14-38-16_ProbeB:ProbeB: compute analyzer extension: spike_amplitudes
[2h33m23s] jlh62_2026-08-03_14-38-16_ProbeB:ProbeB: compute analyzer extension: unit_locations
[2h33m33s] jlh62_2026-08-03_14-38-16_ProbeB:ProbeB: compute analyzer extension: spike_locations
[3h07m18s] jlh62_2026-08-03_14-38-16_ProbeB:ProbeB: compute analyzer extension: principal_components
[3h55m24s] jlh62_2026-08-03_14-38-16_ProbeB:ProbeB: compute analyzer extension: correlograms
[3h55m26s] jlh62_2026-08-03_14-38-16_ProbeB:ProbeB: compute analyzer extension: isi_histograms
[3h55m27s] jlh62_2026-08-03_14-38-16_ProbeB:ProbeB: compute analyzer extension: quality_metrics
[6h13m08s] jlh62_2026-08-03_14-38-16_ProbeB:ProbeB: compute analyzer extension: template_metrics
[6h13m10s] jlh62_2026-08-03_14-38-16_ProbeB:ProbeB: DONE compute SortingAnalyzer extensions in 5h22m22s
[6h13m10s] jlh62_2026-08-03_14-38-16_ProbeB:ProbeB: START export metrics and static report
[6h13m20s] jlh62_2026-08-03_14-38-16_ProbeB:ProbeB: DONE export metrics and static report in 9.8s
[6h13m20s] jlh62_2026-08-03_14-38-16_ProbeB:ProbeB: START export Phy
[6h13m20s] jlh62_2026-08-03_14-38-16_ProbeB:ProbeB: Phy export will reuse existing analyzer extension: spike_amplitudes
[6h13m20s] jlh62_2026-08-03_14-38-16_ProbeB:ProbeB: Phy export will skip pc_features.npy because qc.phy_compute_pc_features=false
Run:
phy template-gui  C:\Users\jordan\Desktop\mouse_arena_recordings\jlh62_2026-08-03_14-38-16\Record Node 101\experiment1\recording1\continuous\Neuropix-PXI-100.ProbeB\spikeinterface_output\phy\params.py
[6h13m31s] jlh62_2026-08-03_14-38-16_ProbeB:ProbeB: Phy dat_path patched to original recording: C:\Users\jordan\Desktop\mouse_arena_recordings\jlh62_2026-08-03_14-38-16\Record Node 101\experiment1\recording1\continuous\Neuropix-PXI-100.ProbeB\continuous.dat
[6h13m31s] jlh62_2026-08-03_14-38-16_ProbeB:ProbeB: wrote Phy UnitRefine TSVs: cluster_unitrefine_label.tsv, cluster_unitrefine_probability.tsv
[6h13m31s] jlh62_2026-08-03_14-38-16_ProbeB:ProbeB: DONE export Phy in 10.8s
[6h13m31s] jlh62_2026-08-03_14-38-16_ProbeB:ProbeB: START finalize manifest and registry
[6h13m31s] jlh62_2026-08-03_14-38-16_ProbeB:ProbeB: DONE finalize manifest and registry in 0.2s
[6h13m31s] jlh62_2026-08-03_14-38-16_ProbeB:ProbeB: START backup completed outputs
[6h13m31s] jlh62_2026-08-03_14-38-16_ProbeB:ProbeB: generated-output backup disabled
[6h13m31s] jlh62_2026-08-03_14-38-16_ProbeB:ProbeB: full local recording archive disabled
[6h13m31s] jlh62_2026-08-03_14-38-16_ProbeB:ProbeB: DONE backup completed outputs in 0.0s
jlh62_2026-08-03_14-38-16_ProbeB | ProbeB | complete
