[0.0s] jlh60_2026-07-13_10-31-01_ProbeA:ProbeA: START verify raw backup
[0.0s] jlh60_2026-07-13_10-31-01_ProbeA:ProbeA: raw backup verified: \\denmanlab\s2\mouse_arena_recordings\jlh60_2026-07-13_10-31-01
[0.1s] jlh60_2026-07-13_10-31-01_ProbeA:ProbeA: DONE verify raw backup in 0.1s
[0.1s] jlh60_2026-07-13_10-31-01_ProbeA:ProbeA: START initialize output and registry
[0.1s] jlh60_2026-07-13_10-31-01_ProbeA:ProbeA: DONE initialize output and registry in 0.0s
[0.1s] jlh60_2026-07-13_10-31-01_ProbeA:ProbeA: START load Open Ephys recording and probe map
[1.3s] jlh60_2026-07-13_10-31-01_ProbeA:ProbeA: recording: 384 channels, 2218.5s, 30000.0 Hz
[1.3s] jlh60_2026-07-13_10-31-01_ProbeA:ProbeA: DONE load Open Ephys recording and probe map in 1.2s
[1.3s] jlh60_2026-07-13_10-31-01_ProbeA:ProbeA: START validate geometry and compute hashes
[1.4s] jlh60_2026-07-13_10-31-01_ProbeA:ProbeA: DONE validate geometry and compute hashes in 0.0s
[1.4s] jlh60_2026-07-13_10-31-01_ProbeA:ProbeA: START apply Neuropixels phase shift
[1.4s] jlh60_2026-07-13_10-31-01_ProbeA:ProbeA: phase_shift applied
[1.4s] jlh60_2026-07-13_10-31-01_ProbeA:ProbeA: DONE apply Neuropixels phase shift in 0.0s
[1.4s] jlh60_2026-07-13_10-31-01_ProbeA:ProbeA: START apply SpikeInterface CAR and plot traces
[3.4s] jlh60_2026-07-13_10-31-01_ProbeA:ProbeA: CAR operator=median; pre/post CAR plot: C:\Users\jordan\Desktop\mouse_arena_recordings\jlh60_2026-07-13_10-31-01\Record Node 101\experiment1\recording1\continuous\Neuropix-PXI-100.ProbeA\spikeinterface_output\report\figures\pre_post_car_traces.png
[3.4s] jlh60_2026-07-13_10-31-01_ProbeA:ProbeA: DONE apply SpikeInterface CAR and plot traces in 2.1s
[3.4s] jlh60_2026-07-13_10-31-01_ProbeA:ProbeA: START apply high-pass filter
[3.4s] jlh60_2026-07-13_10-31-01_ProbeA:ProbeA: highpass_filter applied: freq_min=300 Hz
[3.4s] jlh60_2026-07-13_10-31-01_ProbeA:ProbeA: DONE apply high-pass filter in 0.0s
[3.4s] jlh60_2026-07-13_10-31-01_ProbeA:ProbeA: START detect bad channels
[45.0s] jlh60_2026-07-13_10-31-01_ProbeA:ProbeA: bad channels detected: 369; excluded from sorting: 0
[45.0s] jlh60_2026-07-13_10-31-01_ProbeA:ProbeA: DONE detect bad channels in 41.6s
[45.0s] jlh60_2026-07-13_10-31-01_ProbeA:ProbeA: START optional SpikeInterface motion correction
[45.0s] jlh60_2026-07-13_10-31-01_ProbeA:ProbeA: using Kilosort4 drift correction
[45.0s] jlh60_2026-07-13_10-31-01_ProbeA:ProbeA: DONE optional SpikeInterface motion correction in 0.0s
[45.0s] jlh60_2026-07-13_10-31-01_ProbeA:ProbeA: START prepare Kilosort4 parameters
[45.0s] jlh60_2026-07-13_10-31-01_ProbeA:ProbeA: Kilosort4 preprocessing: do_CAR=False, do_correction=True, bad_channels=0
[45.1s] jlh60_2026-07-13_10-31-01_ProbeA:ProbeA: DONE prepare Kilosort4 parameters in 0.1s
[45.1s] jlh60_2026-07-13_10-31-01_ProbeA:ProbeA: START run Kilosort4
Skipping common average reference.
kilosort4 run time 1557.09s
[1h03m48s] jlh60_2026-07-13_10-31-01_ProbeA:ProbeA: Kilosort4 units: 253
[1h03m48s] jlh60_2026-07-13_10-31-01_ProbeA:ProbeA: DONE run Kilosort4 in 1h03m03s
[1h03m48s] jlh60_2026-07-13_10-31-01_ProbeA:ProbeA: START compute SortingAnalyzer extensions
[1h58m06s] jlh60_2026-07-13_10-31-01_ProbeA:ProbeA: SortingAnalyzer job kwargs: chunk_duration=1s, n_jobs=8, progress_bar=True; multiprocessing fallback_n_jobs=2
[1h58m06s] jlh60_2026-07-13_10-31-01_ProbeA:ProbeA: compute analyzer extension: random_spikes
[1h58m06s] jlh60_2026-07-13_10-31-01_ProbeA:ProbeA: compute analyzer extension: waveforms
[2h24m15s] jlh60_2026-07-13_10-31-01_ProbeA:ProbeA: compute analyzer extension: templates
[2h24m16s] jlh60_2026-07-13_10-31-01_ProbeA:ProbeA: compute analyzer extension: noise_levels
[2h24m58s] jlh60_2026-07-13_10-31-01_ProbeA:ProbeA: compute analyzer extension: spike_amplitudes
[2h25m51s] jlh60_2026-07-13_10-31-01_ProbeA:ProbeA: spike_amplitudes failed with multiprocessing error ([Errno 22] Invalid argument); retrying with chunk_duration=1s, n_jobs=2, progress_bar=True
[2h25m51s] jlh60_2026-07-13_10-31-01_ProbeA:ProbeA: SpikeInterface could not delete partial spike_amplitudes; removing extension folder
[3h19m30s] jlh60_2026-07-13_10-31-01_ProbeA:ProbeA: using fallback SortingAnalyzer job kwargs for remaining extensions: chunk_duration=1s, n_jobs=2, progress_bar=True
[3h19m30s] jlh60_2026-07-13_10-31-01_ProbeA:ProbeA: compute analyzer extension: unit_locations
[3h19m31s] jlh60_2026-07-13_10-31-01_ProbeA:ProbeA: compute analyzer extension: spike_locations
[4h12m37s] jlh60_2026-07-13_10-31-01_ProbeA:ProbeA: compute analyzer extension: principal_components
[4h48m34s] jlh60_2026-07-13_10-31-01_ProbeA:ProbeA: compute analyzer extension: correlograms
[4h48m54s] jlh60_2026-07-13_10-31-01_ProbeA:ProbeA: compute analyzer extension: isi_histograms
[4h48m56s] jlh60_2026-07-13_10-31-01_ProbeA:ProbeA: compute analyzer extension: quality_metrics
[8h03m18s] jlh60_2026-07-13_10-31-01_ProbeA:ProbeA: compute analyzer extension: template_metrics
[8h03m20s] jlh60_2026-07-13_10-31-01_ProbeA:ProbeA: DONE compute SortingAnalyzer extensions in 6h59m32s
[8h03m20s] jlh60_2026-07-13_10-31-01_ProbeA:ProbeA: START export metrics and static report
[8h03m31s] jlh60_2026-07-13_10-31-01_ProbeA:ProbeA: DONE export metrics and static report in 11.0s
[8h03m31s] jlh60_2026-07-13_10-31-01_ProbeA:ProbeA: START export Phy
[8h03m31s] jlh60_2026-07-13_10-31-01_ProbeA:ProbeA: Phy export will reuse existing analyzer extension: spike_amplitudes
[8h03m31s] jlh60_2026-07-13_10-31-01_ProbeA:ProbeA: Phy export will skip pc_features.npy because qc.phy_compute_pc_features=false
Run:
phy template-gui  C:\Users\jordan\Desktop\mouse_arena_recordings\jlh60_2026-07-13_10-31-01\Record Node 101\experiment1\recording1\continuous\Neuropix-PXI-100.ProbeA\spikeinterface_output\phy\params.py
[8h03m43s] jlh60_2026-07-13_10-31-01_ProbeA:ProbeA: Phy dat_path patched to original recording: C:\Users\jordan\Desktop\mouse_arena_recordings\jlh60_2026-07-13_10-31-01\Record Node 101\experiment1\recording1\continuous\Neuropix-PXI-100.ProbeA\continuous.dat
[8h03m43s] jlh60_2026-07-13_10-31-01_ProbeA:ProbeA: wrote Phy UnitRefine TSVs: cluster_unitrefine_label.tsv, cluster_unitrefine_probability.tsv
[8h03m43s] jlh60_2026-07-13_10-31-01_ProbeA:ProbeA: DONE export Phy in 12.3s
[8h03m43s] jlh60_2026-07-13_10-31-01_ProbeA:ProbeA: START finalize manifest and registry
[8h03m43s] jlh60_2026-07-13_10-31-01_ProbeA:ProbeA: DONE finalize manifest and registry in 0.1s
[8h03m43s] jlh60_2026-07-13_10-31-01_ProbeA:ProbeA: START backup completed outputs
[8h03m43s] jlh60_2026-07-13_10-31-01_ProbeA:ProbeA: generated-output backup disabled
[8h03m43s] jlh60_2026-07-13_10-31-01_ProbeA:ProbeA: full local recording archive disabled
[8h03m43s] jlh60_2026-07-13_10-31-01_ProbeA:ProbeA: DONE backup completed outputs in 0.0s
jlh60_2026-07-13_10-31-01_ProbeA | ProbeA | complete
