[0.0s] jlh62_2026-07-17_12-21-41_ProbeA:ProbeA: START verify raw backup
[0.0s] jlh62_2026-07-17_12-21-41_ProbeA:ProbeA: raw backup verified: \\denmanlab\s2\mouse_arena_recordings\jlh62_2026-07-17_12-21-41
[0.1s] jlh62_2026-07-17_12-21-41_ProbeA:ProbeA: DONE verify raw backup in 0.1s
[0.1s] jlh62_2026-07-17_12-21-41_ProbeA:ProbeA: START initialize output and registry
[0.2s] jlh62_2026-07-17_12-21-41_ProbeA:ProbeA: DONE initialize output and registry in 0.0s
[0.2s] jlh62_2026-07-17_12-21-41_ProbeA:ProbeA: START load Open Ephys recording and probe map
[1.5s] jlh62_2026-07-17_12-21-41_ProbeA:ProbeA: recording: 384 channels, 2246.5s, 30000.0 Hz
[1.5s] jlh62_2026-07-17_12-21-41_ProbeA:ProbeA: DONE load Open Ephys recording and probe map in 1.4s
[1.5s] jlh62_2026-07-17_12-21-41_ProbeA:ProbeA: START validate geometry and compute hashes
[1.5s] jlh62_2026-07-17_12-21-41_ProbeA:ProbeA: DONE validate geometry and compute hashes in 0.0s
[1.5s] jlh62_2026-07-17_12-21-41_ProbeA:ProbeA: START apply Neuropixels phase shift
[1.5s] jlh62_2026-07-17_12-21-41_ProbeA:ProbeA: phase_shift applied
[1.5s] jlh62_2026-07-17_12-21-41_ProbeA:ProbeA: DONE apply Neuropixels phase shift in 0.0s
[1.5s] jlh62_2026-07-17_12-21-41_ProbeA:ProbeA: START apply SpikeInterface CAR and plot traces
[3.6s] jlh62_2026-07-17_12-21-41_ProbeA:ProbeA: CAR operator=median; pre/post CAR plot: C:\Users\jordan\Desktop\mouse_arena_recordings\jlh62_2026-07-17_12-21-41\Record Node 101\experiment1\recording1\continuous\Neuropix-PXI-100.ProbeA\spikeinterface_output\report\figures\pre_post_car_traces.png
[3.6s] jlh62_2026-07-17_12-21-41_ProbeA:ProbeA: DONE apply SpikeInterface CAR and plot traces in 2.1s
[3.6s] jlh62_2026-07-17_12-21-41_ProbeA:ProbeA: START apply high-pass filter
[3.6s] jlh62_2026-07-17_12-21-41_ProbeA:ProbeA: highpass_filter applied: freq_min=300 Hz
[3.6s] jlh62_2026-07-17_12-21-41_ProbeA:ProbeA: DONE apply high-pass filter in 0.0s
[3.6s] jlh62_2026-07-17_12-21-41_ProbeA:ProbeA: START detect bad channels
[44.4s] jlh62_2026-07-17_12-21-41_ProbeA:ProbeA: bad channels detected: 384; excluded from sorting: 0
[44.4s] jlh62_2026-07-17_12-21-41_ProbeA:ProbeA: DONE detect bad channels in 40.8s
[44.4s] jlh62_2026-07-17_12-21-41_ProbeA:ProbeA: START optional SpikeInterface motion correction
[44.4s] jlh62_2026-07-17_12-21-41_ProbeA:ProbeA: using Kilosort4 drift correction
[44.4s] jlh62_2026-07-17_12-21-41_ProbeA:ProbeA: DONE optional SpikeInterface motion correction in 0.0s
[44.4s] jlh62_2026-07-17_12-21-41_ProbeA:ProbeA: START prepare Kilosort4 parameters
[44.4s] jlh62_2026-07-17_12-21-41_ProbeA:ProbeA: Kilosort4 preprocessing: do_CAR=False, do_correction=True, bad_channels=0
[44.8s] jlh62_2026-07-17_12-21-41_ProbeA:ProbeA: DONE prepare Kilosort4 parameters in 0.4s
[44.8s] jlh62_2026-07-17_12-21-41_ProbeA:ProbeA: START run Kilosort4
Skipping common average reference.
kilosort4 run time 1053.91s
[56m07s] jlh62_2026-07-17_12-21-41_ProbeA:ProbeA: Kilosort4 units: 99
[56m07s] jlh62_2026-07-17_12-21-41_ProbeA:ProbeA: DONE run Kilosort4 in 55m22s
[56m07s] jlh62_2026-07-17_12-21-41_ProbeA:ProbeA: START compute SortingAnalyzer extensions
[1h37m02s] jlh62_2026-07-17_12-21-41_ProbeA:ProbeA: SortingAnalyzer job kwargs: chunk_duration=1s, n_jobs=8, progress_bar=True; multiprocessing fallback_n_jobs=2
[1h37m02s] jlh62_2026-07-17_12-21-41_ProbeA:ProbeA: compute analyzer extension: random_spikes
[1h37m02s] jlh62_2026-07-17_12-21-41_ProbeA:ProbeA: compute analyzer extension: waveforms
[1h59m37s] jlh62_2026-07-17_12-21-41_ProbeA:ProbeA: compute analyzer extension: templates
[1h59m38s] jlh62_2026-07-17_12-21-41_ProbeA:ProbeA: compute analyzer extension: noise_levels
[2h00m23s] jlh62_2026-07-17_12-21-41_ProbeA:ProbeA: compute analyzer extension: spike_amplitudes
[2h42m19s] jlh62_2026-07-17_12-21-41_ProbeA:ProbeA: compute analyzer extension: unit_locations
[2h42m20s] jlh62_2026-07-17_12-21-41_ProbeA:ProbeA: compute analyzer extension: spike_locations
[3h22m51s] jlh62_2026-07-17_12-21-41_ProbeA:ProbeA: compute analyzer extension: principal_components
[3h42m21s] jlh62_2026-07-17_12-21-41_ProbeA:ProbeA: compute analyzer extension: correlograms
[3h42m22s] jlh62_2026-07-17_12-21-41_ProbeA:ProbeA: compute analyzer extension: isi_histograms
[3h42m22s] jlh62_2026-07-17_12-21-41_ProbeA:ProbeA: compute analyzer extension: quality_metrics
[4h20m39s] jlh62_2026-07-17_12-21-41_ProbeA:ProbeA: compute analyzer extension: template_metrics
[4h20m40s] jlh62_2026-07-17_12-21-41_ProbeA:ProbeA: DONE compute SortingAnalyzer extensions in 3h24m32s
[4h20m40s] jlh62_2026-07-17_12-21-41_ProbeA:ProbeA: START export metrics and static report
[4h20m46s] jlh62_2026-07-17_12-21-41_ProbeA:ProbeA: DONE export metrics and static report in 6.4s
[4h20m46s] jlh62_2026-07-17_12-21-41_ProbeA:ProbeA: START export Phy
[4h20m46s] jlh62_2026-07-17_12-21-41_ProbeA:ProbeA: Phy export will reuse existing analyzer extension: spike_amplitudes
[4h20m46s] jlh62_2026-07-17_12-21-41_ProbeA:ProbeA: Phy export will skip pc_features.npy because qc.phy_compute_pc_features=false
Run:
phy template-gui  C:\Users\jordan\Desktop\mouse_arena_recordings\jlh62_2026-07-17_12-21-41\Record Node 101\experiment1\recording1\continuous\Neuropix-PXI-100.ProbeA\spikeinterface_output\phy\params.py
[4h20m57s] jlh62_2026-07-17_12-21-41_ProbeA:ProbeA: Phy dat_path patched to original recording: C:\Users\jordan\Desktop\mouse_arena_recordings\jlh62_2026-07-17_12-21-41\Record Node 101\experiment1\recording1\continuous\Neuropix-PXI-100.ProbeA\continuous.dat
[4h20m57s] jlh62_2026-07-17_12-21-41_ProbeA:ProbeA: wrote Phy UnitRefine TSVs: cluster_unitrefine_label.tsv, cluster_unitrefine_probability.tsv
[4h20m57s] jlh62_2026-07-17_12-21-41_ProbeA:ProbeA: DONE export Phy in 11.2s
[4h20m57s] jlh62_2026-07-17_12-21-41_ProbeA:ProbeA: START finalize manifest and registry
[4h20m58s] jlh62_2026-07-17_12-21-41_ProbeA:ProbeA: DONE finalize manifest and registry in 0.1s
[4h20m58s] jlh62_2026-07-17_12-21-41_ProbeA:ProbeA: START backup completed outputs
[4h20m58s] jlh62_2026-07-17_12-21-41_ProbeA:ProbeA: generated-output backup disabled
[4h20m58s] jlh62_2026-07-17_12-21-41_ProbeA:ProbeA: full local recording archive disabled
[4h20m58s] jlh62_2026-07-17_12-21-41_ProbeA:ProbeA: DONE backup completed outputs in 0.0s
jlh62_2026-07-17_12-21-41_ProbeA | ProbeA | complete
