{"logTime": "0717/204150", "correlationVector":"lBtOLI2/8h7IEsiU3YXhKE.1","action":"SyncServerConnectionManagerRequest", "result":"SYNC_SERVER_OK", "context":{"environment":"Prod_centralus_prod-s01-068-nam-centralus", "migrationStage":"NotStarted", "server":"akswtt00600001o"}}
{"logTime": "0717/204150", "correlationVector":"lBtOLI2/8h7IEsiU3YXhKE.2","action":"ProcessGetUpdates", "result":"Done", "context":{"dataType":"Encryption Keys", "deleted":"0", "process_failed_to_decrypt":"0", "process_pending_decryption":"0", "process_success":"1", "total":"1"}}
{"logTime": "0717/204150", "correlationVector":"qXcVSERKBtZAcmppdp9nlT","action":"SyncServerConnectionManagerRequest", "result":"SYNC_SERVER_OK", "context":{"environment":"", "migrationStage":"", "server":""}}
{"logTime": "0717/204150", "correlationVector":"qXcVSERKBtZAcmppdp9nlT.0","action":"EncryptionKeysFetcher.DownloadKeys:", "result":"Success", "context":Key count: 10, Last key timestamp: 2026-06-09T18:04:21Z}
{"logTime": "0717/204150", "correlationVector":"qXcVSERKBtZAcmppdp9nlT.1","action":"EncryptionKeysManager::SetEncryptionKeys:", "result":"Success", "context":Key names[10]:[tdjssUmZOjtYGahU133lNr9dWtwRkGYEUnHOLMS5qTqh9VQdNpe44n6LjtN3X2ZtcDIF62n6iEw1CqTSX35obw==][xg9qZLzsrrKR+KrgSmL/932yKh5oEpCoKF/drqmKHi1s44CpVWXPsVzSbSgZwZlfP6vaT0/ZFwJQrpdldshtIA==][Giz6HgXVTgllxcGWzPoNc14UCc+MR67r04dwwMAQgTo1eaaKRjr83XqO6WN6Wvr4O9k3gzKMOqe5mJs+7iBHRg==][4V1kNN0e5zyRZwSY4KD84AOwNBY66LO+yDG9AOpwJ8lEyWaysvc/0OepaIJFeUso+hdmAQuo1m+obVAjLmzX4g==][kOUQUD8hmqFNxTn1Z636hhp8Cc6WK8K8yewKnWWqJiqlUVWs3Zy1tt/oerFvqIXOsUg06QnAxwDJqWpGDfdjcA==][hB+IZZV+AnkHTgBYkMyHYDiyG8/V3XIdhzQP3b9bolEUr3it0PiBvdhoamCneIkDRmPISRTbfa9PPEvekiNTiA==][i46mNkcxINjG6mY1T27dzG+8tgB76HSq6EARvi6m6Bx8151PXKce8SnEWocZyQgdzlpchgWgoEe9JGqxP1KiMA==][OcXu6gtCf3FLlh+Bey6MDl++C4i/vfqLLjPdQbsRvws4kIEaVQmxQTWzfXOgia98DCSuEVAWNEWcgBVPh2BHyg==][FNJbBiNbfo89LAzhoLaK4k7797xCQPa2S/KLXXBh+bEuUOhlsqBY7NG9Nefbp4lCyQ6kbVoBGgeevhWZzLGisg==][g/ZDx9s76B7kfq0ytMWnR3v7R7Rz4ZXa1yxnDLJneG7faGx2+zJBjHOcS48yJFvq1XEdyXzQMeQNGXzI+KJm+Q==]}
{"logTime": "0717/204150", "correlationVector":"qXcVSERKBtZAcmppdp9nlT.2","action":"EncryptionKeysManager::SetEncryptionKeysWithTimestamps:", "result":"Success", "context":Key timestamps[10]:[2021-10-06T22:07:55Z][2022-04-06T19:24:26Z][2022-10-06T19:52:52Z][2023-04-26T20:50:16Z][2023-11-01T21:12:59Z][2024-04-30T09:36:42Z][2024-11-12T19:17:39Z][2025-05-15T20:28:37Z][2025-12-04T19:57:45Z][2026-06-09T18:04:21Z]}
{"logTime": "0717/204150", "correlationVector":"lBtOLI2/8h7IEsiU3YXhKE","action":"Initial GetUpdates", "result":"", "context":Reason: NEW_CLIENT. cV=lBtOLI2/8h7IEsiU3YXhKE}
{"logTime": "0717/204150", "correlationVector":"lBtOLI2/8h7IEsiU3YXhKE.3","action":"GetUpdates Response", "result":"Success", "context":Received 1 update(s). cV=lBtOLI2/8h7IEsiU3YXhKE.0;server=akswtt00600001o;cloudType=Consumer;environment=Prod_centralus_prod-s01-068-nam-centralus;migrationStage=NotStarted}
{"logTime": "0717/204150", "correlationVector":"5Pr02SjRsHbU0ApKNCLepQ","action":"Initial GetUpdates", "result":"", "context":Reason: NEWLY_SUPPORTED_DATATYPE. cV=5Pr02SjRsHbU0ApKNCLepQ}
{"logTime": "0717/204150", "correlationVector":"5Pr02SjRsHbU0ApKNCLepQ.1","action":"SyncServerConnectionManagerRequest", "result":"SYNC_SERVER_OK", "context":{"environment":"Prod_centralus_prod-s01-068-nam-centralus", "migrationStage":"NotStarted", "server":"akswtt00600001a"}}
{"logTime": "0717/204150", "correlationVector":"5Pr02SjRsHbU0ApKNCLepQ.2","action":"ProcessGetUpdates", "result":"Done", "context":{"dataType":"Passwords", "deleted":"0", "process_failed_to_decrypt":"0", "process_pending_decryption":"0", "process_success":"9", "total":"9"}}
{"logTime": "0717/204150", "correlationVector":"5Pr02SjRsHbU0ApKNCLepQ.3","action":"ProcessGetUpdates", "result":"Done", "context":{"dataType":"Device Info", "deleted":"0", "process_failed_to_decrypt":"0", "process_pending_decryption":"0", "process_success":"20", "total":"20"}}
{"logTime": "0717/204150", "correlationVector":"5Pr02SjRsHbU0ApKNCLepQ.4","action":"GetUpdates Response", "result":"Success", "context":Received 29 update(s). cV=5Pr02SjRsHbU0ApKNCLepQ.0;server=akswtt00600001a;cloudType=Consumer;environment=Prod_centralus_prod-s01-068-nam-centralus;migrationStage=NotStarted}
{"logTime": "0717/204150", "correlationVector":"q4E/IFrSkNypmM1PnA/6iu","action":"Initial GetUpdates", "result":"", "context":Reason: NEWLY_SUPPORTED_DATATYPE. cV=q4E/IFrSkNypmM1PnA/6iu}
{"logTime": "0717/204151", "correlationVector":"q4E/IFrSkNypmM1PnA/6iu.1","action":"SyncServerConnectionManagerRequest", "result":"SYNC_SERVER_OK", "context":{"environment":"Prod_centralus_prod-s01-068-nam-centralus", "migrationStage":"NotStarted", "server":"akswtt00600000u"}}
{"logTime": "0717/204151", "correlationVector":"q4E/IFrSkNypmM1PnA/6iu.2","action":"ProcessGetUpdates", "result":"Done", "context":{"dataType":"Bookmarks", "deleted":"0", "process_failed_to_decrypt":"0", "process_pending_decryption":"0", "process_success":"10", "total":"10"}}
{"logTime": "0717/204151", "correlationVector":"q4E/IFrSkNypmM1PnA/6iu.3","action":"ProcessGetUpdates", "result":"Done", "context":{"dataType":"Preferences", "deleted":"0", "process_failed_to_decrypt":"0", "process_pending_decryption":"0", "process_success":"90", "total":"90"}}
{"logTime": "0717/204151", "correlationVector":"q4E/IFrSkNypmM1PnA/6iu.4","action":"ProcessGetUpdates", "result":"Done", "context":{"dataType":"Autofill Profiles", "deleted":"0", "process_failed_to_decrypt":"0", "process_pending_decryption":"0", "process_success":"1", "total":"1"}}
{"logTime": "0717/204151", "correlationVector":"q4E/IFrSkNypmM1PnA/6iu.5","action":"ProcessGetUpdates", "result":"Done", "context":{"dataType":"Autofill", "deleted":"0", "process_failed_to_decrypt":"0", "process_pending_decryption":"0", "process_success":"20", "total":"20"}}
{"logTime": "0717/204151", "correlationVector":"q4E/IFrSkNypmM1PnA/6iu.6","action":"ProcessGetUpdates", "result":"Done", "context":{"dataType":"Sessions", "deleted":"23", "process_failed_to_decrypt":"0", "process_pending_decryption":"0", "process_success":"30", "total":"30"}}
{"logTime": "0717/204151", "correlationVector":"q4E/IFrSkNypmM1PnA/6iu.7","action":"ProcessGetUpdates", "result":"Done", "context":{"dataType":"Edge Hub App Usage", "deleted":"4", "process_failed_to_decrypt":"0", "process_pending_decryption":"0", "process_success":"7", "total":"7"}}
{"logTime": "0717/204151", "correlationVector":"q4E/IFrSkNypmM1PnA/6iu.8","action":"GetUpdates Response", "result":"Success", "context":Received 158 update(s). cV=q4E/IFrSkNypmM1PnA/6iu.0;server=akswtt00600000u;cloudType=Consumer;environment=Prod_centralus_prod-s01-068-nam-centralus;migrationStage=NotStarted}
{"logTime": "0717/204151", "correlationVector":"QhvAsF+gOXWZOZzmODxnOk","action":"Initial GetUpdates", "result":"", "context":Reason: NEWLY_SUPPORTED_DATATYPE. cV=QhvAsF+gOXWZOZzmODxnOk}
{"logTime": "0717/204151", "correlationVector":"QhvAsF+gOXWZOZzmODxnOk.1","action":"SyncServerConnectionManagerRequest", "result":"SYNC_SERVER_OK", "context":{"environment":"Prod_centralus_prod-s01-068-nam-centralus", "migrationStage":"NotStarted", "server":"akswtt00600000h"}}
{"logTime": "0717/204151", "correlationVector":"QhvAsF+gOXWZOZzmODxnOk.2","action":"ProcessGetUpdates", "result":"Done", "context":{"dataType":"History", "deleted":"0", "process_failed_to_decrypt":"0", "process_pending_decryption":"0", "process_success":"60", "total":"60"}}
{"logTime": "0717/204151", "correlationVector":"QhvAsF+gOXWZOZzmODxnOk.3","action":"GetUpdates Response", "result":"Success", "context":Received 60 update(s). cV=QhvAsF+gOXWZOZzmODxnOk.0;server=akswtt00600000h;cloudType=Consumer;environment=Prod_centralus_prod-s01-068-nam-centralus;migrationStage=NotStarted}
{"logTime": "0717/204151", "correlationVector":"tfgXyeNNLRre/ZUxWHQmlb","action":"Normal GetUpdate request", "result":"", "context":cV=tfgXyeNNLRre/ZUxWHQmlb
Nudged types: Sessions, Device Info, User Consents
Refresh requested types: Bookmarks, Preferences, Passwords, Autofill Profiles, Autofill, Extensions, Sessions, Extension settings, History Delete Directives, Device Info, User Consents, Send Tab To Self, Web Apps, History, Saved Tab Group, WebAuthn Credentials, Edge E Drop, Edge Hub App Usage, Edge Workspace, Encryption Keys}
{"logTime": "0717/204151", "correlationVector":"tfgXyeNNLRre/ZUxWHQmlb.1","action":"SyncServerConnectionManagerRequest", "result":"SYNC_SERVER_OK", "context":{"environment":"Prod_centralus_prod-s01-068-nam-centralus", "migrationStage":"NotStarted", "server":"akswtt00600000h"}}
{"logTime": "0717/204151", "correlationVector":"tfgXyeNNLRre/ZUxWHQmlb.2","action":"GetUpdates Response", "result":"Success", "context":Received 0 update(s). cV=tfgXyeNNLRre/ZUxWHQmlb.0;server=akswtt00600000h;cloudType=Consumer;environment=Prod_centralus_prod-s01-068-nam-centralus;migrationStage=NotStarted}
{"logTime": "0717/204151", "correlationVector":"8jkauuyQJpPQalwPb7X/FU","action":"DoCompareDataConsistency requsted types: ", "result":"Bookmarks, Preferences, Passwords, Extensions, Extension settings, History Delete Directives, Send Tab To Self, Web Apps, History, Saved Tab Group, WebAuthn Credentials, Edge E Drop, Edge Workspace, Encryption Keys"}
{"logTime": "0717/204151", "correlationVector":"8jkauuyQJpPQalwPb7X/FU.0","action":"CompareDataConsistency result: ", "result":"Compare result: Encryption Keys is consistent. local entities count is: 1 local entities hash is: B8eOsR4/2uJNJaSay9Ws1BJfHGA="}
{"logTime": "0717/204151", "correlationVector":"8jkauuyQJpPQalwPb7X/FU.1","action":"CompareDataConsistency result: ", "result":"Compare result: Bookmarks is consistent. local entities count is: 4 local entities hash is: xapQtlbP4zswhePPE1dh3bvGukg="}
{"logTime": "0717/204151", "correlationVector":"8jkauuyQJpPQalwPb7X/FU.2","action":"CompareDataConsistency result: ", "result":"Compare result: Preferences is consistent. local entities count is: 90 local entities hash is: WLrJCo4EXZDtskm23amxkV/ayjU="}
{"logTime": "0717/204151", "correlationVector":"8jkauuyQJpPQalwPb7X/FU.3","action":"CompareDataConsistency result: ", "result":"Compare result: Extensions is consistent. local entities count is: 0 local entities hash is: "}
{"logTime": "0717/204151", "correlationVector":"8jkauuyQJpPQalwPb7X/FU.4","action":"CompareDataConsistency result: ", "result":"Compare result: Extension settings is consistent. local entities count is: 0 local entities hash is: "}
{"logTime": "0717/204151", "correlationVector":"8jkauuyQJpPQalwPb7X/FU.5","action":"CompareDataConsistency result: ", "result":"Compare result: History Delete Directives is consistent. local entities count is: 0 local entities hash is: "}
{"logTime": "0717/204151", "correlationVector":"8jkauuyQJpPQalwPb7X/FU.6","action":"CompareDataConsistency result: ", "result":"Server did not send this Send Tab To Self local entities count is: 0 local entities hash is: "}
{"logTime": "0717/204151", "correlationVector":"8jkauuyQJpPQalwPb7X/FU.7","action":"CompareDataConsistency result: ", "result":"Compare result: Web Apps is consistent. local entities count is: 0 local entities hash is: "}
{"logTime": "0717/204151", "correlationVector":"8jkauuyQJpPQalwPb7X/FU.8","action":"CompareDataConsistency result: ", "result":"Server did not send this History local entities count is: 0 local entities hash is: "}
{"logTime": "0717/204151", "correlationVector":"8jkauuyQJpPQalwPb7X/FU.9","action":"CompareDataConsistency result: ", "result":"Compare result: Saved Tab Group is consistent. local entities count is: 0 local entities hash is: "}
{"logTime": "0717/204151", "correlationVector":"8jkauuyQJpPQalwPb7X/FU.10","action":"CompareDataConsistency result: ", "result":"Server did not send this WebAuthn Credentials local entities count is: 0 local entities hash is: "}
{"logTime": "0717/204151", "correlationVector":"8jkauuyQJpPQalwPb7X/FU.11","action":"CompareDataConsistency result: ", "result":"Compare result: Edge E Drop is consistent. local entities count is: 0 local entities hash is: "}
{"logTime": "0717/204151", "correlationVector":"8jkauuyQJpPQalwPb7X/FU.12","action":"CompareDataConsistency result: ", "result":"Server did not send this Edge Workspace local entities count is: 0 local entities hash is: "}
{"logTime": "0717/204151", "correlationVector":"8jkauuyQJpPQalwPb7X/FU.13","action":"CompareDataConsistency result: ", "result":"Compare result: Passwords is consistent. local entities count is: 9 local entities hash is: nNghqzEj5+YvJ4I9WnIiiyFYYx8="}
{"logTime": "0717/204151", "correlationVector":"rLxXx8r6pJ6n/wet7OXC2z","action":"Commit Request", "result":"", "context":Item count: 4
Contributing types: Sessions, Device Info, User Consents}
{"logTime": "0717/204151", "correlationVector":"rLxXx8r6pJ6n/wet7OXC2z.1","action":"SyncServerConnectionManagerRequest", "result":"SYNC_SERVER_OK", "context":{"environment":"Prod_centralus_prod-s01-068-nam-centralus", "migrationStage":"NotStarted", "server":"akswtt006000024"}}
{"logTime": "0717/204151", "correlationVector":"rLxXx8r6pJ6n/wet7OXC2z.2","action":"Commit Response", "result":"Success", "context":Result: Success. cV=rLxXx8r6pJ6n/wet7OXC2z.0;server=akswtt006000024;cloudType=Consumer;environment=Prod_centralus_prod-s01-068-nam-centralus;migrationStage=NotStarted}
{"logTime": "0717/204151", "correlationVector":"","action":"DIAGNOSTIC_REQUEST|v1/diagnosticData/Diagnostic.SendCheckResult()|SUCCESS", "result":""}
