[0.0s] jlh60_2026-07-06_15-12-17_ProbeA:ProbeA: START verify raw backup
[0.0s] jlh60_2026-07-06_15-12-17_ProbeA:ProbeA: raw backup verified: \\denmanlab\s2\mouse_arena_recordings\jlh60_2026-07-06_15-12-17
[0.1s] jlh60_2026-07-06_15-12-17_ProbeA:ProbeA: DONE verify raw backup in 0.1s
[0.1s] jlh60_2026-07-06_15-12-17_ProbeA:ProbeA: START initialize output and registry
[0.1s] jlh60_2026-07-06_15-12-17_ProbeA:ProbeA: DONE initialize output and registry in 0.0s
[0.1s] jlh60_2026-07-06_15-12-17_ProbeA:ProbeA: START load Open Ephys recording and probe map
[1.2s] jlh60_2026-07-06_15-12-17_ProbeA:ProbeA: recording: 384 channels, 1872.3s, 30000.0 Hz
[1.2s] jlh60_2026-07-06_15-12-17_ProbeA:ProbeA: DONE load Open Ephys recording and probe map in 1.1s
[1.2s] jlh60_2026-07-06_15-12-17_ProbeA:ProbeA: START validate geometry and compute hashes
[1.2s] jlh60_2026-07-06_15-12-17_ProbeA:ProbeA: DONE validate geometry and compute hashes in 0.0s
[1.2s] jlh60_2026-07-06_15-12-17_ProbeA:ProbeA: START apply Neuropixels phase shift
[1.2s] jlh60_2026-07-06_15-12-17_ProbeA:ProbeA: phase_shift applied
[1.2s] jlh60_2026-07-06_15-12-17_ProbeA:ProbeA: DONE apply Neuropixels phase shift in 0.0s
[1.2s] jlh60_2026-07-06_15-12-17_ProbeA:ProbeA: START apply SpikeInterface CAR and plot traces
[3.6s] jlh60_2026-07-06_15-12-17_ProbeA:ProbeA: CAR operator=median; pre/post CAR plot: C:\Users\jordan\Desktop\mouse_arena_recordings\jlh60_2026-07-06_15-12-17\Record Node 101\experiment1\recording1\continuous\Neuropix-PXI-100.ProbeA\spikeinterface_output\report\figures\pre_post_car_traces.png
[3.6s] jlh60_2026-07-06_15-12-17_ProbeA:ProbeA: DONE apply SpikeInterface CAR and plot traces in 2.4s
[3.6s] jlh60_2026-07-06_15-12-17_ProbeA:ProbeA: START apply high-pass filter
[3.6s] jlh60_2026-07-06_15-12-17_ProbeA:ProbeA: highpass_filter applied: freq_min=300 Hz
[3.6s] jlh60_2026-07-06_15-12-17_ProbeA:ProbeA: DONE apply high-pass filter in 0.0s
[3.6s] jlh60_2026-07-06_15-12-17_ProbeA:ProbeA: START detect bad channels
[43.0s] jlh60_2026-07-06_15-12-17_ProbeA:ProbeA: bad channels detected: 374; excluded from sorting: 0
[43.0s] jlh60_2026-07-06_15-12-17_ProbeA:ProbeA: DONE detect bad channels in 39.4s
[43.0s] jlh60_2026-07-06_15-12-17_ProbeA:ProbeA: START optional SpikeInterface motion correction
[43.0s] jlh60_2026-07-06_15-12-17_ProbeA:ProbeA: using Kilosort4 drift correction
[43.0s] jlh60_2026-07-06_15-12-17_ProbeA:ProbeA: DONE optional SpikeInterface motion correction in 0.0s
[43.0s] jlh60_2026-07-06_15-12-17_ProbeA:ProbeA: START prepare Kilosort4 parameters
[43.0s] jlh60_2026-07-06_15-12-17_ProbeA:ProbeA: Kilosort4 preprocessing: do_CAR=False, do_correction=True, bad_channels=0
[43.3s] jlh60_2026-07-06_15-12-17_ProbeA:ProbeA: DONE prepare Kilosort4 parameters in 0.2s
[43.3s] jlh60_2026-07-06_15-12-17_ProbeA:ProbeA: START run Kilosort4
Skipping common average reference.
kilosort4 run time 1375.06s
[55m04s] jlh60_2026-07-06_15-12-17_ProbeA:ProbeA: Kilosort4 units: 413
[55m04s] jlh60_2026-07-06_15-12-17_ProbeA:ProbeA: DONE run Kilosort4 in 54m21s
[55m04s] jlh60_2026-07-06_15-12-17_ProbeA:ProbeA: START compute SortingAnalyzer extensions
[1h44m35s] jlh60_2026-07-06_15-12-17_ProbeA:ProbeA: SortingAnalyzer job kwargs: chunk_duration=1s, n_jobs=8, progress_bar=True; multiprocessing fallback_n_jobs=2
[1h44m35s] jlh60_2026-07-06_15-12-17_ProbeA:ProbeA: compute analyzer extension: random_spikes
[1h44m35s] jlh60_2026-07-06_15-12-17_ProbeA:ProbeA: compute analyzer extension: waveforms
[2h07m31s] jlh60_2026-07-06_15-12-17_ProbeA:ProbeA: compute analyzer extension: templates
[2h07m33s] jlh60_2026-07-06_15-12-17_ProbeA:ProbeA: compute analyzer extension: noise_levels
[2h08m15s] jlh60_2026-07-06_15-12-17_ProbeA:ProbeA: compute analyzer extension: spike_amplitudes
[2h42m23s] jlh60_2026-07-06_15-12-17_ProbeA:ProbeA: compute analyzer extension: unit_locations
[2h42m25s] jlh60_2026-07-06_15-12-17_ProbeA:ProbeA: compute analyzer extension: spike_locations
[3h17m27s] jlh60_2026-07-06_15-12-17_ProbeA:ProbeA: compute analyzer extension: principal_components
[4h26m44s] jlh60_2026-07-06_15-12-17_ProbeA:ProbeA: compute analyzer extension: correlograms
[4h26m49s] jlh60_2026-07-06_15-12-17_ProbeA:ProbeA: compute analyzer extension: isi_histograms
[4h26m51s] jlh60_2026-07-06_15-12-17_ProbeA:ProbeA: compute analyzer extension: quality_metrics
[7h35m59s] jlh60_2026-07-06_15-12-17_ProbeA:ProbeA: compute analyzer extension: template_metrics
[7h36m02s] jlh60_2026-07-06_15-12-17_ProbeA:ProbeA: DONE compute SortingAnalyzer extensions in 6h40m57s
[7h36m02s] jlh60_2026-07-06_15-12-17_ProbeA:ProbeA: START export metrics and static report
[7h36m15s] jlh60_2026-07-06_15-12-17_ProbeA:ProbeA: DONE export metrics and static report in 12.9s
[7h36m15s] jlh60_2026-07-06_15-12-17_ProbeA:ProbeA: START export Phy
[7h36m15s] jlh60_2026-07-06_15-12-17_ProbeA:ProbeA: Phy export will reuse existing analyzer extension: spike_amplitudes
[7h36m15s] jlh60_2026-07-06_15-12-17_ProbeA:ProbeA: Phy export will skip pc_features.npy because qc.phy_compute_pc_features=false
Run:
phy template-gui  C:\Users\jordan\Desktop\mouse_arena_recordings\jlh60_2026-07-06_15-12-17\Record Node 101\experiment1\recording1\continuous\Neuropix-PXI-100.ProbeA\spikeinterface_output\phy\params.py
[7h36m28s] jlh60_2026-07-06_15-12-17_ProbeA:ProbeA: Phy dat_path patched to original recording: C:\Users\jordan\Desktop\mouse_arena_recordings\jlh60_2026-07-06_15-12-17\Record Node 101\experiment1\recording1\continuous\Neuropix-PXI-100.ProbeA\continuous.dat
[7h36m28s] jlh60_2026-07-06_15-12-17_ProbeA:ProbeA: wrote Phy UnitRefine TSVs: cluster_unitrefine_label.tsv, cluster_unitrefine_probability.tsv
[7h36m28s] jlh60_2026-07-06_15-12-17_ProbeA:ProbeA: DONE export Phy in 12.4s
[7h36m28s] jlh60_2026-07-06_15-12-17_ProbeA:ProbeA: START finalize manifest and registry
[7h36m28s] jlh60_2026-07-06_15-12-17_ProbeA:ProbeA: DONE finalize manifest and registry in 0.2s
[7h36m28s] jlh60_2026-07-06_15-12-17_ProbeA:ProbeA: START backup completed outputs
[7h36m28s] jlh60_2026-07-06_15-12-17_ProbeA:ProbeA: generated-output backup disabled
[7h36m28s] jlh60_2026-07-06_15-12-17_ProbeA:ProbeA: full local recording archive disabled
[7h36m28s] jlh60_2026-07-06_15-12-17_ProbeA:ProbeA: DONE backup completed outputs in 0.0s
jlh60_2026-07-06_15-12-17_ProbeA | ProbeA | complete
