[0.0s] jlh62_2026-08-11_15-13-20_ProbeA:ProbeA: START verify raw backup
[0.1s] jlh62_2026-08-11_15-13-20_ProbeA:ProbeA: raw backup verified: \\denmanlab\s2\mouse_arena_recordings\jlh62_2026-08-11_15-13-20
[0.1s] jlh62_2026-08-11_15-13-20_ProbeA:ProbeA: DONE verify raw backup in 0.1s
[0.1s] jlh62_2026-08-11_15-13-20_ProbeA:ProbeA: START initialize output and registry
[0.2s] jlh62_2026-08-11_15-13-20_ProbeA:ProbeA: DONE initialize output and registry in 0.0s
[0.2s] jlh62_2026-08-11_15-13-20_ProbeA:ProbeA: START load Open Ephys recording and probe map
[1.4s] jlh62_2026-08-11_15-13-20_ProbeA:ProbeA: recording: 384 channels, 2136.8s, 30000.0 Hz
[1.4s] jlh62_2026-08-11_15-13-20_ProbeA:ProbeA: DONE load Open Ephys recording and probe map in 1.2s
[1.4s] jlh62_2026-08-11_15-13-20_ProbeA:ProbeA: START validate geometry and compute hashes
[1.4s] jlh62_2026-08-11_15-13-20_ProbeA:ProbeA: DONE validate geometry and compute hashes in 0.0s
[1.4s] jlh62_2026-08-11_15-13-20_ProbeA:ProbeA: START apply Neuropixels phase shift
[1.4s] jlh62_2026-08-11_15-13-20_ProbeA:ProbeA: phase_shift applied
[1.4s] jlh62_2026-08-11_15-13-20_ProbeA:ProbeA: DONE apply Neuropixels phase shift in 0.0s
[1.4s] jlh62_2026-08-11_15-13-20_ProbeA:ProbeA: START apply SpikeInterface CAR and plot traces
[3.5s] jlh62_2026-08-11_15-13-20_ProbeA:ProbeA: CAR operator=median; pre/post CAR plot: C:\Users\jordan\Desktop\mouse_arena_recordings\jlh62_2026-08-11_15-13-20\Record Node 101\experiment1\recording1\continuous\Neuropix-PXI-100.ProbeA\spikeinterface_output\report\figures\pre_post_car_traces.png
[3.5s] jlh62_2026-08-11_15-13-20_ProbeA:ProbeA: DONE apply SpikeInterface CAR and plot traces in 2.0s
[3.5s] jlh62_2026-08-11_15-13-20_ProbeA:ProbeA: START apply high-pass filter
[3.5s] jlh62_2026-08-11_15-13-20_ProbeA:ProbeA: highpass_filter applied: freq_min=300 Hz
[3.5s] jlh62_2026-08-11_15-13-20_ProbeA:ProbeA: DONE apply high-pass filter in 0.0s
[3.5s] jlh62_2026-08-11_15-13-20_ProbeA:ProbeA: START detect bad channels
[40.9s] jlh62_2026-08-11_15-13-20_ProbeA:ProbeA: bad channels detected: 384; excluded from sorting: 0
[40.9s] jlh62_2026-08-11_15-13-20_ProbeA:ProbeA: DONE detect bad channels in 37.5s
[40.9s] jlh62_2026-08-11_15-13-20_ProbeA:ProbeA: START optional SpikeInterface motion correction
[40.9s] jlh62_2026-08-11_15-13-20_ProbeA:ProbeA: using Kilosort4 drift correction
[40.9s] jlh62_2026-08-11_15-13-20_ProbeA:ProbeA: DONE optional SpikeInterface motion correction in 0.0s
[40.9s] jlh62_2026-08-11_15-13-20_ProbeA:ProbeA: START prepare Kilosort4 parameters
[40.9s] jlh62_2026-08-11_15-13-20_ProbeA:ProbeA: Kilosort4 preprocessing: do_CAR=False, do_correction=True, bad_channels=0
[41.2s] jlh62_2026-08-11_15-13-20_ProbeA:ProbeA: DONE prepare Kilosort4 parameters in 0.3s
[41.2s] jlh62_2026-08-11_15-13-20_ProbeA:ProbeA: START run Kilosort4
Skipping common average reference.
kilosort4 run time 954.28s
[50m36s] jlh62_2026-08-11_15-13-20_ProbeA:ProbeA: Kilosort4 units: 132
[50m36s] jlh62_2026-08-11_15-13-20_ProbeA:ProbeA: DONE run Kilosort4 in 49m55s
[50m36s] jlh62_2026-08-11_15-13-20_ProbeA:ProbeA: START compute SortingAnalyzer extensions
[1h27m15s] jlh62_2026-08-11_15-13-20_ProbeA:ProbeA: SortingAnalyzer job kwargs: chunk_duration=1s, n_jobs=8, progress_bar=True; multiprocessing fallback_n_jobs=2
[1h27m15s] jlh62_2026-08-11_15-13-20_ProbeA:ProbeA: compute analyzer extension: random_spikes
[1h27m15s] jlh62_2026-08-11_15-13-20_ProbeA:ProbeA: compute analyzer extension: waveforms
[1h48m15s] jlh62_2026-08-11_15-13-20_ProbeA:ProbeA: compute analyzer extension: templates
[1h48m16s] jlh62_2026-08-11_15-13-20_ProbeA:ProbeA: compute analyzer extension: noise_levels
[1h48m54s] jlh62_2026-08-11_15-13-20_ProbeA:ProbeA: compute analyzer extension: spike_amplitudes
[2h00m38s] jlh62_2026-08-11_15-13-20_ProbeA:ProbeA: compute analyzer extension: unit_locations
[2h00m39s] jlh62_2026-08-11_15-13-20_ProbeA:ProbeA: compute analyzer extension: spike_locations
[2h38m01s] jlh62_2026-08-11_15-13-20_ProbeA:ProbeA: compute analyzer extension: principal_components
[2h58m25s] jlh62_2026-08-11_15-13-20_ProbeA:ProbeA: compute analyzer extension: correlograms
[2h58m26s] jlh62_2026-08-11_15-13-20_ProbeA:ProbeA: compute analyzer extension: isi_histograms
[2h58m26s] jlh62_2026-08-11_15-13-20_ProbeA:ProbeA: compute analyzer extension: quality_metrics
[3h51m33s] jlh62_2026-08-11_15-13-20_ProbeA:ProbeA: compute analyzer extension: template_metrics
[3h51m34s] jlh62_2026-08-11_15-13-20_ProbeA:ProbeA: DONE compute SortingAnalyzer extensions in 3h00m57s
[3h51m34s] jlh62_2026-08-11_15-13-20_ProbeA:ProbeA: START export metrics and static report
[3h51m39s] jlh62_2026-08-11_15-13-20_ProbeA:ProbeA: DONE export metrics and static report in 5.7s
[3h51m39s] jlh62_2026-08-11_15-13-20_ProbeA:ProbeA: START export Phy
[3h51m39s] jlh62_2026-08-11_15-13-20_ProbeA:ProbeA: Phy export will reuse existing analyzer extension: spike_amplitudes
[3h51m39s] jlh62_2026-08-11_15-13-20_ProbeA:ProbeA: Phy export will skip pc_features.npy because qc.phy_compute_pc_features=false
Run:
phy template-gui  C:\Users\jordan\Desktop\mouse_arena_recordings\jlh62_2026-08-11_15-13-20\Record Node 101\experiment1\recording1\continuous\Neuropix-PXI-100.ProbeA\spikeinterface_output\phy\params.py
[3h51m50s] jlh62_2026-08-11_15-13-20_ProbeA:ProbeA: Phy dat_path patched to original recording: C:\Users\jordan\Desktop\mouse_arena_recordings\jlh62_2026-08-11_15-13-20\Record Node 101\experiment1\recording1\continuous\Neuropix-PXI-100.ProbeA\continuous.dat
[3h51m50s] jlh62_2026-08-11_15-13-20_ProbeA:ProbeA: wrote Phy UnitRefine TSVs: cluster_unitrefine_label.tsv, cluster_unitrefine_probability.tsv
[3h51m50s] jlh62_2026-08-11_15-13-20_ProbeA:ProbeA: DONE export Phy in 10.2s
[3h51m50s] jlh62_2026-08-11_15-13-20_ProbeA:ProbeA: START finalize manifest and registry
[3h51m50s] jlh62_2026-08-11_15-13-20_ProbeA:ProbeA: DONE finalize manifest and registry in 0.2s
[3h51m50s] jlh62_2026-08-11_15-13-20_ProbeA:ProbeA: START backup completed outputs
[3h51m50s] jlh62_2026-08-11_15-13-20_ProbeA:ProbeA: generated-output backup disabled
[3h51m50s] jlh62_2026-08-11_15-13-20_ProbeA:ProbeA: full local recording archive disabled
[3h51m50s] jlh62_2026-08-11_15-13-20_ProbeA:ProbeA: DONE backup completed outputs in 0.0s
jlh62_2026-08-11_15-13-20_ProbeA | ProbeA | complete
