[0.0s] bp2_2026-09-14_14-18-56_ProbeA:ProbeA: START verify raw backup
[0.1s] bp2_2026-09-14_14-18-56_ProbeA:ProbeA: raw backup verified: \\denmanlab\s2\mouse_arena_recordings\bp2_2026-09-14_14-18-56
[0.1s] bp2_2026-09-14_14-18-56_ProbeA:ProbeA: DONE verify raw backup in 0.1s
[0.1s] bp2_2026-09-14_14-18-56_ProbeA:ProbeA: START initialize output and registry
[0.2s] bp2_2026-09-14_14-18-56_ProbeA:ProbeA: DONE initialize output and registry in 0.0s
[0.2s] bp2_2026-09-14_14-18-56_ProbeA:ProbeA: START load Open Ephys recording and probe map
[1.6s] bp2_2026-09-14_14-18-56_ProbeA:ProbeA: recording: 384 channels, 2746.9s, 30000.0 Hz
[1.6s] bp2_2026-09-14_14-18-56_ProbeA:ProbeA: DONE load Open Ephys recording and probe map in 1.4s
[1.6s] bp2_2026-09-14_14-18-56_ProbeA:ProbeA: START validate geometry and compute hashes
[1.6s] bp2_2026-09-14_14-18-56_ProbeA:ProbeA: DONE validate geometry and compute hashes in 0.0s
[1.6s] bp2_2026-09-14_14-18-56_ProbeA:ProbeA: START apply Neuropixels phase shift
[1.6s] bp2_2026-09-14_14-18-56_ProbeA:ProbeA: phase_shift applied
[1.6s] bp2_2026-09-14_14-18-56_ProbeA:ProbeA: DONE apply Neuropixels phase shift in 0.0s
[1.6s] bp2_2026-09-14_14-18-56_ProbeA:ProbeA: START apply SpikeInterface CAR and plot traces
[4.0s] bp2_2026-09-14_14-18-56_ProbeA:ProbeA: CAR operator=median; pre/post CAR plot: C:\Users\jordan\Desktop\mouse_arena_recordings\bp2_2026-09-14_14-18-56\Record Node 101\experiment1\recording1\continuous\Neuropix-PXI-100.ProbeA\spikeinterface_output\report\figures\pre_post_car_traces.png
[4.0s] bp2_2026-09-14_14-18-56_ProbeA:ProbeA: DONE apply SpikeInterface CAR and plot traces in 2.4s
[4.0s] bp2_2026-09-14_14-18-56_ProbeA:ProbeA: START apply high-pass filter
[4.0s] bp2_2026-09-14_14-18-56_ProbeA:ProbeA: highpass_filter applied: freq_min=300 Hz
[4.0s] bp2_2026-09-14_14-18-56_ProbeA:ProbeA: DONE apply high-pass filter in 0.0s
[4.0s] bp2_2026-09-14_14-18-56_ProbeA:ProbeA: START detect bad channels
[41.7s] bp2_2026-09-14_14-18-56_ProbeA:ProbeA: bad channels detected: 384; excluded from sorting: 0
[41.7s] bp2_2026-09-14_14-18-56_ProbeA:ProbeA: DONE detect bad channels in 37.7s
[41.7s] bp2_2026-09-14_14-18-56_ProbeA:ProbeA: START optional SpikeInterface motion correction
[41.7s] bp2_2026-09-14_14-18-56_ProbeA:ProbeA: using Kilosort4 drift correction
[41.7s] bp2_2026-09-14_14-18-56_ProbeA:ProbeA: DONE optional SpikeInterface motion correction in 0.0s
[41.7s] bp2_2026-09-14_14-18-56_ProbeA:ProbeA: START prepare Kilosort4 parameters
[41.7s] bp2_2026-09-14_14-18-56_ProbeA:ProbeA: Kilosort4 preprocessing: do_CAR=False, do_correction=True, bad_channels=0
[42.1s] bp2_2026-09-14_14-18-56_ProbeA:ProbeA: DONE prepare Kilosort4 parameters in 0.4s
[42.1s] bp2_2026-09-14_14-18-56_ProbeA:ProbeA: START run Kilosort4
Skipping common average reference.
kilosort4 run time 1264.70s
[1h05m13s] bp2_2026-09-14_14-18-56_ProbeA:ProbeA: Kilosort4 units: 96
[1h05m13s] bp2_2026-09-14_14-18-56_ProbeA:ProbeA: DONE run Kilosort4 in 1h04m31s
[1h05m13s] bp2_2026-09-14_14-18-56_ProbeA:ProbeA: START compute SortingAnalyzer extensions
[1h22m01s] bp2_2026-09-14_14-18-56_ProbeA:ProbeA: SortingAnalyzer job kwargs: chunk_duration=1s, n_jobs=8, progress_bar=True; multiprocessing fallback_n_jobs=2
[1h22m01s] bp2_2026-09-14_14-18-56_ProbeA:ProbeA: compute analyzer extension: random_spikes
[1h22m01s] bp2_2026-09-14_14-18-56_ProbeA:ProbeA: compute analyzer extension: waveforms
[1h36m46s] bp2_2026-09-14_14-18-56_ProbeA:ProbeA: compute analyzer extension: templates
[1h36m46s] bp2_2026-09-14_14-18-56_ProbeA:ProbeA: compute analyzer extension: noise_levels
[1h37m23s] bp2_2026-09-14_14-18-56_ProbeA:ProbeA: compute analyzer extension: spike_amplitudes
[2h26m09s] bp2_2026-09-14_14-18-56_ProbeA:ProbeA: compute analyzer extension: unit_locations
[2h26m11s] bp2_2026-09-14_14-18-56_ProbeA:ProbeA: compute analyzer extension: spike_locations
[3h11m51s] bp2_2026-09-14_14-18-56_ProbeA:ProbeA: compute analyzer extension: principal_components
[3h26m09s] bp2_2026-09-14_14-18-56_ProbeA:ProbeA: compute analyzer extension: correlograms
[3h26m10s] bp2_2026-09-14_14-18-56_ProbeA:ProbeA: compute analyzer extension: isi_histograms
[3h26m10s] bp2_2026-09-14_14-18-56_ProbeA:ProbeA: compute analyzer extension: quality_metrics
[4h03m17s] bp2_2026-09-14_14-18-56_ProbeA:ProbeA: compute analyzer extension: template_metrics
[4h03m17s] bp2_2026-09-14_14-18-56_ProbeA:ProbeA: DONE compute SortingAnalyzer extensions in 2h58m03s
[4h03m17s] bp2_2026-09-14_14-18-56_ProbeA:ProbeA: START export metrics and static report
[4h03m23s] bp2_2026-09-14_14-18-56_ProbeA:ProbeA: DONE export metrics and static report in 5.9s
[4h03m23s] bp2_2026-09-14_14-18-56_ProbeA:ProbeA: START export Phy
[4h03m23s] bp2_2026-09-14_14-18-56_ProbeA:ProbeA: Phy export will reuse existing analyzer extension: spike_amplitudes
[4h03m23s] bp2_2026-09-14_14-18-56_ProbeA:ProbeA: Phy export will skip pc_features.npy because qc.phy_compute_pc_features=false
Run:
phy template-gui  C:\Users\jordan\Desktop\mouse_arena_recordings\bp2_2026-09-14_14-18-56\Record Node 101\experiment1\recording1\continuous\Neuropix-PXI-100.ProbeA\spikeinterface_output\phy\params.py
[4h03m33s] bp2_2026-09-14_14-18-56_ProbeA:ProbeA: Phy dat_path patched to original recording: C:\Users\jordan\Desktop\mouse_arena_recordings\bp2_2026-09-14_14-18-56\Record Node 101\experiment1\recording1\continuous\Neuropix-PXI-100.ProbeA\continuous.dat
[4h03m33s] bp2_2026-09-14_14-18-56_ProbeA:ProbeA: wrote Phy UnitRefine TSVs: cluster_unitrefine_label.tsv, cluster_unitrefine_probability.tsv
[4h03m33s] bp2_2026-09-14_14-18-56_ProbeA:ProbeA: DONE export Phy in 10.1s
[4h03m33s] bp2_2026-09-14_14-18-56_ProbeA:ProbeA: START finalize manifest and registry
[4h03m34s] bp2_2026-09-14_14-18-56_ProbeA:ProbeA: DONE finalize manifest and registry in 0.2s
[4h03m34s] bp2_2026-09-14_14-18-56_ProbeA:ProbeA: START backup completed outputs
[4h03m34s] bp2_2026-09-14_14-18-56_ProbeA:ProbeA: generated-output backup disabled
[4h03m34s] bp2_2026-09-14_14-18-56_ProbeA:ProbeA: full local recording archive disabled
[4h03m34s] bp2_2026-09-14_14-18-56_ProbeA:ProbeA: DONE backup completed outputs in 0.0s
bp2_2026-09-14_14-18-56_ProbeA | ProbeA | complete
