[0.0s] jlh60_2026-08-14_11-46-51_ProbeA:ProbeA: START verify raw backup
[0.0s] jlh60_2026-08-14_11-46-51_ProbeA:ProbeA: raw backup verified: \\denmanlab\s2\mouse_arena_recordings\jlh60_2026-08-14_11-46-51
[0.1s] jlh60_2026-08-14_11-46-51_ProbeA:ProbeA: DONE verify raw backup in 0.1s
[0.1s] jlh60_2026-08-14_11-46-51_ProbeA:ProbeA: START initialize output and registry
[0.2s] jlh60_2026-08-14_11-46-51_ProbeA:ProbeA: DONE initialize output and registry in 0.0s
[0.2s] jlh60_2026-08-14_11-46-51_ProbeA:ProbeA: START load Open Ephys recording and probe map
[1.4s] jlh60_2026-08-14_11-46-51_ProbeA:ProbeA: recording: 384 channels, 1180.5s, 30000.0 Hz
[1.4s] jlh60_2026-08-14_11-46-51_ProbeA:ProbeA: DONE load Open Ephys recording and probe map in 1.2s
[1.4s] jlh60_2026-08-14_11-46-51_ProbeA:ProbeA: START validate geometry and compute hashes
[1.4s] jlh60_2026-08-14_11-46-51_ProbeA:ProbeA: DONE validate geometry and compute hashes in 0.0s
[1.4s] jlh60_2026-08-14_11-46-51_ProbeA:ProbeA: START apply Neuropixels phase shift
[1.4s] jlh60_2026-08-14_11-46-51_ProbeA:ProbeA: phase_shift applied
[1.4s] jlh60_2026-08-14_11-46-51_ProbeA:ProbeA: DONE apply Neuropixels phase shift in 0.0s
[1.4s] jlh60_2026-08-14_11-46-51_ProbeA:ProbeA: START apply SpikeInterface CAR and plot traces
[3.8s] jlh60_2026-08-14_11-46-51_ProbeA:ProbeA: CAR operator=median; pre/post CAR plot: C:\Users\jordan\Desktop\mouse_arena_recordings\jlh60_2026-08-14_11-46-51\Record Node 101\experiment1\recording1\continuous\Neuropix-PXI-100.ProbeA\spikeinterface_output\report\figures\pre_post_car_traces.png
[3.8s] jlh60_2026-08-14_11-46-51_ProbeA:ProbeA: DONE apply SpikeInterface CAR and plot traces in 2.4s
[3.8s] jlh60_2026-08-14_11-46-51_ProbeA:ProbeA: START apply high-pass filter
[3.8s] jlh60_2026-08-14_11-46-51_ProbeA:ProbeA: highpass_filter applied: freq_min=300 Hz
[3.8s] jlh60_2026-08-14_11-46-51_ProbeA:ProbeA: DONE apply high-pass filter in 0.0s
[3.8s] jlh60_2026-08-14_11-46-51_ProbeA:ProbeA: START detect bad channels
[40.8s] jlh60_2026-08-14_11-46-51_ProbeA:ProbeA: bad channels detected: 384; excluded from sorting: 0
[40.8s] jlh60_2026-08-14_11-46-51_ProbeA:ProbeA: DONE detect bad channels in 37.0s
[40.8s] jlh60_2026-08-14_11-46-51_ProbeA:ProbeA: START optional SpikeInterface motion correction
[40.8s] jlh60_2026-08-14_11-46-51_ProbeA:ProbeA: using Kilosort4 drift correction
[40.8s] jlh60_2026-08-14_11-46-51_ProbeA:ProbeA: DONE optional SpikeInterface motion correction in 0.0s
[40.8s] jlh60_2026-08-14_11-46-51_ProbeA:ProbeA: START prepare Kilosort4 parameters
[40.8s] jlh60_2026-08-14_11-46-51_ProbeA:ProbeA: Kilosort4 preprocessing: do_CAR=False, do_correction=True, bad_channels=0
[40.9s] jlh60_2026-08-14_11-46-51_ProbeA:ProbeA: DONE prepare Kilosort4 parameters in 0.1s
[40.9s] jlh60_2026-08-14_11-46-51_ProbeA:ProbeA: START run Kilosort4
Skipping common average reference.
kilosort4 run time 783.07s
[32m22s] jlh60_2026-08-14_11-46-51_ProbeA:ProbeA: Kilosort4 units: 279
[32m22s] jlh60_2026-08-14_11-46-51_ProbeA:ProbeA: DONE run Kilosort4 in 31m41s
[32m22s] jlh60_2026-08-14_11-46-51_ProbeA:ProbeA: START compute SortingAnalyzer extensions
[1h00m29s] jlh60_2026-08-14_11-46-51_ProbeA:ProbeA: SortingAnalyzer job kwargs: chunk_duration=1s, n_jobs=8, progress_bar=True; multiprocessing fallback_n_jobs=2
[1h00m29s] jlh60_2026-08-14_11-46-51_ProbeA:ProbeA: compute analyzer extension: random_spikes
[1h00m29s] jlh60_2026-08-14_11-46-51_ProbeA:ProbeA: compute analyzer extension: waveforms
[1h14m29s] jlh60_2026-08-14_11-46-51_ProbeA:ProbeA: compute analyzer extension: templates
[1h14m31s] jlh60_2026-08-14_11-46-51_ProbeA:ProbeA: compute analyzer extension: noise_levels
[1h15m09s] jlh60_2026-08-14_11-46-51_ProbeA:ProbeA: compute analyzer extension: spike_amplitudes
[1h22m02s] jlh60_2026-08-14_11-46-51_ProbeA:ProbeA: compute analyzer extension: unit_locations
[1h22m05s] jlh60_2026-08-14_11-46-51_ProbeA:ProbeA: compute analyzer extension: spike_locations
[1h43m30s] jlh60_2026-08-14_11-46-51_ProbeA:ProbeA: compute analyzer extension: principal_components
[2h26m52s] jlh60_2026-08-14_11-46-51_ProbeA:ProbeA: compute analyzer extension: correlograms
[2h26m59s] jlh60_2026-08-14_11-46-51_ProbeA:ProbeA: compute analyzer extension: isi_histograms
[2h27m00s] jlh60_2026-08-14_11-46-51_ProbeA:ProbeA: compute analyzer extension: quality_metrics
[4h39m40s] jlh60_2026-08-14_11-46-51_ProbeA:ProbeA: compute analyzer extension: template_metrics
[4h39m42s] jlh60_2026-08-14_11-46-51_ProbeA:ProbeA: DONE compute SortingAnalyzer extensions in 4h07m20s
[4h39m42s] jlh60_2026-08-14_11-46-51_ProbeA:ProbeA: START export metrics and static report
[4h39m51s] jlh60_2026-08-14_11-46-51_ProbeA:ProbeA: DONE export metrics and static report in 8.2s
[4h39m51s] jlh60_2026-08-14_11-46-51_ProbeA:ProbeA: START export Phy
[4h39m51s] jlh60_2026-08-14_11-46-51_ProbeA:ProbeA: Phy export will reuse existing analyzer extension: spike_amplitudes
[4h39m51s] jlh60_2026-08-14_11-46-51_ProbeA:ProbeA: Phy export will skip pc_features.npy because qc.phy_compute_pc_features=false
Run:
phy template-gui  C:\Users\jordan\Desktop\mouse_arena_recordings\jlh60_2026-08-14_11-46-51\Record Node 101\experiment1\recording1\continuous\Neuropix-PXI-100.ProbeA\spikeinterface_output\phy\params.py
[4h40m02s] jlh60_2026-08-14_11-46-51_ProbeA:ProbeA: Phy dat_path patched to original recording: C:\Users\jordan\Desktop\mouse_arena_recordings\jlh60_2026-08-14_11-46-51\Record Node 101\experiment1\recording1\continuous\Neuropix-PXI-100.ProbeA\continuous.dat
[4h40m02s] jlh60_2026-08-14_11-46-51_ProbeA:ProbeA: wrote Phy UnitRefine TSVs: cluster_unitrefine_label.tsv, cluster_unitrefine_probability.tsv
[4h40m02s] jlh60_2026-08-14_11-46-51_ProbeA:ProbeA: DONE export Phy in 11.3s
[4h40m02s] jlh60_2026-08-14_11-46-51_ProbeA:ProbeA: START finalize manifest and registry
[4h40m02s] jlh60_2026-08-14_11-46-51_ProbeA:ProbeA: DONE finalize manifest and registry in 0.1s
[4h40m02s] jlh60_2026-08-14_11-46-51_ProbeA:ProbeA: START backup completed outputs
[4h40m02s] jlh60_2026-08-14_11-46-51_ProbeA:ProbeA: generated-output backup disabled
[4h40m02s] jlh60_2026-08-14_11-46-51_ProbeA:ProbeA: full local recording archive disabled
[4h40m02s] jlh60_2026-08-14_11-46-51_ProbeA:ProbeA: DONE backup completed outputs in 0.0s
jlh60_2026-08-14_11-46-51_ProbeA | ProbeA | complete
