[0.0s] jlh60_2026-07-22_10-45-26_ProbeA:ProbeA: START verify raw backup
[0.0s] jlh60_2026-07-22_10-45-26_ProbeA:ProbeA: raw backup verified: \\denmanlab\s2\mouse_arena_recordings\jlh60_2026-07-22_10-45-26
[0.1s] jlh60_2026-07-22_10-45-26_ProbeA:ProbeA: DONE verify raw backup in 0.1s
[0.1s] jlh60_2026-07-22_10-45-26_ProbeA:ProbeA: START initialize output and registry
[0.1s] jlh60_2026-07-22_10-45-26_ProbeA:ProbeA: DONE initialize output and registry in 0.0s
[0.1s] jlh60_2026-07-22_10-45-26_ProbeA:ProbeA: START load Open Ephys recording and probe map
[1.2s] jlh60_2026-07-22_10-45-26_ProbeA:ProbeA: recording: 384 channels, 1889.7s, 30000.0 Hz
[1.2s] jlh60_2026-07-22_10-45-26_ProbeA:ProbeA: DONE load Open Ephys recording and probe map in 1.1s
[1.2s] jlh60_2026-07-22_10-45-26_ProbeA:ProbeA: START validate geometry and compute hashes
[1.2s] jlh60_2026-07-22_10-45-26_ProbeA:ProbeA: DONE validate geometry and compute hashes in 0.0s
[1.2s] jlh60_2026-07-22_10-45-26_ProbeA:ProbeA: START apply Neuropixels phase shift
[1.2s] jlh60_2026-07-22_10-45-26_ProbeA:ProbeA: phase_shift applied
[1.2s] jlh60_2026-07-22_10-45-26_ProbeA:ProbeA: DONE apply Neuropixels phase shift in 0.0s
[1.2s] jlh60_2026-07-22_10-45-26_ProbeA:ProbeA: START apply SpikeInterface CAR and plot traces
[3.6s] jlh60_2026-07-22_10-45-26_ProbeA:ProbeA: CAR operator=median; pre/post CAR plot: C:\Users\jordan\Desktop\mouse_arena_recordings\jlh60_2026-07-22_10-45-26\Record Node 101\experiment1\recording1\continuous\Neuropix-PXI-100.ProbeA\spikeinterface_output\report\figures\pre_post_car_traces.png
[3.6s] jlh60_2026-07-22_10-45-26_ProbeA:ProbeA: DONE apply SpikeInterface CAR and plot traces in 2.4s
[3.6s] jlh60_2026-07-22_10-45-26_ProbeA:ProbeA: START apply high-pass filter
[3.6s] jlh60_2026-07-22_10-45-26_ProbeA:ProbeA: highpass_filter applied: freq_min=300 Hz
[3.6s] jlh60_2026-07-22_10-45-26_ProbeA:ProbeA: DONE apply high-pass filter in 0.0s
[3.6s] jlh60_2026-07-22_10-45-26_ProbeA:ProbeA: START detect bad channels
[41.4s] jlh60_2026-07-22_10-45-26_ProbeA:ProbeA: bad channels detected: 384; excluded from sorting: 0
[41.4s] jlh60_2026-07-22_10-45-26_ProbeA:ProbeA: DONE detect bad channels in 37.8s
[41.4s] jlh60_2026-07-22_10-45-26_ProbeA:ProbeA: START optional SpikeInterface motion correction
[41.4s] jlh60_2026-07-22_10-45-26_ProbeA:ProbeA: using Kilosort4 drift correction
[41.4s] jlh60_2026-07-22_10-45-26_ProbeA:ProbeA: DONE optional SpikeInterface motion correction in 0.0s
[41.4s] jlh60_2026-07-22_10-45-26_ProbeA:ProbeA: START prepare Kilosort4 parameters
[41.4s] jlh60_2026-07-22_10-45-26_ProbeA:ProbeA: Kilosort4 preprocessing: do_CAR=False, do_correction=True, bad_channels=0
[41.7s] jlh60_2026-07-22_10-45-26_ProbeA:ProbeA: DONE prepare Kilosort4 parameters in 0.2s
[41.7s] jlh60_2026-07-22_10-45-26_ProbeA:ProbeA: START run Kilosort4
Skipping common average reference.
kilosort4 run time 999.82s
[47m35s] jlh60_2026-07-22_10-45-26_ProbeA:ProbeA: Kilosort4 units: 256
[47m35s] jlh60_2026-07-22_10-45-26_ProbeA:ProbeA: DONE run Kilosort4 in 46m53s
[47m35s] jlh60_2026-07-22_10-45-26_ProbeA:ProbeA: START compute SortingAnalyzer extensions
[1h32m04s] jlh60_2026-07-22_10-45-26_ProbeA:ProbeA: SortingAnalyzer job kwargs: chunk_duration=1s, n_jobs=8, progress_bar=True; multiprocessing fallback_n_jobs=2
[1h32m04s] jlh60_2026-07-22_10-45-26_ProbeA:ProbeA: compute analyzer extension: random_spikes
[1h32m04s] jlh60_2026-07-22_10-45-26_ProbeA:ProbeA: compute analyzer extension: waveforms
[1h54m50s] jlh60_2026-07-22_10-45-26_ProbeA:ProbeA: compute analyzer extension: templates
[1h54m51s] jlh60_2026-07-22_10-45-26_ProbeA:ProbeA: compute analyzer extension: noise_levels
[1h55m37s] jlh60_2026-07-22_10-45-26_ProbeA:ProbeA: compute analyzer extension: spike_amplitudes
[2h32m27s] jlh60_2026-07-22_10-45-26_ProbeA:ProbeA: compute analyzer extension: unit_locations
[2h32m29s] jlh60_2026-07-22_10-45-26_ProbeA:ProbeA: compute analyzer extension: spike_locations
[3h09m00s] jlh60_2026-07-22_10-45-26_ProbeA:ProbeA: compute analyzer extension: principal_components
[3h54m42s] jlh60_2026-07-22_10-45-26_ProbeA:ProbeA: compute analyzer extension: correlograms
[3h54m45s] jlh60_2026-07-22_10-45-26_ProbeA:ProbeA: compute analyzer extension: isi_histograms
[3h54m45s] jlh60_2026-07-22_10-45-26_ProbeA:ProbeA: compute analyzer extension: quality_metrics
[5h47m39s] jlh60_2026-07-22_10-45-26_ProbeA:ProbeA: compute analyzer extension: template_metrics
[5h47m41s] jlh60_2026-07-22_10-45-26_ProbeA:ProbeA: DONE compute SortingAnalyzer extensions in 5h00m06s
[5h47m41s] jlh60_2026-07-22_10-45-26_ProbeA:ProbeA: START export metrics and static report
[5h47m49s] jlh60_2026-07-22_10-45-26_ProbeA:ProbeA: DONE export metrics and static report in 7.4s
[5h47m49s] jlh60_2026-07-22_10-45-26_ProbeA:ProbeA: START export Phy
[5h47m49s] jlh60_2026-07-22_10-45-26_ProbeA:ProbeA: Phy export will reuse existing analyzer extension: spike_amplitudes
[5h47m49s] jlh60_2026-07-22_10-45-26_ProbeA:ProbeA: Phy export will skip pc_features.npy because qc.phy_compute_pc_features=false
Run:
phy template-gui  C:\Users\jordan\Desktop\mouse_arena_recordings\jlh60_2026-07-22_10-45-26\Record Node 101\experiment1\recording1\continuous\Neuropix-PXI-100.ProbeA\spikeinterface_output\phy\params.py
[5h48m00s] jlh60_2026-07-22_10-45-26_ProbeA:ProbeA: Phy dat_path patched to original recording: C:\Users\jordan\Desktop\mouse_arena_recordings\jlh60_2026-07-22_10-45-26\Record Node 101\experiment1\recording1\continuous\Neuropix-PXI-100.ProbeA\continuous.dat
[5h48m00s] jlh60_2026-07-22_10-45-26_ProbeA:ProbeA: wrote Phy UnitRefine TSVs: cluster_unitrefine_label.tsv, cluster_unitrefine_probability.tsv
[5h48m00s] jlh60_2026-07-22_10-45-26_ProbeA:ProbeA: DONE export Phy in 11.1s
[5h48m00s] jlh60_2026-07-22_10-45-26_ProbeA:ProbeA: START finalize manifest and registry
[5h48m00s] jlh60_2026-07-22_10-45-26_ProbeA:ProbeA: DONE finalize manifest and registry in 0.2s
[5h48m00s] jlh60_2026-07-22_10-45-26_ProbeA:ProbeA: START backup completed outputs
[5h48m00s] jlh60_2026-07-22_10-45-26_ProbeA:ProbeA: generated-output backup disabled
[5h48m00s] jlh60_2026-07-22_10-45-26_ProbeA:ProbeA: full local recording archive disabled
[5h48m00s] jlh60_2026-07-22_10-45-26_ProbeA:ProbeA: DONE backup completed outputs in 0.0s
jlh60_2026-07-22_10-45-26_ProbeA | ProbeA | complete
